<?xml version="1.0" encoding="UTF-8"?>
<TestRun id="bfef6a4d-ff45-4449-bfd1-34a8a9bf7c1a" name="Devlin@HOMESERVER 2012-06-26 15:24:53" runUser="HomeServer\Devlin" xmlns="http://microsoft.com/schemas/VisualStudio/TeamTest/2010">
  <TestSettings name="Local" id="6062ef42-e538-4b74-b653-f93f6850fe53">
    <Description>These are default test settings for a local test run.</Description>
    <Deployment enabled="false" runDeploymentRoot="Devlin_HOMESERVER 2012-06-26 15_24_53">
      <DeploymentItem filename="E:\Code\Fun\FEEF\FrameworkExtensions\FrameworkExtension\packages\RhinoMocks.3.6.1\lib\net\Rhino.Mocks.dll" />
      <DeploymentItem filename="E:\Code\Fun\FEEF\FrameworkExtensions\FrameworkExtension\FrameworkExtension.Core\bin\Debug\FrameworkExtension.Core.dll" />
      <DeploymentItem filename="E:\Code\Fun\FEEF\FrameworkExtensions\FrameworkExtension\packages\Castle.Windsor.3.0.0.4001\lib\net40\Castle.Windsor.dll" />
      <DeploymentItem filename="E:\Code\Fun\FEEF\FrameworkExtensions\FrameworkExtension\MSTest.AssertionHelpers\bin\Debug\MSTest.AssertionHelpers.dll" />
      <DeploymentItem filename="E:\Code\Fun\FEEF\FrameworkExtensions\FrameworkExtension\packages\EntityFramework.4.3.1\lib\net40\EntityFramework.dll" />
      <DeploymentItem filename="E:\Code\Fun\FEEF\FrameworkExtensions\FrameworkExtension\packages\CommonServiceLocator.1.0\lib\NET35\Microsoft.Practices.ServiceLocation.dll" />
      <DeploymentItem filename="E:\Code\Fun\FEEF\FrameworkExtensions\FrameworkExtension\packages\CommonServiceLocator.WindsorAdapter.1.0\lib\NET35\CommonServiceLocator.WindsorAdapter.dll" />
      <DeploymentItem filename="E:\Code\Fun\FEEF\FrameworkExtensions\FrameworkExtension\packages\Castle.Core.3.0.0.4001\lib\net40-client\Castle.Core.dll" />
    </Deployment>
    <Execution>
      <TestTypeSpecific />
      <AgentRule name="Execution Agents">
      </AgentRule>
    </Execution>
  </TestSettings>
  <Times creation="2012-06-26T15:24:53.8525507-05:00" queuing="2012-06-26T15:24:55.8866671-05:00" start="2012-06-26T15:24:55.9876729-05:00" finish="2012-06-26T15:25:01.5889932-05:00" />
  <ResultSummary outcome="Failed">
    <Counters total="20" executed="20" passed="19" error="0" failed="1" timeout="0" aborted="0" inconclusive="0" passedButRunAborted="0" notRunnable="0" notExecuted="0" disconnected="0" warning="0" completed="0" inProgress="0" pending="0" />
  </ResultSummary>
  <TestDefinitions>
    <UnitTest name="When_Commit_Is_Called_PreSave_and_post_save_interceptors_are_Called" storage="e:\code\fun\feef\frameworkextensions\frameworkextension\frameworkextension.core.test\bin\debug\frameworkextension.core.test.dll" id="60836c9c-c82c-082f-3cae-9046336b87eb">
      <Execution id="825bab87-d95e-4f2a-b4d8-f21a89772c8a" />
      <TestMethod codeBase="E:/Code/Fun/FEEF/FrameworkExtensions/FrameworkExtension/FrameworkExtension.Core.Test/bin/Debug/FrameworkExtension.Core.Test.DLL" adapterTypeName="Microsoft.VisualStudio.TestTools.TestTypes.Unit.UnitTestAdapter, Microsoft.VisualStudio.QualityTools.Tips.UnitTest.Adapter, Version=10.0.0.0, Culture=neutral, PublicKeyToken=b03f5f7f11d50a3a" className="FrameworkExtension.Core.Test.EntityFramework.UnitTests.Given_An_Event_Extendable_Context, FrameworkExtension.Core.Test, Version=1.0.0.0, Culture=neutral, PublicKeyToken=null" name="When_Commit_Is_Called_PreSave_and_post_save_interceptors_are_Called" />
    </UnitTest>
    <UnitTest name="When_Executed_Returns_A_Single_Value" storage="e:\code\fun\feef\frameworkextensions\frameworkextension\frameworkextension.core.test\bin\debug\frameworkextension.core.test.dll" id="e11943d0-4863-ac56-a610-dc9d604db1e9">
      <Execution id="6a4a40be-771b-49de-be30-974ab11d6168" />
      <TestMethod codeBase="E:/Code/Fun/FEEF/FrameworkExtensions/FrameworkExtension/FrameworkExtension.Core.Test/bin/Debug/FrameworkExtension.Core.Test.DLL" adapterTypeName="Microsoft.VisualStudio.TestTools.TestTypes.Unit.UnitTestAdapter, Microsoft.VisualStudio.QualityTools.Tips.UnitTest.Adapter, Version=10.0.0.0, Culture=neutral, PublicKeyToken=b03f5f7f11d50a3a" className="FrameworkExtension.Core.Test.EntityFramework.UnitTests.Given_A_Scalar_Object, FrameworkExtension.Core.Test, Version=1.0.0.0, Culture=neutral, PublicKeyToken=null" name="When_Executed_Returns_A_Single_Value" />
    </UnitTest>
    <UnitTest name="When_Executed_Returns_An_IEnumerable_Of_Items" storage="e:\code\fun\feef\frameworkextensions\frameworkextension\frameworkextension.core.test\bin\debug\frameworkextension.core.test.dll" id="bcef8369-e082-2f66-dea4-37721e12332f">
      <Execution id="7ba05c2d-5a34-4634-a1ac-2e440ac88201" />
      <TestMethod codeBase="E:/Code/Fun/FEEF/FrameworkExtensions/FrameworkExtension/FrameworkExtension.Core.Test/bin/Debug/FrameworkExtension.Core.Test.DLL" adapterTypeName="Microsoft.VisualStudio.TestTools.TestTypes.Unit.UnitTestAdapter, Microsoft.VisualStudio.QualityTools.Tips.UnitTest.Adapter, Version=10.0.0.0, Culture=neutral, PublicKeyToken=b03f5f7f11d50a3a" className="FrameworkExtension.Core.Test.EntityFramework.UnitTests.Given_A_Query_Object, FrameworkExtension.Core.Test, Version=1.0.0.0, Culture=neutral, PublicKeyToken=null" name="When_Executed_Returns_An_IEnumerable_Of_Items" />
    </UnitTest>
    <UnitTest name="When_Each_Is_Called_Action_Gets_invoked_for_every_item" storage="e:\code\fun\feef\frameworkextensions\frameworkextension\frameworkextension.core.test\bin\debug\frameworkextension.core.test.dll" id="bef76458-e84b-01cc-9181-5ad323c1bf2c">
      <Execution id="bb90b65a-b69f-4d2b-b8af-88b8ed9d48eb" />
      <TestMethod codeBase="E:/Code/Fun/FEEF/FrameworkExtensions/FrameworkExtension/FrameworkExtension.Core.Test/bin/Debug/FrameworkExtension.Core.Test.DLL" adapterTypeName="Microsoft.VisualStudio.TestTools.TestTypes.Unit.UnitTestAdapter, Microsoft.VisualStudio.QualityTools.Tips.UnitTest.Adapter, Version=10.0.0.0, Culture=neutral, PublicKeyToken=b03f5f7f11d50a3a" className="FrameworkExtension.Core.Test.EntityFramework.UnitTests.Given_A_Collection_Of_T, FrameworkExtension.Core.Test, Version=1.0.0.0, Culture=neutral, PublicKeyToken=null" name="When_Each_Is_Called_Action_Gets_invoked_for_every_item" />
    </UnitTest>
    <UnitTest name="Should_Execute_Scalar_Objects_That_Return_Objects" storage="e:\code\fun\feef\frameworkextensions\frameworkextension\frameworkextension.core.test\bin\debug\frameworkextension.core.test.dll" id="7b3dd0f4-782d-5cc7-cff4-38cecd29115e">
      <Execution id="a51dd6a2-d19c-40ad-a777-2442f67d94a8" />
      <TestMethod codeBase="E:/Code/Fun/FEEF/FrameworkExtensions/FrameworkExtension/FrameworkExtension.Core.Test/bin/Debug/FrameworkExtension.Core.Test.DLL" adapterTypeName="Microsoft.VisualStudio.TestTools.TestTypes.Unit.UnitTestAdapter, Microsoft.VisualStudio.QualityTools.Tips.UnitTest.Adapter, Version=10.0.0.0, Culture=neutral, PublicKeyToken=b03f5f7f11d50a3a" className="FrameworkExtension.Core.Test.EntityFramework.UnitTests.Given_A_Generic_Repository, FrameworkExtension.Core.Test, Version=1.0.0.0, Culture=neutral, PublicKeyToken=null" name="Should_Execute_Scalar_Objects_That_Return_Objects" />
    </UnitTest>
    <UnitTest name="When_Remove_Is_Called_The_Object_Is_Added_To_The_ChangeTracker_In_A_Deleted_State" storage="e:\code\fun\feef\frameworkextensions\frameworkextension\frameworkextension.core.test\bin\debug\frameworkextension.core.test.dll" id="4c4a99cf-2aed-4aee-ca3a-7604510b8de6">
      <TestCategory>
        <TestCategoryItem TestCategory="Database" />
      </TestCategory>
      <Execution id="1cd42665-dda2-40e1-b6c4-d95b61ab195e" />
      <TestMethod codeBase="E:/Code/Fun/FEEF/FrameworkExtensions/FrameworkExtension/FrameworkExtension.Core.Test/bin/Debug/FrameworkExtension.Core.Test.DLL" adapterTypeName="Microsoft.VisualStudio.TestTools.TestTypes.Unit.UnitTestAdapter, Microsoft.VisualStudio.QualityTools.Tips.UnitTest.Adapter, Version=10.0.0.0, Culture=neutral, PublicKeyToken=b03f5f7f11d50a3a" className="FrameworkExtension.Core.Test.EntityFramework.IntegrationTests.Given_A_EF_Context, FrameworkExtension.Core.Test, Version=1.0.0.0, Culture=neutral, PublicKeyToken=null" name="When_Remove_Is_Called_The_Object_Is_Added_To_The_ChangeTracker_In_A_Deleted_State" />
    </UnitTest>
    <UnitTest name="When_Calling_Output_Sql_with_Context_It_Outputs_SQL" storage="e:\code\fun\feef\frameworkextensions\frameworkextension\frameworkextension.core.test\bin\debug\frameworkextension.core.test.dll" id="ecdcbebd-92e4-8e2f-1835-8457d0af5aae">
      <Execution id="399299b8-9410-4abb-9de2-d69647159f27" />
      <TestMethod codeBase="E:/Code/Fun/FEEF/FrameworkExtensions/FrameworkExtension/FrameworkExtension.Core.Test/bin/Debug/FrameworkExtension.Core.Test.DLL" adapterTypeName="Microsoft.VisualStudio.TestTools.TestTypes.Unit.UnitTestAdapter, Microsoft.VisualStudio.QualityTools.Tips.UnitTest.Adapter, Version=10.0.0.0, Culture=neutral, PublicKeyToken=b03f5f7f11d50a3a" className="FrameworkExtension.Core.Test.EntityFramework.UnitTests.Given_A_Query_Object, FrameworkExtension.Core.Test, Version=1.0.0.0, Culture=neutral, PublicKeyToken=null" name="When_Calling_Output_Sql_with_Context_It_Outputs_SQL" />
    </UnitTest>
    <UnitTest name="Should_Execute_Scalar_Objects_That_Return_Values" storage="e:\code\fun\feef\frameworkextensions\frameworkextension\frameworkextension.core.test\bin\debug\frameworkextension.core.test.dll" id="43618009-67bd-3679-c879-0a49564878b8">
      <Execution id="c76478bc-8bbe-4584-88a5-8607bd257b61" />
      <TestMethod codeBase="E:/Code/Fun/FEEF/FrameworkExtensions/FrameworkExtension/FrameworkExtension.Core.Test/bin/Debug/FrameworkExtension.Core.Test.DLL" adapterTypeName="Microsoft.VisualStudio.TestTools.TestTypes.Unit.UnitTestAdapter, Microsoft.VisualStudio.QualityTools.Tips.UnitTest.Adapter, Version=10.0.0.0, Culture=neutral, PublicKeyToken=b03f5f7f11d50a3a" className="FrameworkExtension.Core.Test.EntityFramework.UnitTests.Given_A_Generic_Repository, FrameworkExtension.Core.Test, Version=1.0.0.0, Culture=neutral, PublicKeyToken=null" name="Should_Execute_Scalar_Objects_That_Return_Values" />
    </UnitTest>
    <UnitTest name="Should_Execute_Query_Objects" storage="e:\code\fun\feef\frameworkextensions\frameworkextension\frameworkextension.core.test\bin\debug\frameworkextension.core.test.dll" id="d524fd53-e519-e972-a1a0-61e685bec780">
      <Execution id="2f1aa323-1814-4ec1-9cbc-2db6befcf5db" />
      <TestMethod codeBase="E:/Code/Fun/FEEF/FrameworkExtensions/FrameworkExtension/FrameworkExtension.Core.Test/bin/Debug/FrameworkExtension.Core.Test.DLL" adapterTypeName="Microsoft.VisualStudio.TestTools.TestTypes.Unit.UnitTestAdapter, Microsoft.VisualStudio.QualityTools.Tips.UnitTest.Adapter, Version=10.0.0.0, Culture=neutral, PublicKeyToken=b03f5f7f11d50a3a" className="FrameworkExtension.Core.Test.EntityFramework.UnitTests.Given_A_Generic_Repository, FrameworkExtension.Core.Test, Version=1.0.0.0, Culture=neutral, PublicKeyToken=null" name="Should_Execute_Query_Objects" />
    </UnitTest>
    <UnitTest name="When_Passing_To_A_Repository_Query_Object_Then_It_Executes_Against_Context" storage="e:\code\fun\feef\frameworkextensions\frameworkextension\frameworkextension.core.test\bin\debug\frameworkextension.core.test.dll" id="1d2de753-7439-f0c1-af23-1a4be928eeee">
      <Execution id="42f581cf-f3a2-43a9-ad31-7b3a9494174f" />
      <TestMethod codeBase="E:/Code/Fun/FEEF/FrameworkExtensions/FrameworkExtension/FrameworkExtension.Core.Test/bin/Debug/FrameworkExtension.Core.Test.DLL" adapterTypeName="Microsoft.VisualStudio.TestTools.TestTypes.Unit.UnitTestAdapter, Microsoft.VisualStudio.QualityTools.Tips.UnitTest.Adapter, Version=10.0.0.0, Culture=neutral, PublicKeyToken=b03f5f7f11d50a3a" className="FrameworkExtension.Core.Test.EntityFramework.UnitTests.Given_A_Query_Object, FrameworkExtension.Core.Test, Version=1.0.0.0, Culture=neutral, PublicKeyToken=null" name="When_Passing_To_A_Repository_Query_Object_Then_It_Executes_Against_Context" />
    </UnitTest>
    <UnitTest name="Should_Execute_Commands_Against_Context" storage="e:\code\fun\feef\frameworkextensions\frameworkextension\frameworkextension.core.test\bin\debug\frameworkextension.core.test.dll" id="64a420aa-a3e3-b661-930a-e85cefacafdd">
      <Execution id="f0a631d9-51ab-491c-bf27-b346769b7280" />
      <TestMethod codeBase="E:/Code/Fun/FEEF/FrameworkExtensions/FrameworkExtension/FrameworkExtension.Core.Test/bin/Debug/FrameworkExtension.Core.Test.DLL" adapterTypeName="Microsoft.VisualStudio.TestTools.TestTypes.Unit.UnitTestAdapter, Microsoft.VisualStudio.QualityTools.Tips.UnitTest.Adapter, Version=10.0.0.0, Culture=neutral, PublicKeyToken=b03f5f7f11d50a3a" className="FrameworkExtension.Core.Test.EntityFramework.UnitTests.Given_A_Generic_Repository, FrameworkExtension.Core.Test, Version=1.0.0.0, Culture=neutral, PublicKeyToken=null" name="Should_Execute_Commands_Against_Context" />
    </UnitTest>
    <UnitTest name="When_Detach_Is_Called_The_Object_Is_Added_To_The_ChangeTracker_In_A_Detached_State" storage="e:\code\fun\feef\frameworkextensions\frameworkextension\frameworkextension.core.test\bin\debug\frameworkextension.core.test.dll" id="6dc80602-b0da-da99-3e41-a49a76213a9f">
      <TestCategory>
        <TestCategoryItem TestCategory="Database" />
      </TestCategory>
      <Execution id="2695cebd-4708-4c5d-8ec9-49f67970d23b" />
      <TestMethod codeBase="E:/Code/Fun/FEEF/FrameworkExtensions/FrameworkExtension/FrameworkExtension.Core.Test/bin/Debug/FrameworkExtension.Core.Test.DLL" adapterTypeName="Microsoft.VisualStudio.TestTools.TestTypes.Unit.UnitTestAdapter, Microsoft.VisualStudio.QualityTools.Tips.UnitTest.Adapter, Version=10.0.0.0, Culture=neutral, PublicKeyToken=b03f5f7f11d50a3a" className="FrameworkExtension.Core.Test.EntityFramework.IntegrationTests.Given_A_EF_Context, FrameworkExtension.Core.Test, Version=1.0.0.0, Culture=neutral, PublicKeyToken=null" name="When_Detach_Is_Called_The_Object_Is_Added_To_The_ChangeTracker_In_A_Detached_State" />
    </UnitTest>
    <UnitTest name="When_Add_Is_Called_The_Object_Is_Added_To_The_ChangeTracker_In_An_Added_State" storage="e:\code\fun\feef\frameworkextensions\frameworkextension\frameworkextension.core.test\bin\debug\frameworkextension.core.test.dll" id="4290956b-25e9-b527-3d9b-a7e3becf5925">
      <TestCategory>
        <TestCategoryItem TestCategory="Database" />
      </TestCategory>
      <Execution id="0679c2e7-659e-446d-8f6f-150191afaaa8" />
      <TestMethod codeBase="E:/Code/Fun/FEEF/FrameworkExtensions/FrameworkExtension/FrameworkExtension.Core.Test/bin/Debug/FrameworkExtension.Core.Test.DLL" adapterTypeName="Microsoft.VisualStudio.TestTools.TestTypes.Unit.UnitTestAdapter, Microsoft.VisualStudio.QualityTools.Tips.UnitTest.Adapter, Version=10.0.0.0, Culture=neutral, PublicKeyToken=b03f5f7f11d50a3a" className="FrameworkExtension.Core.Test.EntityFramework.IntegrationTests.Given_A_EF_Context, FrameworkExtension.Core.Test, Version=1.0.0.0, Culture=neutral, PublicKeyToken=null" name="When_Add_Is_Called_The_Object_Is_Added_To_The_ChangeTracker_In_An_Added_State" />
    </UnitTest>
    <UnitTest name="When_Given_A_Contructor_It_Should_Support_Dependency_Injection" storage="e:\code\fun\feef\frameworkextensions\frameworkextension\frameworkextension.core.test\bin\debug\frameworkextension.core.test.dll" id="4e1ef91c-b76b-4220-5b6d-95918d747c59">
      <Execution id="70c138d0-031d-4f57-9581-84e7a48668ed" />
      <TestMethod codeBase="E:/Code/Fun/FEEF/FrameworkExtensions/FrameworkExtension/FrameworkExtension.Core.Test/bin/Debug/FrameworkExtension.Core.Test.DLL" adapterTypeName="Microsoft.VisualStudio.TestTools.TestTypes.Unit.UnitTestAdapter, Microsoft.VisualStudio.QualityTools.Tips.UnitTest.Adapter, Version=10.0.0.0, Culture=neutral, PublicKeyToken=b03f5f7f11d50a3a" className="FrameworkExtension.Core.Test.EntityFramework.UnitTests.Given_A_Generic_Repository, FrameworkExtension.Core.Test, Version=1.0.0.0, Culture=neutral, PublicKeyToken=null" name="When_Given_A_Contructor_It_Should_Support_Dependency_Injection" />
    </UnitTest>
    <UnitTest name="When_Calling_Output_Sql_with_Context_It_Outputs_SQL" storage="e:\code\fun\feef\frameworkextensions\frameworkextension\frameworkextension.core.test\bin\debug\frameworkextension.core.test.dll" id="0f9952c1-147a-cf54-63c4-9113ed16c048">
      <Execution id="15a1b186-d49b-4d2a-9eee-b6dbc123dec8" />
      <TestMethod codeBase="E:/Code/Fun/FEEF/FrameworkExtensions/FrameworkExtension/FrameworkExtension.Core.Test/bin/Debug/FrameworkExtension.Core.Test.DLL" adapterTypeName="Microsoft.VisualStudio.TestTools.TestTypes.Unit.UnitTestAdapter, Microsoft.VisualStudio.QualityTools.Tips.UnitTest.Adapter, Version=10.0.0.0, Culture=neutral, PublicKeyToken=b03f5f7f11d50a3a" className="FrameworkExtension.Core.Test.EntityFramework.UnitTests.Given_A_Scalar_Object, FrameworkExtension.Core.Test, Version=1.0.0.0, Culture=neutral, PublicKeyToken=null" name="When_Calling_Output_Sql_with_Context_It_Outputs_SQL" />
    </UnitTest>
    <UnitTest name="When_Passing_To_A_Repository_Scalar_Object_Then_It_Executes_Against_Context" storage="e:\code\fun\feef\frameworkextensions\frameworkextension\frameworkextension.core.test\bin\debug\frameworkextension.core.test.dll" id="54dad73b-0f2a-e865-d02d-4e5565e2569e">
      <Execution id="bcef8263-62ed-4dbb-83bd-ae0511a7cd4b" />
      <TestMethod codeBase="E:/Code/Fun/FEEF/FrameworkExtensions/FrameworkExtension/FrameworkExtension.Core.Test/bin/Debug/FrameworkExtension.Core.Test.DLL" adapterTypeName="Microsoft.VisualStudio.TestTools.TestTypes.Unit.UnitTestAdapter, Microsoft.VisualStudio.QualityTools.Tips.UnitTest.Adapter, Version=10.0.0.0, Culture=neutral, PublicKeyToken=b03f5f7f11d50a3a" className="FrameworkExtension.Core.Test.EntityFramework.UnitTests.Given_A_Scalar_Object, FrameworkExtension.Core.Test, Version=1.0.0.0, Culture=neutral, PublicKeyToken=null" name="When_Passing_To_A_Repository_Scalar_Object_Then_It_Executes_Against_Context" />
    </UnitTest>
    <UnitTest name="Mappings_Can_Be_Injected_instead_of_explicitly_coded_in_the_context" storage="e:\code\fun\feef\frameworkextensions\frameworkextension\frameworkextension.core.test\bin\debug\frameworkextension.core.test.dll" id="057067ea-b42e-7a4e-72b5-b2ac71f615b9">
      <Execution id="2e4c6ff1-9af5-4277-8142-a25f0e7b27ab" />
      <TestMethod codeBase="E:/Code/Fun/FEEF/FrameworkExtensions/FrameworkExtension/FrameworkExtension.Core.Test/bin/Debug/FrameworkExtension.Core.Test.DLL" adapterTypeName="Microsoft.VisualStudio.TestTools.TestTypes.Unit.UnitTestAdapter, Microsoft.VisualStudio.QualityTools.Tips.UnitTest.Adapter, Version=10.0.0.0, Culture=neutral, PublicKeyToken=b03f5f7f11d50a3a" className="FrameworkExtension.Core.Test.EntityFramework.UnitTests.Given_A_Context_Without_Mappings, FrameworkExtension.Core.Test, Version=1.0.0.0, Culture=neutral, PublicKeyToken=null" name="Mappings_Can_Be_Injected_instead_of_explicitly_coded_in_the_context" />
    </UnitTest>
    <UnitTest name="Should_Execute_A_Query_Object_And_Pull_The_First_Object" storage="e:\code\fun\feef\frameworkextensions\frameworkextension\frameworkextension.core.test\bin\debug\frameworkextension.core.test.dll" id="cb019559-74a8-d6ba-198f-19cea1e2930b">
      <Execution id="a3ebc438-a7b6-4cb4-9074-d91bace3bc67" />
      <TestMethod codeBase="E:/Code/Fun/FEEF/FrameworkExtensions/FrameworkExtension/FrameworkExtension.Core.Test/bin/Debug/FrameworkExtension.Core.Test.DLL" adapterTypeName="Microsoft.VisualStudio.TestTools.TestTypes.Unit.UnitTestAdapter, Microsoft.VisualStudio.QualityTools.Tips.UnitTest.Adapter, Version=10.0.0.0, Culture=neutral, PublicKeyToken=b03f5f7f11d50a3a" className="FrameworkExtension.Core.Test.EntityFramework.UnitTests.Given_A_Generic_Repository, FrameworkExtension.Core.Test, Version=1.0.0.0, Culture=neutral, PublicKeyToken=null" name="Should_Execute_A_Query_Object_And_Pull_The_First_Object" />
    </UnitTest>
    <UnitTest name="When_AsQueryable_Called_A_Set_Is_Pulled_From_The_Database" storage="e:\code\fun\feef\frameworkextensions\frameworkextension\frameworkextension.core.test\bin\debug\frameworkextension.core.test.dll" id="11162aa4-fcf6-16ad-1f01-357f0df48035">
      <TestCategory>
        <TestCategoryItem TestCategory="Database" />
      </TestCategory>
      <Execution id="3c1e8c0c-5133-4c61-ad35-b7f938366e4d" />
      <TestMethod codeBase="E:/Code/Fun/FEEF/FrameworkExtensions/FrameworkExtension/FrameworkExtension.Core.Test/bin/Debug/FrameworkExtension.Core.Test.DLL" adapterTypeName="Microsoft.VisualStudio.TestTools.TestTypes.Unit.UnitTestAdapter, Microsoft.VisualStudio.QualityTools.Tips.UnitTest.Adapter, Version=10.0.0.0, Culture=neutral, PublicKeyToken=b03f5f7f11d50a3a" className="FrameworkExtension.Core.Test.EntityFramework.IntegrationTests.Given_A_EF_Context, FrameworkExtension.Core.Test, Version=1.0.0.0, Culture=neutral, PublicKeyToken=null" name="When_AsQueryable_Called_A_Set_Is_Pulled_From_The_Database" />
    </UnitTest>
    <UnitTest name="When_Paging_Should_Affect_The_Base_Query_Before_It_Is_Executed" storage="e:\code\fun\feef\frameworkextensions\frameworkextension\frameworkextension.core.test\bin\debug\frameworkextension.core.test.dll" id="676126cc-c510-a26a-a15c-484cd699c8b3">
      <Execution id="5946020f-1870-4767-af92-184576729411" />
      <TestMethod codeBase="E:/Code/Fun/FEEF/FrameworkExtensions/FrameworkExtension/FrameworkExtension.Core.Test/bin/Debug/FrameworkExtension.Core.Test.DLL" adapterTypeName="Microsoft.VisualStudio.TestTools.TestTypes.Unit.UnitTestAdapter, Microsoft.VisualStudio.QualityTools.Tips.UnitTest.Adapter, Version=10.0.0.0, Culture=neutral, PublicKeyToken=b03f5f7f11d50a3a" className="FrameworkExtension.Core.Test.EntityFramework.UnitTests.Given_A_Query_Object, FrameworkExtension.Core.Test, Version=1.0.0.0, Culture=neutral, PublicKeyToken=null" name="When_Paging_Should_Affect_The_Base_Query_Before_It_Is_Executed" />
    </UnitTest>
  </TestDefinitions>
  <TestLists>
    <TestList name="Results Not in a List" id="8c84fa94-04c1-424b-9868-57a2d4851a1d" />
    <TestList name="All Loaded Results" id="19431567-8539-422a-85d7-44ee4e166bda" />
  </TestLists>
  <TestEntries>
    <TestEntry testId="057067ea-b42e-7a4e-72b5-b2ac71f615b9" executionId="2e4c6ff1-9af5-4277-8142-a25f0e7b27ab" testListId="8c84fa94-04c1-424b-9868-57a2d4851a1d" />
    <TestEntry testId="0f9952c1-147a-cf54-63c4-9113ed16c048" executionId="15a1b186-d49b-4d2a-9eee-b6dbc123dec8" testListId="8c84fa94-04c1-424b-9868-57a2d4851a1d" />
    <TestEntry testId="11162aa4-fcf6-16ad-1f01-357f0df48035" executionId="3c1e8c0c-5133-4c61-ad35-b7f938366e4d" testListId="8c84fa94-04c1-424b-9868-57a2d4851a1d" />
    <TestEntry testId="1d2de753-7439-f0c1-af23-1a4be928eeee" executionId="42f581cf-f3a2-43a9-ad31-7b3a9494174f" testListId="8c84fa94-04c1-424b-9868-57a2d4851a1d" />
    <TestEntry testId="4290956b-25e9-b527-3d9b-a7e3becf5925" executionId="0679c2e7-659e-446d-8f6f-150191afaaa8" testListId="8c84fa94-04c1-424b-9868-57a2d4851a1d" />
    <TestEntry testId="43618009-67bd-3679-c879-0a49564878b8" executionId="c76478bc-8bbe-4584-88a5-8607bd257b61" testListId="8c84fa94-04c1-424b-9868-57a2d4851a1d" />
    <TestEntry testId="4c4a99cf-2aed-4aee-ca3a-7604510b8de6" executionId="1cd42665-dda2-40e1-b6c4-d95b61ab195e" testListId="8c84fa94-04c1-424b-9868-57a2d4851a1d" />
    <TestEntry testId="4e1ef91c-b76b-4220-5b6d-95918d747c59" executionId="70c138d0-031d-4f57-9581-84e7a48668ed" testListId="8c84fa94-04c1-424b-9868-57a2d4851a1d" />
    <TestEntry testId="54dad73b-0f2a-e865-d02d-4e5565e2569e" executionId="bcef8263-62ed-4dbb-83bd-ae0511a7cd4b" testListId="8c84fa94-04c1-424b-9868-57a2d4851a1d" />
    <TestEntry testId="60836c9c-c82c-082f-3cae-9046336b87eb" executionId="825bab87-d95e-4f2a-b4d8-f21a89772c8a" testListId="8c84fa94-04c1-424b-9868-57a2d4851a1d" />
    <TestEntry testId="64a420aa-a3e3-b661-930a-e85cefacafdd" executionId="f0a631d9-51ab-491c-bf27-b346769b7280" testListId="8c84fa94-04c1-424b-9868-57a2d4851a1d" />
    <TestEntry testId="676126cc-c510-a26a-a15c-484cd699c8b3" executionId="5946020f-1870-4767-af92-184576729411" testListId="8c84fa94-04c1-424b-9868-57a2d4851a1d" />
    <TestEntry testId="6dc80602-b0da-da99-3e41-a49a76213a9f" executionId="2695cebd-4708-4c5d-8ec9-49f67970d23b" testListId="8c84fa94-04c1-424b-9868-57a2d4851a1d" />
    <TestEntry testId="7b3dd0f4-782d-5cc7-cff4-38cecd29115e" executionId="a51dd6a2-d19c-40ad-a777-2442f67d94a8" testListId="8c84fa94-04c1-424b-9868-57a2d4851a1d" />
    <TestEntry testId="bcef8369-e082-2f66-dea4-37721e12332f" executionId="7ba05c2d-5a34-4634-a1ac-2e440ac88201" testListId="8c84fa94-04c1-424b-9868-57a2d4851a1d" />
    <TestEntry testId="bef76458-e84b-01cc-9181-5ad323c1bf2c" executionId="bb90b65a-b69f-4d2b-b8af-88b8ed9d48eb" testListId="8c84fa94-04c1-424b-9868-57a2d4851a1d" />
    <TestEntry testId="cb019559-74a8-d6ba-198f-19cea1e2930b" executionId="a3ebc438-a7b6-4cb4-9074-d91bace3bc67" testListId="8c84fa94-04c1-424b-9868-57a2d4851a1d" />
    <TestEntry testId="d524fd53-e519-e972-a1a0-61e685bec780" executionId="2f1aa323-1814-4ec1-9cbc-2db6befcf5db" testListId="8c84fa94-04c1-424b-9868-57a2d4851a1d" />
    <TestEntry testId="e11943d0-4863-ac56-a610-dc9d604db1e9" executionId="6a4a40be-771b-49de-be30-974ab11d6168" testListId="8c84fa94-04c1-424b-9868-57a2d4851a1d" />
    <TestEntry testId="ecdcbebd-92e4-8e2f-1835-8457d0af5aae" executionId="399299b8-9410-4abb-9de2-d69647159f27" testListId="8c84fa94-04c1-424b-9868-57a2d4851a1d" />
  </TestEntries>
  <Results>
    <UnitTestResult executionId="2e4c6ff1-9af5-4277-8142-a25f0e7b27ab" testId="057067ea-b42e-7a4e-72b5-b2ac71f615b9" testName="Mappings_Can_Be_Injected_instead_of_explicitly_coded_in_the_context" computerName="HOMESERVER" duration="00:00:03.3174224" startTime="2012-06-26T15:24:56.0586769-05:00" endTime="2012-06-26T15:24:59.9288983-05:00" testType="13cdc9d9-ddb5-4fa4-a97d-d965ccfc6d4b" outcome="Passed" testListId="8c84fa94-04c1-424b-9868-57a2d4851a1d" relativeResultsDirectory="2e4c6ff1-9af5-4277-8142-a25f0e7b27ab">
    </UnitTestResult>
    <UnitTestResult executionId="15a1b186-d49b-4d2a-9eee-b6dbc123dec8" testId="0f9952c1-147a-cf54-63c4-9113ed16c048" testName="When_Calling_Output_Sql_with_Context_It_Outputs_SQL" computerName="HOMESERVER" duration="00:00:00.0573307" startTime="2012-06-26T15:24:59.9308984-05:00" endTime="2012-06-26T15:25:00.0919076-05:00" testType="13cdc9d9-ddb5-4fa4-a97d-d965ccfc6d4b" outcome="Failed" testListId="8c84fa94-04c1-424b-9868-57a2d4851a1d" relativeResultsDirectory="15a1b186-d49b-4d2a-9eee-b6dbc123dec8">
      <Output>
        <ErrorInfo>
          <Message>Test method FrameworkExtension.Core.Test.EntityFramework.UnitTests.Given_A_Scalar_Object.When_Calling_Output_Sql_with_Context_It_Outputs_SQL threw exception: 
System.InvalidOperationException: Null Query cannot be executed.</Message>
          <StackTrace>    at FrameworkExtension.Core.QueryObjects.QueryBase.CheckContextAndQuery(Object query) in E:\Code\Fun\FEEF\FrameworkExtensions\FrameworkExtension\FrameworkExtension.Core\QueryObjects\QueryBase.cs:line 45
   at FrameworkExtension.Core.QueryObjects.Query`1.PrepareQuery(IDataContext context) in E:\Code\Fun\FEEF\FrameworkExtensions\FrameworkExtension\FrameworkExtension.Core\QueryObjects\Query.cs:line 75
   at FrameworkExtension.Core.QueryObjects.Query`1.OutputSQLStatement(IDataContext context) in E:\Code\Fun\FEEF\FrameworkExtensions\FrameworkExtension\FrameworkExtension.Core\QueryObjects\Query.cs:line 68
   at FrameworkExtension.Core.Test.EntityFramework.UnitTests.Given_A_Scalar_Object.When_Calling_Output_Sql_with_Context_It_Outputs_SQL() in E:\Code\Fun\FEEF\FrameworkExtensions\FrameworkExtension\FrameworkExtension.Core.Test\EntityFramework\UnitTests\Given_A_Scalar_Object.cs:line 79
</StackTrace>
        </ErrorInfo>
      </Output>
    </UnitTestResult>
    <UnitTestResult executionId="3c1e8c0c-5133-4c61-ad35-b7f938366e4d" testId="11162aa4-fcf6-16ad-1f01-357f0df48035" testName="When_AsQueryable_Called_A_Set_Is_Pulled_From_The_Database" computerName="HOMESERVER" duration="00:00:01.0844278" startTime="2012-06-26T15:25:00.0939077-05:00" endTime="2012-06-26T15:25:01.1839701-05:00" testType="13cdc9d9-ddb5-4fa4-a97d-d965ccfc6d4b" outcome="Passed" testListId="8c84fa94-04c1-424b-9868-57a2d4851a1d" relativeResultsDirectory="3c1e8c0c-5133-4c61-ad35-b7f938366e4d">
    </UnitTestResult>
    <UnitTestResult executionId="42f581cf-f3a2-43a9-ad31-7b3a9494174f" testId="1d2de753-7439-f0c1-af23-1a4be928eeee" testName="When_Passing_To_A_Repository_Query_Object_Then_It_Executes_Against_Context" computerName="HOMESERVER" duration="00:00:00.0953830" startTime="2012-06-26T15:25:01.1859702-05:00" endTime="2012-06-26T15:25:01.2849758-05:00" testType="13cdc9d9-ddb5-4fa4-a97d-d965ccfc6d4b" outcome="Passed" testListId="8c84fa94-04c1-424b-9868-57a2d4851a1d" relativeResultsDirectory="42f581cf-f3a2-43a9-ad31-7b3a9494174f">
    </UnitTestResult>
    <UnitTestResult executionId="0679c2e7-659e-446d-8f6f-150191afaaa8" testId="4290956b-25e9-b527-3d9b-a7e3becf5925" testName="When_Add_Is_Called_The_Object_Is_Added_To_The_ChangeTracker_In_An_Added_State" computerName="HOMESERVER" duration="00:00:00.0050870" startTime="2012-06-26T15:25:01.2869760-05:00" endTime="2012-06-26T15:25:01.2949764-05:00" testType="13cdc9d9-ddb5-4fa4-a97d-d965ccfc6d4b" outcome="Passed" testListId="8c84fa94-04c1-424b-9868-57a2d4851a1d" relativeResultsDirectory="0679c2e7-659e-446d-8f6f-150191afaaa8">
    </UnitTestResult>
    <UnitTestResult executionId="c76478bc-8bbe-4584-88a5-8607bd257b61" testId="43618009-67bd-3679-c879-0a49564878b8" testName="Should_Execute_Scalar_Objects_That_Return_Values" computerName="HOMESERVER" duration="00:00:00.0168127" startTime="2012-06-26T15:25:01.2959765-05:00" endTime="2012-06-26T15:25:01.3169777-05:00" testType="13cdc9d9-ddb5-4fa4-a97d-d965ccfc6d4b" outcome="Passed" testListId="8c84fa94-04c1-424b-9868-57a2d4851a1d" relativeResultsDirectory="c76478bc-8bbe-4584-88a5-8607bd257b61">
    </UnitTestResult>
    <UnitTestResult executionId="1cd42665-dda2-40e1-b6c4-d95b61ab195e" testId="4c4a99cf-2aed-4aee-ca3a-7604510b8de6" testName="When_Remove_Is_Called_The_Object_Is_Added_To_The_ChangeTracker_In_A_Deleted_State" computerName="HOMESERVER" duration="00:00:00.0673276" startTime="2012-06-26T15:25:01.3189778-05:00" endTime="2012-06-26T15:25:01.3879817-05:00" testType="13cdc9d9-ddb5-4fa4-a97d-d965ccfc6d4b" outcome="Passed" testListId="8c84fa94-04c1-424b-9868-57a2d4851a1d" relativeResultsDirectory="1cd42665-dda2-40e1-b6c4-d95b61ab195e">
    </UnitTestResult>
    <UnitTestResult executionId="70c138d0-031d-4f57-9581-84e7a48668ed" testId="4e1ef91c-b76b-4220-5b6d-95918d747c59" testName="When_Given_A_Contructor_It_Should_Support_Dependency_Injection" computerName="HOMESERVER" duration="00:00:00.0007027" startTime="2012-06-26T15:25:01.3899818-05:00" endTime="2012-06-26T15:25:01.3929820-05:00" testType="13cdc9d9-ddb5-4fa4-a97d-d965ccfc6d4b" outcome="Passed" testListId="8c84fa94-04c1-424b-9868-57a2d4851a1d" relativeResultsDirectory="70c138d0-031d-4f57-9581-84e7a48668ed">
    </UnitTestResult>
    <UnitTestResult executionId="bcef8263-62ed-4dbb-83bd-ae0511a7cd4b" testId="54dad73b-0f2a-e865-d02d-4e5565e2569e" testName="When_Passing_To_A_Repository_Scalar_Object_Then_It_Executes_Against_Context" computerName="HOMESERVER" duration="00:00:00.0011846" startTime="2012-06-26T15:25:01.3939821-05:00" endTime="2012-06-26T15:25:01.3979823-05:00" testType="13cdc9d9-ddb5-4fa4-a97d-d965ccfc6d4b" outcome="Passed" testListId="8c84fa94-04c1-424b-9868-57a2d4851a1d" relativeResultsDirectory="bcef8263-62ed-4dbb-83bd-ae0511a7cd4b">
    </UnitTestResult>
    <UnitTestResult executionId="825bab87-d95e-4f2a-b4d8-f21a89772c8a" testId="60836c9c-c82c-082f-3cae-9046336b87eb" testName="When_Commit_Is_Called_PreSave_and_post_save_interceptors_are_Called" computerName="HOMESERVER" duration="00:00:00.0675535" startTime="2012-06-26T15:25:01.3989824-05:00" endTime="2012-06-26T15:25:01.4689864-05:00" testType="13cdc9d9-ddb5-4fa4-a97d-d965ccfc6d4b" outcome="Passed" testListId="8c84fa94-04c1-424b-9868-57a2d4851a1d" relativeResultsDirectory="825bab87-d95e-4f2a-b4d8-f21a89772c8a">
    </UnitTestResult>
    <UnitTestResult executionId="f0a631d9-51ab-491c-bf27-b346769b7280" testId="64a420aa-a3e3-b661-930a-e85cefacafdd" testName="Should_Execute_Commands_Against_Context" computerName="HOMESERVER" duration="00:00:00.0021385" startTime="2012-06-26T15:25:01.4709865-05:00" endTime="2012-06-26T15:25:01.4759868-05:00" testType="13cdc9d9-ddb5-4fa4-a97d-d965ccfc6d4b" outcome="Passed" testListId="8c84fa94-04c1-424b-9868-57a2d4851a1d" relativeResultsDirectory="f0a631d9-51ab-491c-bf27-b346769b7280">
    </UnitTestResult>
    <UnitTestResult executionId="5946020f-1870-4767-af92-184576729411" testId="676126cc-c510-a26a-a15c-484cd699c8b3" testName="When_Paging_Should_Affect_The_Base_Query_Before_It_Is_Executed" computerName="HOMESERVER" duration="00:00:00.0069154" startTime="2012-06-26T15:25:01.4769868-05:00" endTime="2012-06-26T15:25:01.4859873-05:00" testType="13cdc9d9-ddb5-4fa4-a97d-d965ccfc6d4b" outcome="Passed" testListId="8c84fa94-04c1-424b-9868-57a2d4851a1d" relativeResultsDirectory="5946020f-1870-4767-af92-184576729411">
    </UnitTestResult>
    <UnitTestResult executionId="2695cebd-4708-4c5d-8ec9-49f67970d23b" testId="6dc80602-b0da-da99-3e41-a49a76213a9f" testName="When_Detach_Is_Called_The_Object_Is_Added_To_The_ChangeTracker_In_A_Detached_State" computerName="HOMESERVER" duration="00:00:00.0105666" startTime="2012-06-26T15:25:01.4879875-05:00" endTime="2012-06-26T15:25:01.4999881-05:00" testType="13cdc9d9-ddb5-4fa4-a97d-d965ccfc6d4b" outcome="Passed" testListId="8c84fa94-04c1-424b-9868-57a2d4851a1d" relativeResultsDirectory="2695cebd-4708-4c5d-8ec9-49f67970d23b">
    </UnitTestResult>
    <UnitTestResult executionId="a51dd6a2-d19c-40ad-a777-2442f67d94a8" testId="7b3dd0f4-782d-5cc7-cff4-38cecd29115e" testName="Should_Execute_Scalar_Objects_That_Return_Objects" computerName="HOMESERVER" duration="00:00:00.0014375" startTime="2012-06-26T15:25:01.5019883-05:00" endTime="2012-06-26T15:25:01.5049884-05:00" testType="13cdc9d9-ddb5-4fa4-a97d-d965ccfc6d4b" outcome="Passed" testListId="8c84fa94-04c1-424b-9868-57a2d4851a1d" relativeResultsDirectory="a51dd6a2-d19c-40ad-a777-2442f67d94a8">
    </UnitTestResult>
    <UnitTestResult executionId="7ba05c2d-5a34-4634-a1ac-2e440ac88201" testId="bcef8369-e082-2f66-dea4-37721e12332f" testName="When_Executed_Returns_An_IEnumerable_Of_Items" computerName="HOMESERVER" duration="00:00:00.0014034" startTime="2012-06-26T15:25:01.5069885-05:00" endTime="2012-06-26T15:25:01.5099887-05:00" testType="13cdc9d9-ddb5-4fa4-a97d-d965ccfc6d4b" outcome="Passed" testListId="8c84fa94-04c1-424b-9868-57a2d4851a1d" relativeResultsDirectory="7ba05c2d-5a34-4634-a1ac-2e440ac88201">
    </UnitTestResult>
    <UnitTestResult executionId="bb90b65a-b69f-4d2b-b8af-88b8ed9d48eb" testId="bef76458-e84b-01cc-9181-5ad323c1bf2c" testName="When_Each_Is_Called_Action_Gets_invoked_for_every_item" computerName="HOMESERVER" duration="00:00:00.0016158" startTime="2012-06-26T15:25:01.5119888-05:00" endTime="2012-06-26T15:25:01.5159891-05:00" testType="13cdc9d9-ddb5-4fa4-a97d-d965ccfc6d4b" outcome="Passed" testListId="8c84fa94-04c1-424b-9868-57a2d4851a1d" relativeResultsDirectory="bb90b65a-b69f-4d2b-b8af-88b8ed9d48eb">
    </UnitTestResult>
    <UnitTestResult executionId="a3ebc438-a7b6-4cb4-9074-d91bace3bc67" testId="cb019559-74a8-d6ba-198f-19cea1e2930b" testName="Should_Execute_A_Query_Object_And_Pull_The_First_Object" computerName="HOMESERVER" duration="00:00:00.0019707" startTime="2012-06-26T15:25:01.5169891-05:00" endTime="2012-06-26T15:25:01.5209893-05:00" testType="13cdc9d9-ddb5-4fa4-a97d-d965ccfc6d4b" outcome="Passed" testListId="8c84fa94-04c1-424b-9868-57a2d4851a1d" relativeResultsDirectory="a3ebc438-a7b6-4cb4-9074-d91bace3bc67">
    </UnitTestResult>
    <UnitTestResult executionId="2f1aa323-1814-4ec1-9cbc-2db6befcf5db" testId="d524fd53-e519-e972-a1a0-61e685bec780" testName="Should_Execute_Query_Objects" computerName="HOMESERVER" duration="00:00:00.0012353" startTime="2012-06-26T15:25:01.5219894-05:00" endTime="2012-06-26T15:25:01.5259896-05:00" testType="13cdc9d9-ddb5-4fa4-a97d-d965ccfc6d4b" outcome="Passed" testListId="8c84fa94-04c1-424b-9868-57a2d4851a1d" relativeResultsDirectory="2f1aa323-1814-4ec1-9cbc-2db6befcf5db">
    </UnitTestResult>
    <UnitTestResult executionId="6a4a40be-771b-49de-be30-974ab11d6168" testId="e11943d0-4863-ac56-a610-dc9d604db1e9" testName="When_Executed_Returns_A_Single_Value" computerName="HOMESERVER" duration="00:00:00.0013992" startTime="2012-06-26T15:25:01.5269897-05:00" endTime="2012-06-26T15:25:01.5309899-05:00" testType="13cdc9d9-ddb5-4fa4-a97d-d965ccfc6d4b" outcome="Passed" testListId="8c84fa94-04c1-424b-9868-57a2d4851a1d" relativeResultsDirectory="6a4a40be-771b-49de-be30-974ab11d6168">
    </UnitTestResult>
    <UnitTestResult executionId="399299b8-9410-4abb-9de2-d69647159f27" testId="ecdcbebd-92e4-8e2f-1835-8457d0af5aae" testName="When_Calling_Output_Sql_with_Context_It_Outputs_SQL" computerName="HOMESERVER" duration="00:00:00.0047791" startTime="2012-06-26T15:25:01.5319900-05:00" endTime="2012-06-26T15:25:01.5389904-05:00" testType="13cdc9d9-ddb5-4fa4-a97d-d965ccfc6d4b" outcome="Passed" testListId="8c84fa94-04c1-424b-9868-57a2d4851a1d" relativeResultsDirectory="399299b8-9410-4abb-9de2-d69647159f27">
    </UnitTestResult>
  </Results>
</TestRun>