<?xml version="1.0" encoding="UTF-8"?>
<TestRun id="a74accad-57e1-4bd9-80de-2b462ce76518" name="Devlin@HOMESERVER 2012-06-25 19:07:10" runUser="HomeServer\Devlin" xmlns="http://microsoft.com/schemas/VisualStudio/TeamTest/2010">
  <TestSettings name="Local" id="6062ef42-e538-4b74-b653-f93f6850fe53">
    <Description>These are default test settings for a local test run.</Description>
    <Deployment enabled="false" runDeploymentRoot="Devlin_HOMESERVER 2012-06-25 19_07_10">
      <DeploymentItem filename="E:\Code\Fun\FEEF\FrameworkExtensions\FrameworkExtension\packages\RhinoMocks.3.6.1\lib\net\Rhino.Mocks.dll" />
      <DeploymentItem filename="E:\Code\Fun\FEEF\FrameworkExtensions\FrameworkExtension\FrameworkExtension.Core\bin\Debug\FrameworkExtension.Core.dll" />
      <DeploymentItem filename="E:\Code\Fun\FEEF\FrameworkExtensions\FrameworkExtension\packages\Castle.Windsor.3.0.0.4001\lib\net40\Castle.Windsor.dll" />
      <DeploymentItem filename="E:\Code\Fun\FEEF\FrameworkExtensions\FrameworkExtension\MSTest.AssertionHelpers\bin\Debug\MSTest.AssertionHelpers.dll" />
      <DeploymentItem filename="E:\Code\Fun\FEEF\FrameworkExtensions\FrameworkExtension\packages\EntityFramework.4.3.1\lib\net40\EntityFramework.dll" />
      <DeploymentItem filename="E:\Code\Fun\FEEF\FrameworkExtensions\FrameworkExtension\packages\CommonServiceLocator.1.0\lib\NET35\Microsoft.Practices.ServiceLocation.dll" />
      <DeploymentItem filename="E:\Code\Fun\FEEF\FrameworkExtensions\FrameworkExtension\packages\CommonServiceLocator.WindsorAdapter.1.0\lib\NET35\CommonServiceLocator.WindsorAdapter.dll" />
      <DeploymentItem filename="E:\Code\Fun\FEEF\FrameworkExtensions\FrameworkExtension\packages\Castle.Core.3.0.0.4001\lib\net40-client\Castle.Core.dll" />
    </Deployment>
    <Execution>
      <TestTypeSpecific />
      <AgentRule name="Execution Agents">
      </AgentRule>
    </Execution>
  </TestSettings>
  <Times creation="2012-06-25T19:07:10.7705815-05:00" queuing="2012-06-25T19:07:13.2397227-05:00" start="2012-06-25T19:07:13.3477289-05:00" finish="2012-06-25T19:07:20.4871372-05:00" />
  <ResultSummary outcome="Completed">
    <Counters total="17" executed="17" passed="17" error="0" failed="0" timeout="0" aborted="0" inconclusive="0" passedButRunAborted="0" notRunnable="0" notExecuted="0" disconnected="0" warning="0" completed="0" inProgress="0" pending="0" />
  </ResultSummary>
  <TestDefinitions>
    <UnitTest name="When_Commit_Is_Called_PreSave_and_post_save_interceptors_are_Called" storage="e:\code\fun\feef\frameworkextensions\frameworkextension\frameworkextension.core.test\bin\debug\frameworkextension.core.test.dll" id="60836c9c-c82c-082f-3cae-9046336b87eb">
      <Execution id="24fcb22e-e853-4bfd-b191-20d3ab3becd7" />
      <TestMethod codeBase="E:/Code/Fun/FEEF/FrameworkExtensions/FrameworkExtension/FrameworkExtension.Core.Test/bin/Debug/FrameworkExtension.Core.Test.DLL" adapterTypeName="Microsoft.VisualStudio.TestTools.TestTypes.Unit.UnitTestAdapter, Microsoft.VisualStudio.QualityTools.Tips.UnitTest.Adapter, Version=10.0.0.0, Culture=neutral, PublicKeyToken=b03f5f7f11d50a3a" className="FrameworkExtension.Core.Test.EntityFramework.UnitTests.Given_An_Event_Extendable_Context, FrameworkExtension.Core.Test, Version=1.0.0.0, Culture=neutral, PublicKeyToken=null" name="When_Commit_Is_Called_PreSave_and_post_save_interceptors_are_Called" />
    </UnitTest>
    <UnitTest name="When_Executed_Returns_A_Single_Value" storage="e:\code\fun\feef\frameworkextensions\frameworkextension\frameworkextension.core.test\bin\debug\frameworkextension.core.test.dll" id="e11943d0-4863-ac56-a610-dc9d604db1e9">
      <Execution id="6293b8f8-fb04-4044-b467-8d9655b781fc" />
      <TestMethod codeBase="E:/Code/Fun/FEEF/FrameworkExtensions/FrameworkExtension/FrameworkExtension.Core.Test/bin/Debug/FrameworkExtension.Core.Test.DLL" adapterTypeName="Microsoft.VisualStudio.TestTools.TestTypes.Unit.UnitTestAdapter, Microsoft.VisualStudio.QualityTools.Tips.UnitTest.Adapter, Version=10.0.0.0, Culture=neutral, PublicKeyToken=b03f5f7f11d50a3a" className="FrameworkExtension.Core.Test.EntityFramework.UnitTests.Given_A_Scalar_Object, FrameworkExtension.Core.Test, Version=1.0.0.0, Culture=neutral, PublicKeyToken=null" name="When_Executed_Returns_A_Single_Value" />
    </UnitTest>
    <UnitTest name="When_Executed_Returns_An_IEnumerable_Of_Items" storage="e:\code\fun\feef\frameworkextensions\frameworkextension\frameworkextension.core.test\bin\debug\frameworkextension.core.test.dll" id="bcef8369-e082-2f66-dea4-37721e12332f">
      <Execution id="bff8e84a-180c-4b2c-800e-863f03d94648" />
      <TestMethod codeBase="E:/Code/Fun/FEEF/FrameworkExtensions/FrameworkExtension/FrameworkExtension.Core.Test/bin/Debug/FrameworkExtension.Core.Test.DLL" adapterTypeName="Microsoft.VisualStudio.TestTools.TestTypes.Unit.UnitTestAdapter, Microsoft.VisualStudio.QualityTools.Tips.UnitTest.Adapter, Version=10.0.0.0, Culture=neutral, PublicKeyToken=b03f5f7f11d50a3a" className="FrameworkExtension.Core.Test.EntityFramework.UnitTests.Given_A_Query_Object, FrameworkExtension.Core.Test, Version=1.0.0.0, Culture=neutral, PublicKeyToken=null" name="When_Executed_Returns_An_IEnumerable_Of_Items" />
    </UnitTest>
    <UnitTest name="When_Each_Is_Called_Action_Gets_invoked_for_every_item" storage="e:\code\fun\feef\frameworkextensions\frameworkextension\frameworkextension.core.test\bin\debug\frameworkextension.core.test.dll" id="bef76458-e84b-01cc-9181-5ad323c1bf2c">
      <Execution id="6a9d6cf9-3531-4a20-9afb-a67b6986adb1" />
      <TestMethod codeBase="E:/Code/Fun/FEEF/FrameworkExtensions/FrameworkExtension/FrameworkExtension.Core.Test/bin/Debug/FrameworkExtension.Core.Test.DLL" adapterTypeName="Microsoft.VisualStudio.TestTools.TestTypes.Unit.UnitTestAdapter, Microsoft.VisualStudio.QualityTools.Tips.UnitTest.Adapter, Version=10.0.0.0, Culture=neutral, PublicKeyToken=b03f5f7f11d50a3a" className="FrameworkExtension.Core.Test.EntityFramework.UnitTests.Given_A_Collection_Of_T, FrameworkExtension.Core.Test, Version=1.0.0.0, Culture=neutral, PublicKeyToken=null" name="When_Each_Is_Called_Action_Gets_invoked_for_every_item" />
    </UnitTest>
    <UnitTest name="When_Add_Is_Called_The_Object_Is_Added_To_The_ChangeTracker_In_An_Added_State" storage="e:\code\fun\feef\frameworkextensions\frameworkextension\frameworkextension.core.test\bin\debug\frameworkextension.core.test.dll" id="4290956b-25e9-b527-3d9b-a7e3becf5925">
      <TestCategory>
        <TestCategoryItem TestCategory="Database" />
      </TestCategory>
      <Execution id="80152b92-7b23-46a0-8bc0-6f4abfcc5dc1" />
      <TestMethod codeBase="E:/Code/Fun/FEEF/FrameworkExtensions/FrameworkExtension/FrameworkExtension.Core.Test/bin/Debug/FrameworkExtension.Core.Test.DLL" adapterTypeName="Microsoft.VisualStudio.TestTools.TestTypes.Unit.UnitTestAdapter, Microsoft.VisualStudio.QualityTools.Tips.UnitTest.Adapter, Version=10.0.0.0, Culture=neutral, PublicKeyToken=b03f5f7f11d50a3a" className="FrameworkExtension.Core.Test.EntityFramework.IntegrationTests.Given_A_EF_Context, FrameworkExtension.Core.Test, Version=1.0.0.0, Culture=neutral, PublicKeyToken=null" name="When_Add_Is_Called_The_Object_Is_Added_To_The_ChangeTracker_In_An_Added_State" />
    </UnitTest>
    <UnitTest name="When_Remove_Is_Called_The_Object_Is_Added_To_The_ChangeTracker_In_A_Deleted_State" storage="e:\code\fun\feef\frameworkextensions\frameworkextension\frameworkextension.core.test\bin\debug\frameworkextension.core.test.dll" id="4c4a99cf-2aed-4aee-ca3a-7604510b8de6">
      <TestCategory>
        <TestCategoryItem TestCategory="Database" />
      </TestCategory>
      <Execution id="ad00697d-0a73-482b-adf1-da058281ad5b" />
      <TestMethod codeBase="E:/Code/Fun/FEEF/FrameworkExtensions/FrameworkExtension/FrameworkExtension.Core.Test/bin/Debug/FrameworkExtension.Core.Test.DLL" adapterTypeName="Microsoft.VisualStudio.TestTools.TestTypes.Unit.UnitTestAdapter, Microsoft.VisualStudio.QualityTools.Tips.UnitTest.Adapter, Version=10.0.0.0, Culture=neutral, PublicKeyToken=b03f5f7f11d50a3a" className="FrameworkExtension.Core.Test.EntityFramework.IntegrationTests.Given_A_EF_Context, FrameworkExtension.Core.Test, Version=1.0.0.0, Culture=neutral, PublicKeyToken=null" name="When_Remove_Is_Called_The_Object_Is_Added_To_The_ChangeTracker_In_A_Deleted_State" />
    </UnitTest>
    <UnitTest name="Should_Execute_Scalar_Objects_That_Return_Values" storage="e:\code\fun\feef\frameworkextensions\frameworkextension\frameworkextension.core.test\bin\debug\frameworkextension.core.test.dll" id="43618009-67bd-3679-c879-0a49564878b8">
      <Execution id="19af1d21-9107-41bd-91b9-def5bbffe8ca" />
      <TestMethod codeBase="E:/Code/Fun/FEEF/FrameworkExtensions/FrameworkExtension/FrameworkExtension.Core.Test/bin/Debug/FrameworkExtension.Core.Test.DLL" adapterTypeName="Microsoft.VisualStudio.TestTools.TestTypes.Unit.UnitTestAdapter, Microsoft.VisualStudio.QualityTools.Tips.UnitTest.Adapter, Version=10.0.0.0, Culture=neutral, PublicKeyToken=b03f5f7f11d50a3a" className="FrameworkExtension.Core.Test.EntityFramework.UnitTests.Given_A_Generic_Repository, FrameworkExtension.Core.Test, Version=1.0.0.0, Culture=neutral, PublicKeyToken=null" name="Should_Execute_Scalar_Objects_That_Return_Values" />
    </UnitTest>
    <UnitTest name="Should_Execute_Query_Objects" storage="e:\code\fun\feef\frameworkextensions\frameworkextension\frameworkextension.core.test\bin\debug\frameworkextension.core.test.dll" id="d524fd53-e519-e972-a1a0-61e685bec780">
      <Execution id="a6c87934-ebb2-4f61-b84a-c5b35e5df925" />
      <TestMethod codeBase="E:/Code/Fun/FEEF/FrameworkExtensions/FrameworkExtension/FrameworkExtension.Core.Test/bin/Debug/FrameworkExtension.Core.Test.DLL" adapterTypeName="Microsoft.VisualStudio.TestTools.TestTypes.Unit.UnitTestAdapter, Microsoft.VisualStudio.QualityTools.Tips.UnitTest.Adapter, Version=10.0.0.0, Culture=neutral, PublicKeyToken=b03f5f7f11d50a3a" className="FrameworkExtension.Core.Test.EntityFramework.UnitTests.Given_A_Generic_Repository, FrameworkExtension.Core.Test, Version=1.0.0.0, Culture=neutral, PublicKeyToken=null" name="Should_Execute_Query_Objects" />
    </UnitTest>
    <UnitTest name="Should_Execute_Scalar_Objects_That_Return_Objects" storage="e:\code\fun\feef\frameworkextensions\frameworkextension\frameworkextension.core.test\bin\debug\frameworkextension.core.test.dll" id="7b3dd0f4-782d-5cc7-cff4-38cecd29115e">
      <Execution id="47a46858-6ac0-465e-8362-7c9a1e8a11c1" />
      <TestMethod codeBase="E:/Code/Fun/FEEF/FrameworkExtensions/FrameworkExtension/FrameworkExtension.Core.Test/bin/Debug/FrameworkExtension.Core.Test.DLL" adapterTypeName="Microsoft.VisualStudio.TestTools.TestTypes.Unit.UnitTestAdapter, Microsoft.VisualStudio.QualityTools.Tips.UnitTest.Adapter, Version=10.0.0.0, Culture=neutral, PublicKeyToken=b03f5f7f11d50a3a" className="FrameworkExtension.Core.Test.EntityFramework.UnitTests.Given_A_Generic_Repository, FrameworkExtension.Core.Test, Version=1.0.0.0, Culture=neutral, PublicKeyToken=null" name="Should_Execute_Scalar_Objects_That_Return_Objects" />
    </UnitTest>
    <UnitTest name="Should_Execute_Commands_Against_Context" storage="e:\code\fun\feef\frameworkextensions\frameworkextension\frameworkextension.core.test\bin\debug\frameworkextension.core.test.dll" id="64a420aa-a3e3-b661-930a-e85cefacafdd">
      <Execution id="784d139b-a13f-4d9c-9458-91ff0c8491a9" />
      <TestMethod codeBase="E:/Code/Fun/FEEF/FrameworkExtensions/FrameworkExtension/FrameworkExtension.Core.Test/bin/Debug/FrameworkExtension.Core.Test.DLL" adapterTypeName="Microsoft.VisualStudio.TestTools.TestTypes.Unit.UnitTestAdapter, Microsoft.VisualStudio.QualityTools.Tips.UnitTest.Adapter, Version=10.0.0.0, Culture=neutral, PublicKeyToken=b03f5f7f11d50a3a" className="FrameworkExtension.Core.Test.EntityFramework.UnitTests.Given_A_Generic_Repository, FrameworkExtension.Core.Test, Version=1.0.0.0, Culture=neutral, PublicKeyToken=null" name="Should_Execute_Commands_Against_Context" />
    </UnitTest>
    <UnitTest name="When_Detach_Is_Called_The_Object_Is_Added_To_The_ChangeTracker_In_A_Detached_State" storage="e:\code\fun\feef\frameworkextensions\frameworkextension\frameworkextension.core.test\bin\debug\frameworkextension.core.test.dll" id="6dc80602-b0da-da99-3e41-a49a76213a9f">
      <TestCategory>
        <TestCategoryItem TestCategory="Database" />
      </TestCategory>
      <Execution id="f33cdbe0-075c-4d35-bc39-69fe2db86737" />
      <TestMethod codeBase="E:/Code/Fun/FEEF/FrameworkExtensions/FrameworkExtension/FrameworkExtension.Core.Test/bin/Debug/FrameworkExtension.Core.Test.DLL" adapterTypeName="Microsoft.VisualStudio.TestTools.TestTypes.Unit.UnitTestAdapter, Microsoft.VisualStudio.QualityTools.Tips.UnitTest.Adapter, Version=10.0.0.0, Culture=neutral, PublicKeyToken=b03f5f7f11d50a3a" className="FrameworkExtension.Core.Test.EntityFramework.IntegrationTests.Given_A_EF_Context, FrameworkExtension.Core.Test, Version=1.0.0.0, Culture=neutral, PublicKeyToken=null" name="When_Detach_Is_Called_The_Object_Is_Added_To_The_ChangeTracker_In_A_Detached_State" />
    </UnitTest>
    <UnitTest name="When_Passing_To_A_Repository_Query_Object_Then_It_Executes_Against_Context" storage="e:\code\fun\feef\frameworkextensions\frameworkextension\frameworkextension.core.test\bin\debug\frameworkextension.core.test.dll" id="1d2de753-7439-f0c1-af23-1a4be928eeee">
      <Execution id="7566166b-58b6-4390-a1e8-4cbbb249ecfc" />
      <TestMethod codeBase="E:/Code/Fun/FEEF/FrameworkExtensions/FrameworkExtension/FrameworkExtension.Core.Test/bin/Debug/FrameworkExtension.Core.Test.DLL" adapterTypeName="Microsoft.VisualStudio.TestTools.TestTypes.Unit.UnitTestAdapter, Microsoft.VisualStudio.QualityTools.Tips.UnitTest.Adapter, Version=10.0.0.0, Culture=neutral, PublicKeyToken=b03f5f7f11d50a3a" className="FrameworkExtension.Core.Test.EntityFramework.UnitTests.Given_A_Query_Object, FrameworkExtension.Core.Test, Version=1.0.0.0, Culture=neutral, PublicKeyToken=null" name="When_Passing_To_A_Repository_Query_Object_Then_It_Executes_Against_Context" />
    </UnitTest>
    <UnitTest name="When_Given_A_Contructor_It_Should_Support_Dependency_Injection" storage="e:\code\fun\feef\frameworkextensions\frameworkextension\frameworkextension.core.test\bin\debug\frameworkextension.core.test.dll" id="4e1ef91c-b76b-4220-5b6d-95918d747c59">
      <Execution id="a5f960f4-a9ec-4cdd-9107-276c3ed50eab" />
      <TestMethod codeBase="E:/Code/Fun/FEEF/FrameworkExtensions/FrameworkExtension/FrameworkExtension.Core.Test/bin/Debug/FrameworkExtension.Core.Test.DLL" adapterTypeName="Microsoft.VisualStudio.TestTools.TestTypes.Unit.UnitTestAdapter, Microsoft.VisualStudio.QualityTools.Tips.UnitTest.Adapter, Version=10.0.0.0, Culture=neutral, PublicKeyToken=b03f5f7f11d50a3a" className="FrameworkExtension.Core.Test.EntityFramework.UnitTests.Given_A_Generic_Repository, FrameworkExtension.Core.Test, Version=1.0.0.0, Culture=neutral, PublicKeyToken=null" name="When_Given_A_Contructor_It_Should_Support_Dependency_Injection" />
    </UnitTest>
    <UnitTest name="When_Passing_To_A_Repository_Scalar_Object_Then_It_Executes_Against_Context" storage="e:\code\fun\feef\frameworkextensions\frameworkextension\frameworkextension.core.test\bin\debug\frameworkextension.core.test.dll" id="54dad73b-0f2a-e865-d02d-4e5565e2569e">
      <Execution id="2ba375bf-b598-4edb-963b-8feae97f8146" />
      <TestMethod codeBase="E:/Code/Fun/FEEF/FrameworkExtensions/FrameworkExtension/FrameworkExtension.Core.Test/bin/Debug/FrameworkExtension.Core.Test.DLL" adapterTypeName="Microsoft.VisualStudio.TestTools.TestTypes.Unit.UnitTestAdapter, Microsoft.VisualStudio.QualityTools.Tips.UnitTest.Adapter, Version=10.0.0.0, Culture=neutral, PublicKeyToken=b03f5f7f11d50a3a" className="FrameworkExtension.Core.Test.EntityFramework.UnitTests.Given_A_Scalar_Object, FrameworkExtension.Core.Test, Version=1.0.0.0, Culture=neutral, PublicKeyToken=null" name="When_Passing_To_A_Repository_Scalar_Object_Then_It_Executes_Against_Context" />
    </UnitTest>
    <UnitTest name="Should_Execute_A_Query_Object_And_Pull_The_First_Object" storage="e:\code\fun\feef\frameworkextensions\frameworkextension\frameworkextension.core.test\bin\debug\frameworkextension.core.test.dll" id="cb019559-74a8-d6ba-198f-19cea1e2930b">
      <Execution id="9fc6252e-e485-4847-beaa-0c03bf4baf92" />
      <TestMethod codeBase="E:/Code/Fun/FEEF/FrameworkExtensions/FrameworkExtension/FrameworkExtension.Core.Test/bin/Debug/FrameworkExtension.Core.Test.DLL" adapterTypeName="Microsoft.VisualStudio.TestTools.TestTypes.Unit.UnitTestAdapter, Microsoft.VisualStudio.QualityTools.Tips.UnitTest.Adapter, Version=10.0.0.0, Culture=neutral, PublicKeyToken=b03f5f7f11d50a3a" className="FrameworkExtension.Core.Test.EntityFramework.UnitTests.Given_A_Generic_Repository, FrameworkExtension.Core.Test, Version=1.0.0.0, Culture=neutral, PublicKeyToken=null" name="Should_Execute_A_Query_Object_And_Pull_The_First_Object" />
    </UnitTest>
    <UnitTest name="When_AsQueryable_Called_A_Set_Is_Pulled_From_The_Database" storage="e:\code\fun\feef\frameworkextensions\frameworkextension\frameworkextension.core.test\bin\debug\frameworkextension.core.test.dll" id="11162aa4-fcf6-16ad-1f01-357f0df48035">
      <TestCategory>
        <TestCategoryItem TestCategory="Database" />
      </TestCategory>
      <Execution id="983d7288-7620-462a-b8bc-bc1ced5289d5" />
      <TestMethod codeBase="E:/Code/Fun/FEEF/FrameworkExtensions/FrameworkExtension/FrameworkExtension.Core.Test/bin/Debug/FrameworkExtension.Core.Test.DLL" adapterTypeName="Microsoft.VisualStudio.TestTools.TestTypes.Unit.UnitTestAdapter, Microsoft.VisualStudio.QualityTools.Tips.UnitTest.Adapter, Version=10.0.0.0, Culture=neutral, PublicKeyToken=b03f5f7f11d50a3a" className="FrameworkExtension.Core.Test.EntityFramework.IntegrationTests.Given_A_EF_Context, FrameworkExtension.Core.Test, Version=1.0.0.0, Culture=neutral, PublicKeyToken=null" name="When_AsQueryable_Called_A_Set_Is_Pulled_From_The_Database" />
    </UnitTest>
    <UnitTest name="When_Paging_Should_Affect_The_Base_Query_Before_It_Is_Executed" storage="e:\code\fun\feef\frameworkextensions\frameworkextension\frameworkextension.core.test\bin\debug\frameworkextension.core.test.dll" id="676126cc-c510-a26a-a15c-484cd699c8b3">
      <Execution id="851eec88-17a4-4dde-963b-27de4d5cbd80" />
      <TestMethod codeBase="E:/Code/Fun/FEEF/FrameworkExtensions/FrameworkExtension/FrameworkExtension.Core.Test/bin/Debug/FrameworkExtension.Core.Test.DLL" adapterTypeName="Microsoft.VisualStudio.TestTools.TestTypes.Unit.UnitTestAdapter, Microsoft.VisualStudio.QualityTools.Tips.UnitTest.Adapter, Version=10.0.0.0, Culture=neutral, PublicKeyToken=b03f5f7f11d50a3a" className="FrameworkExtension.Core.Test.EntityFramework.UnitTests.Given_A_Query_Object, FrameworkExtension.Core.Test, Version=1.0.0.0, Culture=neutral, PublicKeyToken=null" name="When_Paging_Should_Affect_The_Base_Query_Before_It_Is_Executed" />
    </UnitTest>
  </TestDefinitions>
  <TestLists>
    <TestList name="Results Not in a List" id="8c84fa94-04c1-424b-9868-57a2d4851a1d" />
    <TestList name="All Loaded Results" id="19431567-8539-422a-85d7-44ee4e166bda" />
  </TestLists>
  <TestEntries>
    <TestEntry testId="11162aa4-fcf6-16ad-1f01-357f0df48035" executionId="983d7288-7620-462a-b8bc-bc1ced5289d5" testListId="8c84fa94-04c1-424b-9868-57a2d4851a1d" />
    <TestEntry testId="1d2de753-7439-f0c1-af23-1a4be928eeee" executionId="7566166b-58b6-4390-a1e8-4cbbb249ecfc" testListId="8c84fa94-04c1-424b-9868-57a2d4851a1d" />
    <TestEntry testId="4290956b-25e9-b527-3d9b-a7e3becf5925" executionId="80152b92-7b23-46a0-8bc0-6f4abfcc5dc1" testListId="8c84fa94-04c1-424b-9868-57a2d4851a1d" />
    <TestEntry testId="43618009-67bd-3679-c879-0a49564878b8" executionId="19af1d21-9107-41bd-91b9-def5bbffe8ca" testListId="8c84fa94-04c1-424b-9868-57a2d4851a1d" />
    <TestEntry testId="4c4a99cf-2aed-4aee-ca3a-7604510b8de6" executionId="ad00697d-0a73-482b-adf1-da058281ad5b" testListId="8c84fa94-04c1-424b-9868-57a2d4851a1d" />
    <TestEntry testId="4e1ef91c-b76b-4220-5b6d-95918d747c59" executionId="a5f960f4-a9ec-4cdd-9107-276c3ed50eab" testListId="8c84fa94-04c1-424b-9868-57a2d4851a1d" />
    <TestEntry testId="54dad73b-0f2a-e865-d02d-4e5565e2569e" executionId="2ba375bf-b598-4edb-963b-8feae97f8146" testListId="8c84fa94-04c1-424b-9868-57a2d4851a1d" />
    <TestEntry testId="60836c9c-c82c-082f-3cae-9046336b87eb" executionId="24fcb22e-e853-4bfd-b191-20d3ab3becd7" testListId="8c84fa94-04c1-424b-9868-57a2d4851a1d" />
    <TestEntry testId="64a420aa-a3e3-b661-930a-e85cefacafdd" executionId="784d139b-a13f-4d9c-9458-91ff0c8491a9" testListId="8c84fa94-04c1-424b-9868-57a2d4851a1d" />
    <TestEntry testId="676126cc-c510-a26a-a15c-484cd699c8b3" executionId="851eec88-17a4-4dde-963b-27de4d5cbd80" testListId="8c84fa94-04c1-424b-9868-57a2d4851a1d" />
    <TestEntry testId="6dc80602-b0da-da99-3e41-a49a76213a9f" executionId="f33cdbe0-075c-4d35-bc39-69fe2db86737" testListId="8c84fa94-04c1-424b-9868-57a2d4851a1d" />
    <TestEntry testId="7b3dd0f4-782d-5cc7-cff4-38cecd29115e" executionId="47a46858-6ac0-465e-8362-7c9a1e8a11c1" testListId="8c84fa94-04c1-424b-9868-57a2d4851a1d" />
    <TestEntry testId="bcef8369-e082-2f66-dea4-37721e12332f" executionId="bff8e84a-180c-4b2c-800e-863f03d94648" testListId="8c84fa94-04c1-424b-9868-57a2d4851a1d" />
    <TestEntry testId="bef76458-e84b-01cc-9181-5ad323c1bf2c" executionId="6a9d6cf9-3531-4a20-9afb-a67b6986adb1" testListId="8c84fa94-04c1-424b-9868-57a2d4851a1d" />
    <TestEntry testId="cb019559-74a8-d6ba-198f-19cea1e2930b" executionId="9fc6252e-e485-4847-beaa-0c03bf4baf92" testListId="8c84fa94-04c1-424b-9868-57a2d4851a1d" />
    <TestEntry testId="d524fd53-e519-e972-a1a0-61e685bec780" executionId="a6c87934-ebb2-4f61-b84a-c5b35e5df925" testListId="8c84fa94-04c1-424b-9868-57a2d4851a1d" />
    <TestEntry testId="e11943d0-4863-ac56-a610-dc9d604db1e9" executionId="6293b8f8-fb04-4044-b467-8d9655b781fc" testListId="8c84fa94-04c1-424b-9868-57a2d4851a1d" />
  </TestEntries>
  <Results>
    <UnitTestResult executionId="983d7288-7620-462a-b8bc-bc1ced5289d5" testId="11162aa4-fcf6-16ad-1f01-357f0df48035" testName="When_AsQueryable_Called_A_Set_Is_Pulled_From_The_Database" computerName="HOMESERVER" duration="00:00:04.2533336" startTime="2012-06-25T19:07:13.4227332-05:00" endTime="2012-06-25T19:07:18.2870114-05:00" testType="13cdc9d9-ddb5-4fa4-a97d-d965ccfc6d4b" outcome="Passed" testListId="8c84fa94-04c1-424b-9868-57a2d4851a1d" relativeResultsDirectory="983d7288-7620-462a-b8bc-bc1ced5289d5">
    </UnitTestResult>
    <UnitTestResult executionId="7566166b-58b6-4390-a1e8-4cbbb249ecfc" testId="1d2de753-7439-f0c1-af23-1a4be928eeee" testName="When_Passing_To_A_Repository_Query_Object_Then_It_Executes_Against_Context" computerName="HOMESERVER" duration="00:00:00.2340523" startTime="2012-06-25T19:07:18.2890115-05:00" endTime="2012-06-25T19:07:18.5260251-05:00" testType="13cdc9d9-ddb5-4fa4-a97d-d965ccfc6d4b" outcome="Passed" testListId="8c84fa94-04c1-424b-9868-57a2d4851a1d" relativeResultsDirectory="7566166b-58b6-4390-a1e8-4cbbb249ecfc">
    </UnitTestResult>
    <UnitTestResult executionId="80152b92-7b23-46a0-8bc0-6f4abfcc5dc1" testId="4290956b-25e9-b527-3d9b-a7e3becf5925" testName="When_Add_Is_Called_The_Object_Is_Added_To_The_ChangeTracker_In_An_Added_State" computerName="HOMESERVER" duration="00:00:00.0056358" startTime="2012-06-25T19:07:18.5280252-05:00" endTime="2012-06-25T19:07:18.5370257-05:00" testType="13cdc9d9-ddb5-4fa4-a97d-d965ccfc6d4b" outcome="Passed" testListId="8c84fa94-04c1-424b-9868-57a2d4851a1d" relativeResultsDirectory="80152b92-7b23-46a0-8bc0-6f4abfcc5dc1">
    </UnitTestResult>
    <UnitTestResult executionId="19af1d21-9107-41bd-91b9-def5bbffe8ca" testId="43618009-67bd-3679-c879-0a49564878b8" testName="Should_Execute_Scalar_Objects_That_Return_Values" computerName="HOMESERVER" duration="00:00:00.0188906" startTime="2012-06-25T19:07:18.5400259-05:00" endTime="2012-06-25T19:07:18.5620271-05:00" testType="13cdc9d9-ddb5-4fa4-a97d-d965ccfc6d4b" outcome="Passed" testListId="8c84fa94-04c1-424b-9868-57a2d4851a1d" relativeResultsDirectory="19af1d21-9107-41bd-91b9-def5bbffe8ca">
    </UnitTestResult>
    <UnitTestResult executionId="ad00697d-0a73-482b-adf1-da058281ad5b" testId="4c4a99cf-2aed-4aee-ca3a-7604510b8de6" testName="When_Remove_Is_Called_The_Object_Is_Added_To_The_ChangeTracker_In_A_Deleted_State" computerName="HOMESERVER" duration="00:00:00.1020048" startTime="2012-06-25T19:07:18.5640272-05:00" endTime="2012-06-25T19:07:18.6700333-05:00" testType="13cdc9d9-ddb5-4fa4-a97d-d965ccfc6d4b" outcome="Passed" testListId="8c84fa94-04c1-424b-9868-57a2d4851a1d" relativeResultsDirectory="ad00697d-0a73-482b-adf1-da058281ad5b">
    </UnitTestResult>
    <UnitTestResult executionId="a5f960f4-a9ec-4cdd-9107-276c3ed50eab" testId="4e1ef91c-b76b-4220-5b6d-95918d747c59" testName="When_Given_A_Contructor_It_Should_Support_Dependency_Injection" computerName="HOMESERVER" duration="00:00:00.0006426" startTime="2012-06-25T19:07:18.6720334-05:00" endTime="2012-06-25T19:07:18.6750336-05:00" testType="13cdc9d9-ddb5-4fa4-a97d-d965ccfc6d4b" outcome="Passed" testListId="8c84fa94-04c1-424b-9868-57a2d4851a1d" relativeResultsDirectory="a5f960f4-a9ec-4cdd-9107-276c3ed50eab">
    </UnitTestResult>
    <UnitTestResult executionId="2ba375bf-b598-4edb-963b-8feae97f8146" testId="54dad73b-0f2a-e865-d02d-4e5565e2569e" testName="When_Passing_To_A_Repository_Scalar_Object_Then_It_Executes_Against_Context" computerName="HOMESERVER" duration="00:00:00.0013144" startTime="2012-06-25T19:07:18.6770337-05:00" endTime="2012-06-25T19:07:18.6810339-05:00" testType="13cdc9d9-ddb5-4fa4-a97d-d965ccfc6d4b" outcome="Passed" testListId="8c84fa94-04c1-424b-9868-57a2d4851a1d" relativeResultsDirectory="2ba375bf-b598-4edb-963b-8feae97f8146">
    </UnitTestResult>
    <UnitTestResult executionId="24fcb22e-e853-4bfd-b191-20d3ab3becd7" testId="60836c9c-c82c-082f-3cae-9046336b87eb" testName="When_Commit_Is_Called_PreSave_and_post_save_interceptors_are_Called" computerName="HOMESERVER" duration="00:00:00.1728464" startTime="2012-06-25T19:07:18.6820340-05:00" endTime="2012-06-25T19:07:18.8580441-05:00" testType="13cdc9d9-ddb5-4fa4-a97d-d965ccfc6d4b" outcome="Passed" testListId="8c84fa94-04c1-424b-9868-57a2d4851a1d" relativeResultsDirectory="24fcb22e-e853-4bfd-b191-20d3ab3becd7">
    </UnitTestResult>
    <UnitTestResult executionId="784d139b-a13f-4d9c-9458-91ff0c8491a9" testId="64a420aa-a3e3-b661-930a-e85cefacafdd" testName="Should_Execute_Commands_Against_Context" computerName="HOMESERVER" duration="00:00:00.0022743" startTime="2012-06-25T19:07:18.8600442-05:00" endTime="2012-06-25T19:07:18.8650445-05:00" testType="13cdc9d9-ddb5-4fa4-a97d-d965ccfc6d4b" outcome="Passed" testListId="8c84fa94-04c1-424b-9868-57a2d4851a1d" relativeResultsDirectory="784d139b-a13f-4d9c-9458-91ff0c8491a9">
    </UnitTestResult>
    <UnitTestResult executionId="851eec88-17a4-4dde-963b-27de4d5cbd80" testId="676126cc-c510-a26a-a15c-484cd699c8b3" testName="When_Paging_Should_Affect_The_Base_Query_Before_It_Is_Executed" computerName="HOMESERVER" duration="00:00:00.0075348" startTime="2012-06-25T19:07:18.8670446-05:00" endTime="2012-06-25T19:07:18.8770451-05:00" testType="13cdc9d9-ddb5-4fa4-a97d-d965ccfc6d4b" outcome="Passed" testListId="8c84fa94-04c1-424b-9868-57a2d4851a1d" relativeResultsDirectory="851eec88-17a4-4dde-963b-27de4d5cbd80">
    </UnitTestResult>
    <UnitTestResult executionId="f33cdbe0-075c-4d35-bc39-69fe2db86737" testId="6dc80602-b0da-da99-3e41-a49a76213a9f" testName="When_Detach_Is_Called_The_Object_Is_Added_To_The_ChangeTracker_In_A_Detached_State" computerName="HOMESERVER" duration="00:00:00.0104642" startTime="2012-06-25T19:07:18.8780452-05:00" endTime="2012-06-25T19:07:18.8910459-05:00" testType="13cdc9d9-ddb5-4fa4-a97d-d965ccfc6d4b" outcome="Passed" testListId="8c84fa94-04c1-424b-9868-57a2d4851a1d" relativeResultsDirectory="f33cdbe0-075c-4d35-bc39-69fe2db86737">
    </UnitTestResult>
    <UnitTestResult executionId="47a46858-6ac0-465e-8362-7c9a1e8a11c1" testId="7b3dd0f4-782d-5cc7-cff4-38cecd29115e" testName="Should_Execute_Scalar_Objects_That_Return_Objects" computerName="HOMESERVER" duration="00:00:00.0015032" startTime="2012-06-25T19:07:18.8930461-05:00" endTime="2012-06-25T19:07:18.8970463-05:00" testType="13cdc9d9-ddb5-4fa4-a97d-d965ccfc6d4b" outcome="Passed" testListId="8c84fa94-04c1-424b-9868-57a2d4851a1d" relativeResultsDirectory="47a46858-6ac0-465e-8362-7c9a1e8a11c1">
    </UnitTestResult>
    <UnitTestResult executionId="bff8e84a-180c-4b2c-800e-863f03d94648" testId="bcef8369-e082-2f66-dea4-37721e12332f" testName="When_Executed_Returns_An_IEnumerable_Of_Items" computerName="HOMESERVER" duration="00:00:00.0013465" startTime="2012-06-25T19:07:18.8990464-05:00" endTime="2012-06-25T19:07:18.9030466-05:00" testType="13cdc9d9-ddb5-4fa4-a97d-d965ccfc6d4b" outcome="Passed" testListId="8c84fa94-04c1-424b-9868-57a2d4851a1d" relativeResultsDirectory="bff8e84a-180c-4b2c-800e-863f03d94648">
    </UnitTestResult>
    <UnitTestResult executionId="6a9d6cf9-3531-4a20-9afb-a67b6986adb1" testId="bef76458-e84b-01cc-9181-5ad323c1bf2c" testName="When_Each_Is_Called_Action_Gets_invoked_for_every_item" computerName="HOMESERVER" duration="00:00:00.0016419" startTime="2012-06-25T19:07:18.9040467-05:00" endTime="2012-06-25T19:07:18.9080469-05:00" testType="13cdc9d9-ddb5-4fa4-a97d-d965ccfc6d4b" outcome="Passed" testListId="8c84fa94-04c1-424b-9868-57a2d4851a1d" relativeResultsDirectory="6a9d6cf9-3531-4a20-9afb-a67b6986adb1">
    </UnitTestResult>
    <UnitTestResult executionId="9fc6252e-e485-4847-beaa-0c03bf4baf92" testId="cb019559-74a8-d6ba-198f-19cea1e2930b" testName="Should_Execute_A_Query_Object_And_Pull_The_First_Object" computerName="HOMESERVER" duration="00:00:00.0023871" startTime="2012-06-25T19:07:18.9100470-05:00" endTime="2012-06-25T19:07:18.9150473-05:00" testType="13cdc9d9-ddb5-4fa4-a97d-d965ccfc6d4b" outcome="Passed" testListId="8c84fa94-04c1-424b-9868-57a2d4851a1d" relativeResultsDirectory="9fc6252e-e485-4847-beaa-0c03bf4baf92">
    </UnitTestResult>
    <UnitTestResult executionId="a6c87934-ebb2-4f61-b84a-c5b35e5df925" testId="d524fd53-e519-e972-a1a0-61e685bec780" testName="Should_Execute_Query_Objects" computerName="HOMESERVER" duration="00:00:00.0015441" startTime="2012-06-25T19:07:18.9170474-05:00" endTime="2012-06-25T19:07:18.9210477-05:00" testType="13cdc9d9-ddb5-4fa4-a97d-d965ccfc6d4b" outcome="Passed" testListId="8c84fa94-04c1-424b-9868-57a2d4851a1d" relativeResultsDirectory="a6c87934-ebb2-4f61-b84a-c5b35e5df925">
    </UnitTestResult>
    <UnitTestResult executionId="6293b8f8-fb04-4044-b467-8d9655b781fc" testId="e11943d0-4863-ac56-a610-dc9d604db1e9" testName="When_Executed_Returns_A_Single_Value" computerName="HOMESERVER" duration="00:00:00.0014664" startTime="2012-06-25T19:07:18.9230478-05:00" endTime="2012-06-25T19:07:18.9270480-05:00" testType="13cdc9d9-ddb5-4fa4-a97d-d965ccfc6d4b" outcome="Passed" testListId="8c84fa94-04c1-424b-9868-57a2d4851a1d" relativeResultsDirectory="6293b8f8-fb04-4044-b467-8d9655b781fc">
    </UnitTestResult>
  </Results>
</TestRun>