<?xml version="1.0" encoding="UTF-8"?>
<TestRun id="0dcbe395-28c8-4cfc-9755-a503d8db3c95" name="Devlin@HOMESERVER 2012-06-28 18:09:35" runUser="HomeServer\Devlin" xmlns="http://microsoft.com/schemas/VisualStudio/TeamTest/2010">
  <TestSettings name="Local" id="6062ef42-e538-4b74-b653-f93f6850fe53">
    <Description>These are default test settings for a local test run.</Description>
    <Deployment enabled="false" runDeploymentRoot="Devlin_HOMESERVER 2012-06-28 18_09_35">
      <DeploymentItem filename="E:\Code\Fun\FEEF\FrameworkExtensions\FrameworkExtension\FrameworkExtension.EntityFramework\bin\Debug\FrameworkExtension.EntityFramework.dll" />
      <DeploymentItem filename="E:\Code\Fun\FEEF\FrameworkExtensions\FrameworkExtension\packages\RhinoMocks.3.6.1\lib\net\Rhino.Mocks.dll" />
      <DeploymentItem filename="E:\Code\Fun\FEEF\FrameworkExtensions\FrameworkExtension\FrameworkExtension.Core.Test\bin\Debug\FrameworkExtension.Core.Test.dll" />
      <DeploymentItem filename="E:\Code\Fun\FEEF\FrameworkExtensions\FrameworkExtension\packages\Castle.Windsor.3.0.0.4001\lib\net40\Castle.Windsor.dll" />
      <DeploymentItem filename="E:\Code\Fun\FEEF\FrameworkExtensions\FrameworkExtension\packages\EntityFramework.4.3.1\lib\net40\EntityFramework.dll" />
      <DeploymentItem filename="E:\Code\Fun\FEEF\FrameworkExtensions\FrameworkExtension\FrameworkExtension.Core\bin\Debug\FrameworkExtension.Core.dll" />
      <DeploymentItem filename="E:\Code\Fun\FEEF\FrameworkExtensions\FrameworkExtension\packages\Castle.Core.3.0.0.4001\lib\net40-client\Castle.Core.dll" />
      <DeploymentItem filename="E:\Code\Fun\FEEF\FrameworkExtensions\FrameworkExtension\MSTest.AssertionHelpers\bin\Debug\MSTest.AssertionHelpers.dll" />
      <DeploymentItem filename="E:\Code\Fun\FEEF\FrameworkExtensions\FrameworkExtension\packages\CommonServiceLocator.1.0\lib\NET35\Microsoft.Practices.ServiceLocation.dll" />
      <DeploymentItem filename="E:\Code\Fun\FEEF\FrameworkExtensions\FrameworkExtension\packages\CommonServiceLocator.WindsorAdapter.1.0\lib\NET35\CommonServiceLocator.WindsorAdapter.dll" />
    </Deployment>
    <Execution>
      <TestTypeSpecific />
      <AgentRule name="Execution Agents">
      </AgentRule>
    </Execution>
  </TestSettings>
  <Times creation="2012-06-28T18:09:35.1430185-05:00" queuing="2012-06-28T18:09:38.0290235-05:00" start="2012-06-28T18:09:38.2474239-05:00" finish="2012-06-28T18:09:45.5170366-05:00" />
  <ResultSummary outcome="Completed">
    <Counters total="19" executed="19" passed="19" error="0" failed="0" timeout="0" aborted="0" inconclusive="0" passedButRunAborted="0" notRunnable="0" notExecuted="0" disconnected="0" warning="0" completed="0" inProgress="0" pending="0" />
  </ResultSummary>
  <TestDefinitions>
    <UnitTest name="When_Executed_Returns_A_Single_Value" storage="e:\code\fun\feef\frameworkextensions\frameworkextension\frameworkextension.entityframework.tests\bin\debug\frameworkextension.entityframework.tests.dll" id="64654868-49ec-4d75-b552-e72585c703e4">
      <Execution id="76a0fba1-ac6d-42c7-aaed-e6fedabea44f" />
      <TestMethod codeBase="E:/Code/Fun/FEEF/FrameworkExtensions/FrameworkExtension/FrameworkExtension.EntityFramework.Tests/bin/Debug/FrameworkExtension.EntityFramework.Tests.DLL" adapterTypeName="Microsoft.VisualStudio.TestTools.TestTypes.Unit.UnitTestAdapter, Microsoft.VisualStudio.QualityTools.Tips.UnitTest.Adapter, Version=10.0.0.0, Culture=neutral, PublicKeyToken=b03f5f7f11d50a3a" className="FrameworkExtension.EntityFramework.Tests.UnitTests.Given_A_Scalar_Object, FrameworkExtension.EntityFramework.Tests, Version=1.0.0.0, Culture=neutral, PublicKeyToken=null" name="When_Executed_Returns_A_Single_Value" />
    </UnitTest>
    <UnitTest name="When_Passing_To_A_Repository_Scalar_Object_Then_It_Executes_Against_Context" storage="e:\code\fun\feef\frameworkextensions\frameworkextension\frameworkextension.entityframework.tests\bin\debug\frameworkextension.entityframework.tests.dll" id="dd530344-e1a7-7010-d800-a37b6525b0f0">
      <Execution id="d60d4504-85a5-48b5-a4b7-4009cb4025a8" />
      <TestMethod codeBase="E:/Code/Fun/FEEF/FrameworkExtensions/FrameworkExtension/FrameworkExtension.EntityFramework.Tests/bin/Debug/FrameworkExtension.EntityFramework.Tests.DLL" adapterTypeName="Microsoft.VisualStudio.TestTools.TestTypes.Unit.UnitTestAdapter, Microsoft.VisualStudio.QualityTools.Tips.UnitTest.Adapter, Version=10.0.0.0, Culture=neutral, PublicKeyToken=b03f5f7f11d50a3a" className="FrameworkExtension.EntityFramework.Tests.UnitTests.Given_A_Scalar_Object, FrameworkExtension.EntityFramework.Tests, Version=1.0.0.0, Culture=neutral, PublicKeyToken=null" name="When_Passing_To_A_Repository_Scalar_Object_Then_It_Executes_Against_Context" />
    </UnitTest>
    <UnitTest name="When_AsQueryable_Called_A_Set_Is_Pulled_From_The_Database" storage="e:\code\fun\feef\frameworkextensions\frameworkextension\frameworkextension.entityframework.tests\bin\debug\frameworkextension.entityframework.tests.dll" id="e5a59bc2-9dbf-8026-989a-19f077c3d99f">
      <TestCategory>
        <TestCategoryItem TestCategory="Database" />
      </TestCategory>
      <Execution id="a8abf65f-e028-4750-b637-4f0dd9e37cfc" />
      <TestMethod codeBase="E:/Code/Fun/FEEF/FrameworkExtensions/FrameworkExtension/FrameworkExtension.EntityFramework.Tests/bin/Debug/FrameworkExtension.EntityFramework.Tests.DLL" adapterTypeName="Microsoft.VisualStudio.TestTools.TestTypes.Unit.UnitTestAdapter, Microsoft.VisualStudio.QualityTools.Tips.UnitTest.Adapter, Version=10.0.0.0, Culture=neutral, PublicKeyToken=b03f5f7f11d50a3a" className="FrameworkExtension.EntityFramework.Tests.IntegrationTests.Given_A_EF_Context, FrameworkExtension.EntityFramework.Tests, Version=1.0.0.0, Culture=neutral, PublicKeyToken=null" name="When_AsQueryable_Called_A_Set_Is_Pulled_From_The_Database" />
    </UnitTest>
    <UnitTest name="Should_Execute_Scalar_Objects_That_Return_Values" storage="e:\code\fun\feef\frameworkextensions\frameworkextension\frameworkextension.entityframework.tests\bin\debug\frameworkextension.entityframework.tests.dll" id="7e96ac72-cc74-3ce4-3d24-3d18435a9ecc">
      <Execution id="e33c6f51-6327-45ed-bb48-0c0c5a7d164b" />
      <TestMethod codeBase="E:/Code/Fun/FEEF/FrameworkExtensions/FrameworkExtension/FrameworkExtension.EntityFramework.Tests/bin/Debug/FrameworkExtension.EntityFramework.Tests.DLL" adapterTypeName="Microsoft.VisualStudio.TestTools.TestTypes.Unit.UnitTestAdapter, Microsoft.VisualStudio.QualityTools.Tips.UnitTest.Adapter, Version=10.0.0.0, Culture=neutral, PublicKeyToken=b03f5f7f11d50a3a" className="FrameworkExtension.EntityFramework.Tests.UnitTests.Given_A_Generic_Repository, FrameworkExtension.EntityFramework.Tests, Version=1.0.0.0, Culture=neutral, PublicKeyToken=null" name="Should_Execute_Scalar_Objects_That_Return_Values" />
    </UnitTest>
    <UnitTest name="When_Calling_Output_Sql_with_Context_It_Outputs_SQL" storage="e:\code\fun\feef\frameworkextensions\frameworkextension\frameworkextension.entityframework.tests\bin\debug\frameworkextension.entityframework.tests.dll" id="efaea598-1e5d-efd3-4958-2c3ac054c0af">
      <Execution id="9c9417c9-cadd-47d4-a2eb-5974c81b23b8" />
      <TestMethod codeBase="E:/Code/Fun/FEEF/FrameworkExtensions/FrameworkExtension/FrameworkExtension.EntityFramework.Tests/bin/Debug/FrameworkExtension.EntityFramework.Tests.DLL" adapterTypeName="Microsoft.VisualStudio.TestTools.TestTypes.Unit.UnitTestAdapter, Microsoft.VisualStudio.QualityTools.Tips.UnitTest.Adapter, Version=10.0.0.0, Culture=neutral, PublicKeyToken=b03f5f7f11d50a3a" className="FrameworkExtension.EntityFramework.Tests.UnitTests.Given_A_Query_Object, FrameworkExtension.EntityFramework.Tests, Version=1.0.0.0, Culture=neutral, PublicKeyToken=null" name="When_Calling_Output_Sql_with_Context_It_Outputs_SQL" />
    </UnitTest>
    <UnitTest name="Should_Execute_Scalar_Objects_That_Return_Objects" storage="e:\code\fun\feef\frameworkextensions\frameworkextension\frameworkextension.entityframework.tests\bin\debug\frameworkextension.entityframework.tests.dll" id="92caab00-02c8-427c-8840-bf1389d80b73">
      <Execution id="a8ae7409-1d4d-4218-9317-c4d868a49424" />
      <TestMethod codeBase="E:/Code/Fun/FEEF/FrameworkExtensions/FrameworkExtension/FrameworkExtension.EntityFramework.Tests/bin/Debug/FrameworkExtension.EntityFramework.Tests.DLL" adapterTypeName="Microsoft.VisualStudio.TestTools.TestTypes.Unit.UnitTestAdapter, Microsoft.VisualStudio.QualityTools.Tips.UnitTest.Adapter, Version=10.0.0.0, Culture=neutral, PublicKeyToken=b03f5f7f11d50a3a" className="FrameworkExtension.EntityFramework.Tests.UnitTests.Given_A_Generic_Repository, FrameworkExtension.EntityFramework.Tests, Version=1.0.0.0, Culture=neutral, PublicKeyToken=null" name="Should_Execute_Scalar_Objects_That_Return_Objects" />
    </UnitTest>
    <UnitTest name="When_Add_Is_Called_The_Object_Is_Added_To_The_ChangeTracker_In_An_Added_State" storage="e:\code\fun\feef\frameworkextensions\frameworkextension\frameworkextension.entityframework.tests\bin\debug\frameworkextension.entityframework.tests.dll" id="66b5f086-c77e-4d42-7937-69a45e25d7ef">
      <TestCategory>
        <TestCategoryItem TestCategory="Database" />
      </TestCategory>
      <Execution id="08fb2bc5-0109-40ee-8241-ae291b06aab2" />
      <TestMethod codeBase="E:/Code/Fun/FEEF/FrameworkExtensions/FrameworkExtension/FrameworkExtension.EntityFramework.Tests/bin/Debug/FrameworkExtension.EntityFramework.Tests.DLL" adapterTypeName="Microsoft.VisualStudio.TestTools.TestTypes.Unit.UnitTestAdapter, Microsoft.VisualStudio.QualityTools.Tips.UnitTest.Adapter, Version=10.0.0.0, Culture=neutral, PublicKeyToken=b03f5f7f11d50a3a" className="FrameworkExtension.EntityFramework.Tests.IntegrationTests.Given_A_EF_Context, FrameworkExtension.EntityFramework.Tests, Version=1.0.0.0, Culture=neutral, PublicKeyToken=null" name="When_Add_Is_Called_The_Object_Is_Added_To_The_ChangeTracker_In_An_Added_State" />
    </UnitTest>
    <UnitTest name="When_Commit_Is_Called_PreSave_and_post_save_interceptors_are_Called" storage="e:\code\fun\feef\frameworkextensions\frameworkextension\frameworkextension.entityframework.tests\bin\debug\frameworkextension.entityframework.tests.dll" id="2fac4ceb-6ac1-9f5f-8de8-bef17d30e6b4">
      <Execution id="43abb650-d52d-4542-bc8e-99a4e8a52b3d" />
      <TestMethod codeBase="E:/Code/Fun/FEEF/FrameworkExtensions/FrameworkExtension/FrameworkExtension.EntityFramework.Tests/bin/Debug/FrameworkExtension.EntityFramework.Tests.DLL" adapterTypeName="Microsoft.VisualStudio.TestTools.TestTypes.Unit.UnitTestAdapter, Microsoft.VisualStudio.QualityTools.Tips.UnitTest.Adapter, Version=10.0.0.0, Culture=neutral, PublicKeyToken=b03f5f7f11d50a3a" className="FrameworkExtension.EntityFramework.Tests.UnitTests.Given_An_Event_Extendable_Context, FrameworkExtension.EntityFramework.Tests, Version=1.0.0.0, Culture=neutral, PublicKeyToken=null" name="When_Commit_Is_Called_PreSave_and_post_save_interceptors_are_Called" />
    </UnitTest>
    <UnitTest name="When_Remove_Is_Called_The_Object_Is_Added_To_The_ChangeTracker_In_A_Deleted_State" storage="e:\code\fun\feef\frameworkextensions\frameworkextension\frameworkextension.entityframework.tests\bin\debug\frameworkextension.entityframework.tests.dll" id="9059270c-c3f6-06c3-73e1-d3f9b5f2dd1c">
      <TestCategory>
        <TestCategoryItem TestCategory="Database" />
      </TestCategory>
      <Execution id="80299f04-8f4d-4d3b-9ebd-d9edaf5a52c2" />
      <TestMethod codeBase="E:/Code/Fun/FEEF/FrameworkExtensions/FrameworkExtension/FrameworkExtension.EntityFramework.Tests/bin/Debug/FrameworkExtension.EntityFramework.Tests.DLL" adapterTypeName="Microsoft.VisualStudio.TestTools.TestTypes.Unit.UnitTestAdapter, Microsoft.VisualStudio.QualityTools.Tips.UnitTest.Adapter, Version=10.0.0.0, Culture=neutral, PublicKeyToken=b03f5f7f11d50a3a" className="FrameworkExtension.EntityFramework.Tests.IntegrationTests.Given_A_EF_Context, FrameworkExtension.EntityFramework.Tests, Version=1.0.0.0, Culture=neutral, PublicKeyToken=null" name="When_Remove_Is_Called_The_Object_Is_Added_To_The_ChangeTracker_In_A_Deleted_State" />
    </UnitTest>
    <UnitTest name="When_Given_A_Contructor_It_Should_Support_Dependency_Injection" storage="e:\code\fun\feef\frameworkextensions\frameworkextension\frameworkextension.entityframework.tests\bin\debug\frameworkextension.entityframework.tests.dll" id="424133e6-021b-2198-379b-fb422dd06652">
      <Execution id="5389e55f-f985-4cbc-80d4-e957f9e870fb" />
      <TestMethod codeBase="E:/Code/Fun/FEEF/FrameworkExtensions/FrameworkExtension/FrameworkExtension.EntityFramework.Tests/bin/Debug/FrameworkExtension.EntityFramework.Tests.DLL" adapterTypeName="Microsoft.VisualStudio.TestTools.TestTypes.Unit.UnitTestAdapter, Microsoft.VisualStudio.QualityTools.Tips.UnitTest.Adapter, Version=10.0.0.0, Culture=neutral, PublicKeyToken=b03f5f7f11d50a3a" className="FrameworkExtension.EntityFramework.Tests.UnitTests.Given_A_Generic_Repository, FrameworkExtension.EntityFramework.Tests, Version=1.0.0.0, Culture=neutral, PublicKeyToken=null" name="When_Given_A_Contructor_It_Should_Support_Dependency_Injection" />
    </UnitTest>
    <UnitTest name="When_Paging_Should_Affect_The_Base_Query_Before_It_Is_Executed" storage="e:\code\fun\feef\frameworkextensions\frameworkextension\frameworkextension.entityframework.tests\bin\debug\frameworkextension.entityframework.tests.dll" id="ad3a34f3-0704-46f6-cd13-3579b2a943a1">
      <Execution id="3ec2bbad-068a-40f8-b2e9-6de4c6cafe8e" />
      <TestMethod codeBase="E:/Code/Fun/FEEF/FrameworkExtensions/FrameworkExtension/FrameworkExtension.EntityFramework.Tests/bin/Debug/FrameworkExtension.EntityFramework.Tests.DLL" adapterTypeName="Microsoft.VisualStudio.TestTools.TestTypes.Unit.UnitTestAdapter, Microsoft.VisualStudio.QualityTools.Tips.UnitTest.Adapter, Version=10.0.0.0, Culture=neutral, PublicKeyToken=b03f5f7f11d50a3a" className="FrameworkExtension.EntityFramework.Tests.UnitTests.Given_A_Query_Object, FrameworkExtension.EntityFramework.Tests, Version=1.0.0.0, Culture=neutral, PublicKeyToken=null" name="When_Paging_Should_Affect_The_Base_Query_Before_It_Is_Executed" />
    </UnitTest>
    <UnitTest name="Mappings_Can_Be_Injected_instead_of_explicitly_coded_in_the_context" storage="e:\code\fun\feef\frameworkextensions\frameworkextension\frameworkextension.entityframework.tests\bin\debug\frameworkextension.entityframework.tests.dll" id="15210ba7-5e6e-9704-f156-0d751a1582cd">
      <Execution id="3f2e2295-4b16-4ad3-9cc2-9263b78ae6c8" />
      <TestMethod codeBase="E:/Code/Fun/FEEF/FrameworkExtensions/FrameworkExtension/FrameworkExtension.EntityFramework.Tests/bin/Debug/FrameworkExtension.EntityFramework.Tests.DLL" adapterTypeName="Microsoft.VisualStudio.TestTools.TestTypes.Unit.UnitTestAdapter, Microsoft.VisualStudio.QualityTools.Tips.UnitTest.Adapter, Version=10.0.0.0, Culture=neutral, PublicKeyToken=b03f5f7f11d50a3a" className="FrameworkExtension.EntityFramework.Tests.UnitTests.Given_A_Context_Without_Mappings, FrameworkExtension.EntityFramework.Tests, Version=1.0.0.0, Culture=neutral, PublicKeyToken=null" name="Mappings_Can_Be_Injected_instead_of_explicitly_coded_in_the_context" />
    </UnitTest>
    <UnitTest name="Should_Execute_Query_Objects" storage="e:\code\fun\feef\frameworkextensions\frameworkextension\frameworkextension.entityframework.tests\bin\debug\frameworkextension.entityframework.tests.dll" id="481c50ae-fd9a-e393-7aca-20910a8525ba">
      <Execution id="18a2a3b6-96ce-4d68-823d-4012bc70bcfa" />
      <TestMethod codeBase="E:/Code/Fun/FEEF/FrameworkExtensions/FrameworkExtension/FrameworkExtension.EntityFramework.Tests/bin/Debug/FrameworkExtension.EntityFramework.Tests.DLL" adapterTypeName="Microsoft.VisualStudio.TestTools.TestTypes.Unit.UnitTestAdapter, Microsoft.VisualStudio.QualityTools.Tips.UnitTest.Adapter, Version=10.0.0.0, Culture=neutral, PublicKeyToken=b03f5f7f11d50a3a" className="FrameworkExtension.EntityFramework.Tests.UnitTests.Given_A_Generic_Repository, FrameworkExtension.EntityFramework.Tests, Version=1.0.0.0, Culture=neutral, PublicKeyToken=null" name="Should_Execute_Query_Objects" />
    </UnitTest>
    <UnitTest name="When_Each_Is_Called_Action_Gets_invoked_for_every_item" storage="e:\code\fun\feef\frameworkextensions\frameworkextension\frameworkextension.entityframework.tests\bin\debug\frameworkextension.entityframework.tests.dll" id="ceb49c7f-92a9-9001-2559-20e598a6909b">
      <Execution id="f2ce4dd9-d222-4900-9821-33c8eee10978" />
      <TestMethod codeBase="E:/Code/Fun/FEEF/FrameworkExtensions/FrameworkExtension/FrameworkExtension.EntityFramework.Tests/bin/Debug/FrameworkExtension.EntityFramework.Tests.DLL" adapterTypeName="Microsoft.VisualStudio.TestTools.TestTypes.Unit.UnitTestAdapter, Microsoft.VisualStudio.QualityTools.Tips.UnitTest.Adapter, Version=10.0.0.0, Culture=neutral, PublicKeyToken=b03f5f7f11d50a3a" className="FrameworkExtension.EntityFramework.Tests.UnitTests.Given_A_Collection_Of_T, FrameworkExtension.EntityFramework.Tests, Version=1.0.0.0, Culture=neutral, PublicKeyToken=null" name="When_Each_Is_Called_Action_Gets_invoked_for_every_item" />
    </UnitTest>
    <UnitTest name="When_Executed_Returns_An_IEnumerable_Of_Items" storage="e:\code\fun\feef\frameworkextensions\frameworkextension\frameworkextension.entityframework.tests\bin\debug\frameworkextension.entityframework.tests.dll" id="851aaf34-b757-b524-fd87-751be411d4fd">
      <Execution id="be0cc006-2400-4f36-afd3-086c6fae4594" />
      <TestMethod codeBase="E:/Code/Fun/FEEF/FrameworkExtensions/FrameworkExtension/FrameworkExtension.EntityFramework.Tests/bin/Debug/FrameworkExtension.EntityFramework.Tests.DLL" adapterTypeName="Microsoft.VisualStudio.TestTools.TestTypes.Unit.UnitTestAdapter, Microsoft.VisualStudio.QualityTools.Tips.UnitTest.Adapter, Version=10.0.0.0, Culture=neutral, PublicKeyToken=b03f5f7f11d50a3a" className="FrameworkExtension.EntityFramework.Tests.UnitTests.Given_A_Query_Object, FrameworkExtension.EntityFramework.Tests, Version=1.0.0.0, Culture=neutral, PublicKeyToken=null" name="When_Executed_Returns_An_IEnumerable_Of_Items" />
    </UnitTest>
    <UnitTest name="When_Detach_Is_Called_The_Object_Is_Added_To_The_ChangeTracker_In_A_Detached_State" storage="e:\code\fun\feef\frameworkextensions\frameworkextension\frameworkextension.entityframework.tests\bin\debug\frameworkextension.entityframework.tests.dll" id="b1b03218-6fcb-4991-3fa7-e84f20584d0e">
      <TestCategory>
        <TestCategoryItem TestCategory="Database" />
      </TestCategory>
      <Execution id="7d18c675-0ba3-41fd-b8d4-361f775573ae" />
      <TestMethod codeBase="E:/Code/Fun/FEEF/FrameworkExtensions/FrameworkExtension/FrameworkExtension.EntityFramework.Tests/bin/Debug/FrameworkExtension.EntityFramework.Tests.DLL" adapterTypeName="Microsoft.VisualStudio.TestTools.TestTypes.Unit.UnitTestAdapter, Microsoft.VisualStudio.QualityTools.Tips.UnitTest.Adapter, Version=10.0.0.0, Culture=neutral, PublicKeyToken=b03f5f7f11d50a3a" className="FrameworkExtension.EntityFramework.Tests.IntegrationTests.Given_A_EF_Context, FrameworkExtension.EntityFramework.Tests, Version=1.0.0.0, Culture=neutral, PublicKeyToken=null" name="When_Detach_Is_Called_The_Object_Is_Added_To_The_ChangeTracker_In_A_Detached_State" />
    </UnitTest>
    <UnitTest name="Should_Execute_A_Query_Object_And_Pull_The_First_Object" storage="e:\code\fun\feef\frameworkextensions\frameworkextension\frameworkextension.entityframework.tests\bin\debug\frameworkextension.entityframework.tests.dll" id="c2946836-a5d3-a777-416a-36a2c735d7ca">
      <Execution id="78ffea2b-4cc1-49e6-9ac6-f6ad64820112" />
      <TestMethod codeBase="E:/Code/Fun/FEEF/FrameworkExtensions/FrameworkExtension/FrameworkExtension.EntityFramework.Tests/bin/Debug/FrameworkExtension.EntityFramework.Tests.DLL" adapterTypeName="Microsoft.VisualStudio.TestTools.TestTypes.Unit.UnitTestAdapter, Microsoft.VisualStudio.QualityTools.Tips.UnitTest.Adapter, Version=10.0.0.0, Culture=neutral, PublicKeyToken=b03f5f7f11d50a3a" className="FrameworkExtension.EntityFramework.Tests.UnitTests.Given_A_Generic_Repository, FrameworkExtension.EntityFramework.Tests, Version=1.0.0.0, Culture=neutral, PublicKeyToken=null" name="Should_Execute_A_Query_Object_And_Pull_The_First_Object" />
    </UnitTest>
    <UnitTest name="Should_Execute_Commands_Against_Context" storage="e:\code\fun\feef\frameworkextensions\frameworkextension\frameworkextension.entityframework.tests\bin\debug\frameworkextension.entityframework.tests.dll" id="04c98bcb-7f43-4fd0-d9e3-684307b00935">
      <Execution id="850efcf4-d596-46a2-b71b-636c1c83e144" />
      <TestMethod codeBase="E:/Code/Fun/FEEF/FrameworkExtensions/FrameworkExtension/FrameworkExtension.EntityFramework.Tests/bin/Debug/FrameworkExtension.EntityFramework.Tests.DLL" adapterTypeName="Microsoft.VisualStudio.TestTools.TestTypes.Unit.UnitTestAdapter, Microsoft.VisualStudio.QualityTools.Tips.UnitTest.Adapter, Version=10.0.0.0, Culture=neutral, PublicKeyToken=b03f5f7f11d50a3a" className="FrameworkExtension.EntityFramework.Tests.UnitTests.Given_A_Generic_Repository, FrameworkExtension.EntityFramework.Tests, Version=1.0.0.0, Culture=neutral, PublicKeyToken=null" name="Should_Execute_Commands_Against_Context" />
    </UnitTest>
    <UnitTest name="When_Passing_To_A_Repository_Query_Object_Then_It_Executes_Against_Context" storage="e:\code\fun\feef\frameworkextensions\frameworkextension\frameworkextension.entityframework.tests\bin\debug\frameworkextension.entityframework.tests.dll" id="57455bae-7188-2c8b-a194-a74d75d10508">
      <Execution id="735770db-b811-46a9-ac01-8157110e5afa" />
      <TestMethod codeBase="E:/Code/Fun/FEEF/FrameworkExtensions/FrameworkExtension/FrameworkExtension.EntityFramework.Tests/bin/Debug/FrameworkExtension.EntityFramework.Tests.DLL" adapterTypeName="Microsoft.VisualStudio.TestTools.TestTypes.Unit.UnitTestAdapter, Microsoft.VisualStudio.QualityTools.Tips.UnitTest.Adapter, Version=10.0.0.0, Culture=neutral, PublicKeyToken=b03f5f7f11d50a3a" className="FrameworkExtension.EntityFramework.Tests.UnitTests.Given_A_Query_Object, FrameworkExtension.EntityFramework.Tests, Version=1.0.0.0, Culture=neutral, PublicKeyToken=null" name="When_Passing_To_A_Repository_Query_Object_Then_It_Executes_Against_Context" />
    </UnitTest>
  </TestDefinitions>
  <TestLists>
    <TestList name="Results Not in a List" id="8c84fa94-04c1-424b-9868-57a2d4851a1d" />
    <TestList name="All Loaded Results" id="19431567-8539-422a-85d7-44ee4e166bda" />
  </TestLists>
  <TestEntries>
    <TestEntry testId="04c98bcb-7f43-4fd0-d9e3-684307b00935" executionId="850efcf4-d596-46a2-b71b-636c1c83e144" testListId="8c84fa94-04c1-424b-9868-57a2d4851a1d" />
    <TestEntry testId="15210ba7-5e6e-9704-f156-0d751a1582cd" executionId="3f2e2295-4b16-4ad3-9cc2-9263b78ae6c8" testListId="8c84fa94-04c1-424b-9868-57a2d4851a1d" />
    <TestEntry testId="2fac4ceb-6ac1-9f5f-8de8-bef17d30e6b4" executionId="43abb650-d52d-4542-bc8e-99a4e8a52b3d" testListId="8c84fa94-04c1-424b-9868-57a2d4851a1d" />
    <TestEntry testId="424133e6-021b-2198-379b-fb422dd06652" executionId="5389e55f-f985-4cbc-80d4-e957f9e870fb" testListId="8c84fa94-04c1-424b-9868-57a2d4851a1d" />
    <TestEntry testId="481c50ae-fd9a-e393-7aca-20910a8525ba" executionId="18a2a3b6-96ce-4d68-823d-4012bc70bcfa" testListId="8c84fa94-04c1-424b-9868-57a2d4851a1d" />
    <TestEntry testId="57455bae-7188-2c8b-a194-a74d75d10508" executionId="735770db-b811-46a9-ac01-8157110e5afa" testListId="8c84fa94-04c1-424b-9868-57a2d4851a1d" />
    <TestEntry testId="64654868-49ec-4d75-b552-e72585c703e4" executionId="76a0fba1-ac6d-42c7-aaed-e6fedabea44f" testListId="8c84fa94-04c1-424b-9868-57a2d4851a1d" />
    <TestEntry testId="66b5f086-c77e-4d42-7937-69a45e25d7ef" executionId="08fb2bc5-0109-40ee-8241-ae291b06aab2" testListId="8c84fa94-04c1-424b-9868-57a2d4851a1d" />
    <TestEntry testId="7e96ac72-cc74-3ce4-3d24-3d18435a9ecc" executionId="e33c6f51-6327-45ed-bb48-0c0c5a7d164b" testListId="8c84fa94-04c1-424b-9868-57a2d4851a1d" />
    <TestEntry testId="851aaf34-b757-b524-fd87-751be411d4fd" executionId="be0cc006-2400-4f36-afd3-086c6fae4594" testListId="8c84fa94-04c1-424b-9868-57a2d4851a1d" />
    <TestEntry testId="9059270c-c3f6-06c3-73e1-d3f9b5f2dd1c" executionId="80299f04-8f4d-4d3b-9ebd-d9edaf5a52c2" testListId="8c84fa94-04c1-424b-9868-57a2d4851a1d" />
    <TestEntry testId="92caab00-02c8-427c-8840-bf1389d80b73" executionId="a8ae7409-1d4d-4218-9317-c4d868a49424" testListId="8c84fa94-04c1-424b-9868-57a2d4851a1d" />
    <TestEntry testId="ad3a34f3-0704-46f6-cd13-3579b2a943a1" executionId="3ec2bbad-068a-40f8-b2e9-6de4c6cafe8e" testListId="8c84fa94-04c1-424b-9868-57a2d4851a1d" />
    <TestEntry testId="b1b03218-6fcb-4991-3fa7-e84f20584d0e" executionId="7d18c675-0ba3-41fd-b8d4-361f775573ae" testListId="8c84fa94-04c1-424b-9868-57a2d4851a1d" />
    <TestEntry testId="c2946836-a5d3-a777-416a-36a2c735d7ca" executionId="78ffea2b-4cc1-49e6-9ac6-f6ad64820112" testListId="8c84fa94-04c1-424b-9868-57a2d4851a1d" />
    <TestEntry testId="ceb49c7f-92a9-9001-2559-20e598a6909b" executionId="f2ce4dd9-d222-4900-9821-33c8eee10978" testListId="8c84fa94-04c1-424b-9868-57a2d4851a1d" />
    <TestEntry testId="dd530344-e1a7-7010-d800-a37b6525b0f0" executionId="d60d4504-85a5-48b5-a4b7-4009cb4025a8" testListId="8c84fa94-04c1-424b-9868-57a2d4851a1d" />
    <TestEntry testId="e5a59bc2-9dbf-8026-989a-19f077c3d99f" executionId="a8abf65f-e028-4750-b637-4f0dd9e37cfc" testListId="8c84fa94-04c1-424b-9868-57a2d4851a1d" />
    <TestEntry testId="efaea598-1e5d-efd3-4958-2c3ac054c0af" executionId="9c9417c9-cadd-47d4-a2eb-5974c81b23b8" testListId="8c84fa94-04c1-424b-9868-57a2d4851a1d" />
  </TestEntries>
  <Results>
    <UnitTestResult executionId="850efcf4-d596-46a2-b71b-636c1c83e144" testId="04c98bcb-7f43-4fd0-d9e3-684307b00935" testName="Should_Execute_Commands_Against_Context" computerName="HOMESERVER" duration="00:00:00.2775681" startTime="2012-06-28T18:09:38.3254240-05:00" endTime="2012-06-28T18:09:39.5110261-05:00" testType="13cdc9d9-ddb5-4fa4-a97d-d965ccfc6d4b" outcome="Passed" testListId="8c84fa94-04c1-424b-9868-57a2d4851a1d" relativeResultsDirectory="850efcf4-d596-46a2-b71b-636c1c83e144">
    </UnitTestResult>
    <UnitTestResult executionId="3f2e2295-4b16-4ad3-9cc2-9263b78ae6c8" testId="15210ba7-5e6e-9704-f156-0d751a1582cd" testName="Mappings_Can_Be_Injected_instead_of_explicitly_coded_in_the_context" computerName="HOMESERVER" duration="00:00:02.8811973" startTime="2012-06-28T18:09:39.5110261-05:00" endTime="2012-06-28T18:09:42.3970311-05:00" testType="13cdc9d9-ddb5-4fa4-a97d-d965ccfc6d4b" outcome="Passed" testListId="8c84fa94-04c1-424b-9868-57a2d4851a1d" relativeResultsDirectory="3f2e2295-4b16-4ad3-9cc2-9263b78ae6c8">
    </UnitTestResult>
    <UnitTestResult executionId="43abb650-d52d-4542-bc8e-99a4e8a52b3d" testId="2fac4ceb-6ac1-9f5f-8de8-bef17d30e6b4" testName="When_Commit_Is_Called_PreSave_and_post_save_interceptors_are_Called" computerName="HOMESERVER" duration="00:00:00.0707231" startTime="2012-06-28T18:09:42.3970311-05:00" endTime="2012-06-28T18:09:42.4750313-05:00" testType="13cdc9d9-ddb5-4fa4-a97d-d965ccfc6d4b" outcome="Passed" testListId="8c84fa94-04c1-424b-9868-57a2d4851a1d" relativeResultsDirectory="43abb650-d52d-4542-bc8e-99a4e8a52b3d">
    </UnitTestResult>
    <UnitTestResult executionId="5389e55f-f985-4cbc-80d4-e957f9e870fb" testId="424133e6-021b-2198-379b-fb422dd06652" testName="When_Given_A_Contructor_It_Should_Support_Dependency_Injection" computerName="HOMESERVER" duration="00:00:00.0054719" startTime="2012-06-28T18:09:42.4906313-05:00" endTime="2012-06-28T18:09:42.5062313-05:00" testType="13cdc9d9-ddb5-4fa4-a97d-d965ccfc6d4b" outcome="Passed" testListId="8c84fa94-04c1-424b-9868-57a2d4851a1d" relativeResultsDirectory="5389e55f-f985-4cbc-80d4-e957f9e870fb">
    </UnitTestResult>
    <UnitTestResult executionId="18a2a3b6-96ce-4d68-823d-4012bc70bcfa" testId="481c50ae-fd9a-e393-7aca-20910a8525ba" testName="Should_Execute_Query_Objects" computerName="HOMESERVER" duration="00:00:00.0071435" startTime="2012-06-28T18:09:42.5062313-05:00" endTime="2012-06-28T18:09:42.5062313-05:00" testType="13cdc9d9-ddb5-4fa4-a97d-d965ccfc6d4b" outcome="Passed" testListId="8c84fa94-04c1-424b-9868-57a2d4851a1d" relativeResultsDirectory="18a2a3b6-96ce-4d68-823d-4012bc70bcfa">
    </UnitTestResult>
    <UnitTestResult executionId="735770db-b811-46a9-ac01-8157110e5afa" testId="57455bae-7188-2c8b-a194-a74d75d10508" testName="When_Passing_To_A_Repository_Query_Object_Then_It_Executes_Against_Context" computerName="HOMESERVER" duration="00:00:00.0012793" startTime="2012-06-28T18:09:42.5062313-05:00" endTime="2012-06-28T18:09:42.5218313-05:00" testType="13cdc9d9-ddb5-4fa4-a97d-d965ccfc6d4b" outcome="Passed" testListId="8c84fa94-04c1-424b-9868-57a2d4851a1d" relativeResultsDirectory="735770db-b811-46a9-ac01-8157110e5afa">
    </UnitTestResult>
    <UnitTestResult executionId="76a0fba1-ac6d-42c7-aaed-e6fedabea44f" testId="64654868-49ec-4d75-b552-e72585c703e4" testName="When_Executed_Returns_A_Single_Value" computerName="HOMESERVER" duration="00:00:00.0150564" startTime="2012-06-28T18:09:42.5218313-05:00" endTime="2012-06-28T18:09:42.5374314-05:00" testType="13cdc9d9-ddb5-4fa4-a97d-d965ccfc6d4b" outcome="Passed" testListId="8c84fa94-04c1-424b-9868-57a2d4851a1d" relativeResultsDirectory="76a0fba1-ac6d-42c7-aaed-e6fedabea44f">
    </UnitTestResult>
    <UnitTestResult executionId="08fb2bc5-0109-40ee-8241-ae291b06aab2" testId="66b5f086-c77e-4d42-7937-69a45e25d7ef" testName="When_Add_Is_Called_The_Object_Is_Added_To_The_ChangeTracker_In_An_Added_State" computerName="HOMESERVER" duration="00:00:01.1039684" startTime="2012-06-28T18:09:42.5374314-05:00" endTime="2012-06-28T18:09:43.6450333-05:00" testType="13cdc9d9-ddb5-4fa4-a97d-d965ccfc6d4b" outcome="Passed" testListId="8c84fa94-04c1-424b-9868-57a2d4851a1d" relativeResultsDirectory="08fb2bc5-0109-40ee-8241-ae291b06aab2">
    </UnitTestResult>
    <UnitTestResult executionId="e33c6f51-6327-45ed-bb48-0c0c5a7d164b" testId="7e96ac72-cc74-3ce4-3d24-3d18435a9ecc" testName="Should_Execute_Scalar_Objects_That_Return_Values" computerName="HOMESERVER" duration="00:00:00.0017107" startTime="2012-06-28T18:09:43.6450333-05:00" endTime="2012-06-28T18:09:43.6606333-05:00" testType="13cdc9d9-ddb5-4fa4-a97d-d965ccfc6d4b" outcome="Passed" testListId="8c84fa94-04c1-424b-9868-57a2d4851a1d" relativeResultsDirectory="e33c6f51-6327-45ed-bb48-0c0c5a7d164b">
    </UnitTestResult>
    <UnitTestResult executionId="be0cc006-2400-4f36-afd3-086c6fae4594" testId="851aaf34-b757-b524-fd87-751be411d4fd" testName="When_Executed_Returns_An_IEnumerable_Of_Items" computerName="HOMESERVER" duration="00:00:00.0010131" startTime="2012-06-28T18:09:43.6606333-05:00" endTime="2012-06-28T18:09:43.6606333-05:00" testType="13cdc9d9-ddb5-4fa4-a97d-d965ccfc6d4b" outcome="Passed" testListId="8c84fa94-04c1-424b-9868-57a2d4851a1d" relativeResultsDirectory="be0cc006-2400-4f36-afd3-086c6fae4594">
    </UnitTestResult>
    <UnitTestResult executionId="80299f04-8f4d-4d3b-9ebd-d9edaf5a52c2" testId="9059270c-c3f6-06c3-73e1-d3f9b5f2dd1c" testName="When_Remove_Is_Called_The_Object_Is_Added_To_The_ChangeTracker_In_A_Deleted_State" computerName="HOMESERVER" duration="00:00:00.0715922" startTime="2012-06-28T18:09:43.6606333-05:00" endTime="2012-06-28T18:09:43.7386335-05:00" testType="13cdc9d9-ddb5-4fa4-a97d-d965ccfc6d4b" outcome="Passed" testListId="8c84fa94-04c1-424b-9868-57a2d4851a1d" relativeResultsDirectory="80299f04-8f4d-4d3b-9ebd-d9edaf5a52c2">
    </UnitTestResult>
    <UnitTestResult executionId="a8ae7409-1d4d-4218-9317-c4d868a49424" testId="92caab00-02c8-427c-8840-bf1389d80b73" testName="Should_Execute_Scalar_Objects_That_Return_Objects" computerName="HOMESERVER" duration="00:00:00.0013042" startTime="2012-06-28T18:09:43.7386335-05:00" endTime="2012-06-28T18:09:43.7386335-05:00" testType="13cdc9d9-ddb5-4fa4-a97d-d965ccfc6d4b" outcome="Passed" testListId="8c84fa94-04c1-424b-9868-57a2d4851a1d" relativeResultsDirectory="a8ae7409-1d4d-4218-9317-c4d868a49424">
    </UnitTestResult>
    <UnitTestResult executionId="3ec2bbad-068a-40f8-b2e9-6de4c6cafe8e" testId="ad3a34f3-0704-46f6-cd13-3579b2a943a1" testName="When_Paging_Should_Affect_The_Base_Query_Before_It_Is_Executed" computerName="HOMESERVER" duration="00:00:00.0060915" startTime="2012-06-28T18:09:43.7386335-05:00" endTime="2012-06-28T18:09:43.7542335-05:00" testType="13cdc9d9-ddb5-4fa4-a97d-d965ccfc6d4b" outcome="Passed" testListId="8c84fa94-04c1-424b-9868-57a2d4851a1d" relativeResultsDirectory="3ec2bbad-068a-40f8-b2e9-6de4c6cafe8e">
    </UnitTestResult>
    <UnitTestResult executionId="7d18c675-0ba3-41fd-b8d4-361f775573ae" testId="b1b03218-6fcb-4991-3fa7-e84f20584d0e" testName="When_Detach_Is_Called_The_Object_Is_Added_To_The_ChangeTracker_In_A_Detached_State" computerName="HOMESERVER" duration="00:00:00.0100908" startTime="2012-06-28T18:09:43.7542335-05:00" endTime="2012-06-28T18:09:43.7698335-05:00" testType="13cdc9d9-ddb5-4fa4-a97d-d965ccfc6d4b" outcome="Passed" testListId="8c84fa94-04c1-424b-9868-57a2d4851a1d" relativeResultsDirectory="7d18c675-0ba3-41fd-b8d4-361f775573ae">
    </UnitTestResult>
    <UnitTestResult executionId="78ffea2b-4cc1-49e6-9ac6-f6ad64820112" testId="c2946836-a5d3-a777-416a-36a2c735d7ca" testName="Should_Execute_A_Query_Object_And_Pull_The_First_Object" computerName="HOMESERVER" duration="00:00:00.0011599" startTime="2012-06-28T18:09:43.7698335-05:00" endTime="2012-06-28T18:09:43.7698335-05:00" testType="13cdc9d9-ddb5-4fa4-a97d-d965ccfc6d4b" outcome="Passed" testListId="8c84fa94-04c1-424b-9868-57a2d4851a1d" relativeResultsDirectory="78ffea2b-4cc1-49e6-9ac6-f6ad64820112">
    </UnitTestResult>
    <UnitTestResult executionId="f2ce4dd9-d222-4900-9821-33c8eee10978" testId="ceb49c7f-92a9-9001-2559-20e598a6909b" testName="When_Each_Is_Called_Action_Gets_invoked_for_every_item" computerName="HOMESERVER" duration="00:00:00.0014706" startTime="2012-06-28T18:09:43.7698335-05:00" endTime="2012-06-28T18:09:43.7698335-05:00" testType="13cdc9d9-ddb5-4fa4-a97d-d965ccfc6d4b" outcome="Passed" testListId="8c84fa94-04c1-424b-9868-57a2d4851a1d" relativeResultsDirectory="f2ce4dd9-d222-4900-9821-33c8eee10978">
    </UnitTestResult>
    <UnitTestResult executionId="d60d4504-85a5-48b5-a4b7-4009cb4025a8" testId="dd530344-e1a7-7010-d800-a37b6525b0f0" testName="When_Passing_To_A_Repository_Scalar_Object_Then_It_Executes_Against_Context" computerName="HOMESERVER" duration="00:00:00.0009952" startTime="2012-06-28T18:09:43.7698335-05:00" endTime="2012-06-28T18:09:43.7854335-05:00" testType="13cdc9d9-ddb5-4fa4-a97d-d965ccfc6d4b" outcome="Passed" testListId="8c84fa94-04c1-424b-9868-57a2d4851a1d" relativeResultsDirectory="d60d4504-85a5-48b5-a4b7-4009cb4025a8">
    </UnitTestResult>
    <UnitTestResult executionId="a8abf65f-e028-4750-b637-4f0dd9e37cfc" testId="e5a59bc2-9dbf-8026-989a-19f077c3d99f" testName="When_AsQueryable_Called_A_Set_Is_Pulled_From_The_Database" computerName="HOMESERVER" duration="00:00:00.0039417" startTime="2012-06-28T18:09:43.7854335-05:00" endTime="2012-06-28T18:09:43.7854335-05:00" testType="13cdc9d9-ddb5-4fa4-a97d-d965ccfc6d4b" outcome="Passed" testListId="8c84fa94-04c1-424b-9868-57a2d4851a1d" relativeResultsDirectory="a8abf65f-e028-4750-b637-4f0dd9e37cfc">
    </UnitTestResult>
    <UnitTestResult executionId="9c9417c9-cadd-47d4-a2eb-5974c81b23b8" testId="efaea598-1e5d-efd3-4958-2c3ac054c0af" testName="When_Calling_Output_Sql_with_Context_It_Outputs_SQL" computerName="HOMESERVER" duration="00:00:00.0050438" startTime="2012-06-28T18:09:43.7854335-05:00" endTime="2012-06-28T18:09:43.8010336-05:00" testType="13cdc9d9-ddb5-4fa4-a97d-d965ccfc6d4b" outcome="Passed" testListId="8c84fa94-04c1-424b-9868-57a2d4851a1d" relativeResultsDirectory="9c9417c9-cadd-47d4-a2eb-5974c81b23b8">
    </UnitTestResult>
  </Results>
</TestRun>