<?xml version="1.0" encoding="UTF-8"?>
<TestRun id="c916193e-24c3-4f62-8a61-10aac2759f5c" name="Devlin@HOMESERVER 2012-06-18 21:16:31" runUser="HomeServer\Devlin" xmlns="http://microsoft.com/schemas/VisualStudio/TeamTest/2010">
  <TestSettings name="Local" id="6062ef42-e538-4b74-b653-f93f6850fe53">
    <Description>These are default test settings for a local test run.</Description>
    <Deployment enabled="false" runDeploymentRoot="Devlin_HOMESERVER 2012-06-18 21_16_31">
      <DeploymentItem filename="E:\Code\Fun\FEEF\FrameworkExtensions\FrameworkExtension\FrameworkExtension.Core\bin\Debug\FrameworkExtension.Core.dll" />
      <DeploymentItem filename="E:\Code\Fun\FEEF\FrameworkExtensions\FrameworkExtension\packages\RhinoMocks.3.6\lib\Rhino.Mocks.dll" />
      <DeploymentItem filename="E:\Code\Fun\FEEF\FrameworkExtensions\FrameworkExtension\packages\EntityFramework.4.3.1\lib\net40\EntityFramework.dll" />
      <DeploymentItem filename="E:\Code\Fun\FEEF\FrameworkExtensions\FrameworkExtension\MSTest.AssertionHelpers\bin\Debug\MSTest.AssertionHelpers.dll" />
    </Deployment>
    <Execution>
      <TestTypeSpecific />
      <AgentRule name="Execution Agents">
      </AgentRule>
    </Execution>
  </TestSettings>
  <Times creation="2012-06-18T21:16:31.1855461-05:00" queuing="2012-06-18T21:16:31.7471471-05:00" start="2012-06-18T21:16:31.8095472-05:00" finish="2012-06-18T21:16:35.9747544-05:00" />
  <ResultSummary outcome="Completed">
    <Counters total="19" executed="19" passed="19" error="0" failed="0" timeout="0" aborted="0" inconclusive="0" passedButRunAborted="0" notRunnable="0" notExecuted="0" disconnected="0" warning="0" completed="0" inProgress="0" pending="0" />
  </ResultSummary>
  <TestDefinitions>
    <UnitTest name="When_Add_Is_Called_The_Object_Is_Added_To_The_ChangeTracker_In_An_Added_State" storage="e:\code\fun\feef\frameworkextensions\frameworkextension\frameworkextension.core.test\bin\debug\frameworkextension.core.test.dll" id="4290956b-25e9-b527-3d9b-a7e3becf5925">
      <TestCategory>
        <TestCategoryItem TestCategory="Database" />
      </TestCategory>
      <Execution id="57d33cbd-9299-45a5-a61c-77cda15a3453" />
      <TestMethod codeBase="E:/Code/Fun/FEEF/FrameworkExtensions/FrameworkExtension/FrameworkExtension.Core.Test/bin/Debug/FrameworkExtension.Core.Test.DLL" adapterTypeName="Microsoft.VisualStudio.TestTools.TestTypes.Unit.UnitTestAdapter, Microsoft.VisualStudio.QualityTools.Tips.UnitTest.Adapter, Version=10.0.0.0, Culture=neutral, PublicKeyToken=b03f5f7f11d50a3a" className="FrameworkExtension.Core.Test.EntityFramework.IntegrationTests.Given_A_EF_Context, FrameworkExtension.Core.Test, Version=1.0.0.0, Culture=neutral, PublicKeyToken=null" name="When_Add_Is_Called_The_Object_Is_Added_To_The_ChangeTracker_In_An_Added_State" />
    </UnitTest>
    <UnitTest name="When_Executed_Returns_A_Single_Value" storage="e:\code\fun\feef\frameworkextensions\frameworkextension\frameworkextension.core.test\bin\debug\frameworkextension.core.test.dll" id="e11943d0-4863-ac56-a610-dc9d604db1e9">
      <Execution id="0d1bf943-359e-498a-ba93-1c93a976fef4" />
      <TestMethod codeBase="E:/Code/Fun/FEEF/FrameworkExtensions/FrameworkExtension/FrameworkExtension.Core.Test/bin/Debug/FrameworkExtension.Core.Test.DLL" adapterTypeName="Microsoft.VisualStudio.TestTools.TestTypes.Unit.UnitTestAdapter, Microsoft.VisualStudio.QualityTools.Tips.UnitTest.Adapter, Version=10.0.0.0, Culture=neutral, PublicKeyToken=b03f5f7f11d50a3a" className="FrameworkExtension.Core.Test.EntityFramework.UnitTests.Given_A_Scalar_Object, FrameworkExtension.Core.Test, Version=1.0.0.0, Culture=neutral, PublicKeyToken=null" name="When_Executed_Returns_A_Single_Value" />
    </UnitTest>
    <UnitTest name="When_Executed_Returns_An_IEnumerable_Of_Items" storage="e:\code\fun\feef\frameworkextensions\frameworkextension\frameworkextension.core.test\bin\debug\frameworkextension.core.test.dll" id="bcef8369-e082-2f66-dea4-37721e12332f">
      <Execution id="a82a273a-5079-4549-af98-3dd7bcd55f4e" />
      <TestMethod codeBase="E:/Code/Fun/FEEF/FrameworkExtensions/FrameworkExtension/FrameworkExtension.Core.Test/bin/Debug/FrameworkExtension.Core.Test.DLL" adapterTypeName="Microsoft.VisualStudio.TestTools.TestTypes.Unit.UnitTestAdapter, Microsoft.VisualStudio.QualityTools.Tips.UnitTest.Adapter, Version=10.0.0.0, Culture=neutral, PublicKeyToken=b03f5f7f11d50a3a" className="FrameworkExtension.Core.Test.EntityFramework.UnitTests.Given_A_Query_Object, FrameworkExtension.Core.Test, Version=1.0.0.0, Culture=neutral, PublicKeyToken=null" name="When_Executed_Returns_An_IEnumerable_Of_Items" />
    </UnitTest>
    <UnitTest name="When_Each_Is_Called_Action_Gets_invoked_for_every_item" storage="e:\code\fun\feef\frameworkextensions\frameworkextension\frameworkextension.core.test\bin\debug\frameworkextension.core.test.dll" id="bef76458-e84b-01cc-9181-5ad323c1bf2c">
      <Execution id="b0514911-4a44-4f9d-a939-8eb8b9beb2d5" />
      <TestMethod codeBase="E:/Code/Fun/FEEF/FrameworkExtensions/FrameworkExtension/FrameworkExtension.Core.Test/bin/Debug/FrameworkExtension.Core.Test.DLL" adapterTypeName="Microsoft.VisualStudio.TestTools.TestTypes.Unit.UnitTestAdapter, Microsoft.VisualStudio.QualityTools.Tips.UnitTest.Adapter, Version=10.0.0.0, Culture=neutral, PublicKeyToken=b03f5f7f11d50a3a" className="FrameworkExtension.Core.Test.EntityFramework.UnitTests.Given_A_Collection_Of_T, FrameworkExtension.Core.Test, Version=1.0.0.0, Culture=neutral, PublicKeyToken=null" name="When_Each_Is_Called_Action_Gets_invoked_for_every_item" />
    </UnitTest>
    <UnitTest name="When_Created_With_Connection_String_The_Context_Receives_That_String" storage="e:\code\fun\feef\frameworkextensions\frameworkextension\frameworkextension.core.test\bin\debug\frameworkextension.core.test.dll" id="9229e393-d40f-d1ea-8b33-37a7812d38c0">
      <Execution id="cee5215e-3474-4e6b-bbfb-7b82f5e4eb31" />
      <TestMethod codeBase="E:/Code/Fun/FEEF/FrameworkExtensions/FrameworkExtension/FrameworkExtension.Core.Test/bin/Debug/FrameworkExtension.Core.Test.DLL" adapterTypeName="Microsoft.VisualStudio.TestTools.TestTypes.Unit.UnitTestAdapter, Microsoft.VisualStudio.QualityTools.Tips.UnitTest.Adapter, Version=10.0.0.0, Culture=neutral, PublicKeyToken=b03f5f7f11d50a3a" className="FrameworkExtension.Core.Test.EntityFramework.UnitTests.Given_A_Generic_Repository, FrameworkExtension.Core.Test, Version=1.0.0.0, Culture=neutral, PublicKeyToken=null" name="When_Created_With_Connection_String_The_Context_Receives_That_String" />
    </UnitTest>
    <UnitTest name="Should_Execute_Scalar_Objects_That_Return_Objects" storage="e:\code\fun\feef\frameworkextensions\frameworkextension\frameworkextension.core.test\bin\debug\frameworkextension.core.test.dll" id="7b3dd0f4-782d-5cc7-cff4-38cecd29115e">
      <Execution id="f98e2311-f43d-413f-beca-a1e1f28e715f" />
      <TestMethod codeBase="E:/Code/Fun/FEEF/FrameworkExtensions/FrameworkExtension/FrameworkExtension.Core.Test/bin/Debug/FrameworkExtension.Core.Test.DLL" adapterTypeName="Microsoft.VisualStudio.TestTools.TestTypes.Unit.UnitTestAdapter, Microsoft.VisualStudio.QualityTools.Tips.UnitTest.Adapter, Version=10.0.0.0, Culture=neutral, PublicKeyToken=b03f5f7f11d50a3a" className="FrameworkExtension.Core.Test.EntityFramework.UnitTests.Given_A_Generic_Repository, FrameworkExtension.Core.Test, Version=1.0.0.0, Culture=neutral, PublicKeyToken=null" name="Should_Execute_Scalar_Objects_That_Return_Objects" />
    </UnitTest>
    <UnitTest name="When_Remove_Is_Called_The_Object_Is_Added_To_The_ChangeTracker_In_A_Deleted_State" storage="e:\code\fun\feef\frameworkextensions\frameworkextension\frameworkextension.core.test\bin\debug\frameworkextension.core.test.dll" id="4c4a99cf-2aed-4aee-ca3a-7604510b8de6">
      <TestCategory>
        <TestCategoryItem TestCategory="Database" />
      </TestCategory>
      <Execution id="47a324c7-9c9d-4eba-bff3-d1f95c5becb1" />
      <TestMethod codeBase="E:/Code/Fun/FEEF/FrameworkExtensions/FrameworkExtension/FrameworkExtension.Core.Test/bin/Debug/FrameworkExtension.Core.Test.DLL" adapterTypeName="Microsoft.VisualStudio.TestTools.TestTypes.Unit.UnitTestAdapter, Microsoft.VisualStudio.QualityTools.Tips.UnitTest.Adapter, Version=10.0.0.0, Culture=neutral, PublicKeyToken=b03f5f7f11d50a3a" className="FrameworkExtension.Core.Test.EntityFramework.IntegrationTests.Given_A_EF_Context, FrameworkExtension.Core.Test, Version=1.0.0.0, Culture=neutral, PublicKeyToken=null" name="When_Remove_Is_Called_The_Object_Is_Added_To_The_ChangeTracker_In_A_Deleted_State" />
    </UnitTest>
    <UnitTest name="Should_Execute_Scalar_Objects_That_Return_Values" storage="e:\code\fun\feef\frameworkextensions\frameworkextension\frameworkextension.core.test\bin\debug\frameworkextension.core.test.dll" id="43618009-67bd-3679-c879-0a49564878b8">
      <Execution id="386c4371-e685-4246-9da2-348f2e85b6d3" />
      <TestMethod codeBase="E:/Code/Fun/FEEF/FrameworkExtensions/FrameworkExtension/FrameworkExtension.Core.Test/bin/Debug/FrameworkExtension.Core.Test.DLL" adapterTypeName="Microsoft.VisualStudio.TestTools.TestTypes.Unit.UnitTestAdapter, Microsoft.VisualStudio.QualityTools.Tips.UnitTest.Adapter, Version=10.0.0.0, Culture=neutral, PublicKeyToken=b03f5f7f11d50a3a" className="FrameworkExtension.Core.Test.EntityFramework.UnitTests.Given_A_Generic_Repository, FrameworkExtension.Core.Test, Version=1.0.0.0, Culture=neutral, PublicKeyToken=null" name="Should_Execute_Scalar_Objects_That_Return_Values" />
    </UnitTest>
    <UnitTest name="Should_Execute_Query_Objects" storage="e:\code\fun\feef\frameworkextensions\frameworkextension\frameworkextension.core.test\bin\debug\frameworkextension.core.test.dll" id="d524fd53-e519-e972-a1a0-61e685bec780">
      <Execution id="1206b10f-813c-4dcb-94b2-2a3823c534dc" />
      <TestMethod codeBase="E:/Code/Fun/FEEF/FrameworkExtensions/FrameworkExtension/FrameworkExtension.Core.Test/bin/Debug/FrameworkExtension.Core.Test.DLL" adapterTypeName="Microsoft.VisualStudio.TestTools.TestTypes.Unit.UnitTestAdapter, Microsoft.VisualStudio.QualityTools.Tips.UnitTest.Adapter, Version=10.0.0.0, Culture=neutral, PublicKeyToken=b03f5f7f11d50a3a" className="FrameworkExtension.Core.Test.EntityFramework.UnitTests.Given_A_Generic_Repository, FrameworkExtension.Core.Test, Version=1.0.0.0, Culture=neutral, PublicKeyToken=null" name="Should_Execute_Query_Objects" />
    </UnitTest>
    <UnitTest name="When_Passing_To_A_Repository_Query_Object_Then_It_Executes_Against_Context" storage="e:\code\fun\feef\frameworkextensions\frameworkextension\frameworkextension.core.test\bin\debug\frameworkextension.core.test.dll" id="1d2de753-7439-f0c1-af23-1a4be928eeee">
      <Execution id="6027fd7f-f568-4662-af17-f5dc291245d4" />
      <TestMethod codeBase="E:/Code/Fun/FEEF/FrameworkExtensions/FrameworkExtension/FrameworkExtension.Core.Test/bin/Debug/FrameworkExtension.Core.Test.DLL" adapterTypeName="Microsoft.VisualStudio.TestTools.TestTypes.Unit.UnitTestAdapter, Microsoft.VisualStudio.QualityTools.Tips.UnitTest.Adapter, Version=10.0.0.0, Culture=neutral, PublicKeyToken=b03f5f7f11d50a3a" className="FrameworkExtension.Core.Test.EntityFramework.UnitTests.Given_A_Query_Object, FrameworkExtension.Core.Test, Version=1.0.0.0, Culture=neutral, PublicKeyToken=null" name="When_Passing_To_A_Repository_Query_Object_Then_It_Executes_Against_Context" />
    </UnitTest>
    <UnitTest name="Should_Execute_Commands_Against_Context" storage="e:\code\fun\feef\frameworkextensions\frameworkextension\frameworkextension.core.test\bin\debug\frameworkextension.core.test.dll" id="64a420aa-a3e3-b661-930a-e85cefacafdd">
      <Execution id="01703b1e-7514-45c0-9fc8-354b0cfd1e43" />
      <TestMethod codeBase="E:/Code/Fun/FEEF/FrameworkExtensions/FrameworkExtension/FrameworkExtension.Core.Test/bin/Debug/FrameworkExtension.Core.Test.DLL" adapterTypeName="Microsoft.VisualStudio.TestTools.TestTypes.Unit.UnitTestAdapter, Microsoft.VisualStudio.QualityTools.Tips.UnitTest.Adapter, Version=10.0.0.0, Culture=neutral, PublicKeyToken=b03f5f7f11d50a3a" className="FrameworkExtension.Core.Test.EntityFramework.UnitTests.Given_A_Generic_Repository, FrameworkExtension.Core.Test, Version=1.0.0.0, Culture=neutral, PublicKeyToken=null" name="Should_Execute_Commands_Against_Context" />
    </UnitTest>
    <UnitTest name="When_Created__It_Creates_The_Proper_Context" storage="e:\code\fun\feef\frameworkextensions\frameworkextension\frameworkextension.core.test\bin\debug\frameworkextension.core.test.dll" id="23fe6b0e-6721-bcba-eb92-39a9bf61884f">
      <Execution id="c5258e65-47ee-40d6-bb93-08cd6c7a5278" />
      <TestMethod codeBase="E:/Code/Fun/FEEF/FrameworkExtensions/FrameworkExtension/FrameworkExtension.Core.Test/bin/Debug/FrameworkExtension.Core.Test.DLL" adapterTypeName="Microsoft.VisualStudio.TestTools.TestTypes.Unit.UnitTestAdapter, Microsoft.VisualStudio.QualityTools.Tips.UnitTest.Adapter, Version=10.0.0.0, Culture=neutral, PublicKeyToken=b03f5f7f11d50a3a" className="FrameworkExtension.Core.Test.EntityFramework.UnitTests.Given_A_Generic_Repository, FrameworkExtension.Core.Test, Version=1.0.0.0, Culture=neutral, PublicKeyToken=null" name="When_Created__It_Creates_The_Proper_Context" />
    </UnitTest>
    <UnitTest name="When_Detach_Is_Called_The_Object_Is_Added_To_The_ChangeTracker_In_A_Detached_State" storage="e:\code\fun\feef\frameworkextensions\frameworkextension\frameworkextension.core.test\bin\debug\frameworkextension.core.test.dll" id="6dc80602-b0da-da99-3e41-a49a76213a9f">
      <TestCategory>
        <TestCategoryItem TestCategory="Database" />
      </TestCategory>
      <Execution id="f8176daa-b858-4c54-811a-041d12efce0d" />
      <TestMethod codeBase="E:/Code/Fun/FEEF/FrameworkExtensions/FrameworkExtension/FrameworkExtension.Core.Test/bin/Debug/FrameworkExtension.Core.Test.DLL" adapterTypeName="Microsoft.VisualStudio.TestTools.TestTypes.Unit.UnitTestAdapter, Microsoft.VisualStudio.QualityTools.Tips.UnitTest.Adapter, Version=10.0.0.0, Culture=neutral, PublicKeyToken=b03f5f7f11d50a3a" className="FrameworkExtension.Core.Test.EntityFramework.IntegrationTests.Given_A_EF_Context, FrameworkExtension.Core.Test, Version=1.0.0.0, Culture=neutral, PublicKeyToken=null" name="When_Detach_Is_Called_The_Object_Is_Added_To_The_ChangeTracker_In_A_Detached_State" />
    </UnitTest>
    <UnitTest name="When_Given_A_Contructor_It_Should_Support_Dependency_Injection" storage="e:\code\fun\feef\frameworkextensions\frameworkextension\frameworkextension.core.test\bin\debug\frameworkextension.core.test.dll" id="4e1ef91c-b76b-4220-5b6d-95918d747c59">
      <Execution id="7cba4a05-81f8-4003-a68c-58c074a61834" />
      <TestMethod codeBase="E:/Code/Fun/FEEF/FrameworkExtensions/FrameworkExtension/FrameworkExtension.Core.Test/bin/Debug/FrameworkExtension.Core.Test.DLL" adapterTypeName="Microsoft.VisualStudio.TestTools.TestTypes.Unit.UnitTestAdapter, Microsoft.VisualStudio.QualityTools.Tips.UnitTest.Adapter, Version=10.0.0.0, Culture=neutral, PublicKeyToken=b03f5f7f11d50a3a" className="FrameworkExtension.Core.Test.EntityFramework.UnitTests.Given_A_Generic_Repository, FrameworkExtension.Core.Test, Version=1.0.0.0, Culture=neutral, PublicKeyToken=null" name="When_Given_A_Contructor_It_Should_Support_Dependency_Injection" />
    </UnitTest>
    <UnitTest name="When_Given_A_Connection_String_With_A_Class_That_Doesnt_Have_A_Constructor_It_Throws" storage="e:\code\fun\feef\frameworkextensions\frameworkextension\frameworkextension.core.test\bin\debug\frameworkextension.core.test.dll" id="b6369f4e-7d7e-acbf-6dd3-6b049a3b896b">
      <Execution id="a2ede70a-c2b7-4e4e-8e0d-b6d9f419b793" />
      <TestMethod codeBase="E:/Code/Fun/FEEF/FrameworkExtensions/FrameworkExtension/FrameworkExtension.Core.Test/bin/Debug/FrameworkExtension.Core.Test.DLL" adapterTypeName="Microsoft.VisualStudio.TestTools.TestTypes.Unit.UnitTestAdapter, Microsoft.VisualStudio.QualityTools.Tips.UnitTest.Adapter, Version=10.0.0.0, Culture=neutral, PublicKeyToken=b03f5f7f11d50a3a" className="FrameworkExtension.Core.Test.EntityFramework.UnitTests.Given_A_Generic_Repository, FrameworkExtension.Core.Test, Version=1.0.0.0, Culture=neutral, PublicKeyToken=null" name="When_Given_A_Connection_String_With_A_Class_That_Doesnt_Have_A_Constructor_It_Throws" />
    </UnitTest>
    <UnitTest name="When_Passing_To_A_Repository_Scalar_Object_Then_It_Executes_Against_Context" storage="e:\code\fun\feef\frameworkextensions\frameworkextension\frameworkextension.core.test\bin\debug\frameworkextension.core.test.dll" id="54dad73b-0f2a-e865-d02d-4e5565e2569e">
      <Execution id="1957be2d-b94c-444e-b42e-de46753ca57d" />
      <TestMethod codeBase="E:/Code/Fun/FEEF/FrameworkExtensions/FrameworkExtension/FrameworkExtension.Core.Test/bin/Debug/FrameworkExtension.Core.Test.DLL" adapterTypeName="Microsoft.VisualStudio.TestTools.TestTypes.Unit.UnitTestAdapter, Microsoft.VisualStudio.QualityTools.Tips.UnitTest.Adapter, Version=10.0.0.0, Culture=neutral, PublicKeyToken=b03f5f7f11d50a3a" className="FrameworkExtension.Core.Test.EntityFramework.UnitTests.Given_A_Scalar_Object, FrameworkExtension.Core.Test, Version=1.0.0.0, Culture=neutral, PublicKeyToken=null" name="When_Passing_To_A_Repository_Scalar_Object_Then_It_Executes_Against_Context" />
    </UnitTest>
    <UnitTest name="Should_Execute_A_Query_Object_And_Pull_The_First_Object" storage="e:\code\fun\feef\frameworkextensions\frameworkextension\frameworkextension.core.test\bin\debug\frameworkextension.core.test.dll" id="cb019559-74a8-d6ba-198f-19cea1e2930b">
      <Execution id="4569c726-cb88-4591-9954-f7d5cc5f4ce5" />
      <TestMethod codeBase="E:/Code/Fun/FEEF/FrameworkExtensions/FrameworkExtension/FrameworkExtension.Core.Test/bin/Debug/FrameworkExtension.Core.Test.DLL" adapterTypeName="Microsoft.VisualStudio.TestTools.TestTypes.Unit.UnitTestAdapter, Microsoft.VisualStudio.QualityTools.Tips.UnitTest.Adapter, Version=10.0.0.0, Culture=neutral, PublicKeyToken=b03f5f7f11d50a3a" className="FrameworkExtension.Core.Test.EntityFramework.UnitTests.Given_A_Generic_Repository, FrameworkExtension.Core.Test, Version=1.0.0.0, Culture=neutral, PublicKeyToken=null" name="Should_Execute_A_Query_Object_And_Pull_The_First_Object" />
    </UnitTest>
    <UnitTest name="When_AsQueryable_Called_A_Set_Is_Pulled_From_The_Database" storage="e:\code\fun\feef\frameworkextensions\frameworkextension\frameworkextension.core.test\bin\debug\frameworkextension.core.test.dll" id="11162aa4-fcf6-16ad-1f01-357f0df48035">
      <TestCategory>
        <TestCategoryItem TestCategory="Database" />
      </TestCategory>
      <Execution id="288a7c73-5319-4158-83c7-2397bade5b22" />
      <TestMethod codeBase="E:/Code/Fun/FEEF/FrameworkExtensions/FrameworkExtension/FrameworkExtension.Core.Test/bin/Debug/FrameworkExtension.Core.Test.DLL" adapterTypeName="Microsoft.VisualStudio.TestTools.TestTypes.Unit.UnitTestAdapter, Microsoft.VisualStudio.QualityTools.Tips.UnitTest.Adapter, Version=10.0.0.0, Culture=neutral, PublicKeyToken=b03f5f7f11d50a3a" className="FrameworkExtension.Core.Test.EntityFramework.IntegrationTests.Given_A_EF_Context, FrameworkExtension.Core.Test, Version=1.0.0.0, Culture=neutral, PublicKeyToken=null" name="When_AsQueryable_Called_A_Set_Is_Pulled_From_The_Database" />
    </UnitTest>
    <UnitTest name="When_Paging_Should_Affect_The_Base_Query_Before_It_Is_Executed" storage="e:\code\fun\feef\frameworkextensions\frameworkextension\frameworkextension.core.test\bin\debug\frameworkextension.core.test.dll" id="676126cc-c510-a26a-a15c-484cd699c8b3">
      <Execution id="7166d1ae-dcba-4950-90b1-cb6699bec1d3" />
      <TestMethod codeBase="E:/Code/Fun/FEEF/FrameworkExtensions/FrameworkExtension/FrameworkExtension.Core.Test/bin/Debug/FrameworkExtension.Core.Test.DLL" adapterTypeName="Microsoft.VisualStudio.TestTools.TestTypes.Unit.UnitTestAdapter, Microsoft.VisualStudio.QualityTools.Tips.UnitTest.Adapter, Version=10.0.0.0, Culture=neutral, PublicKeyToken=b03f5f7f11d50a3a" className="FrameworkExtension.Core.Test.EntityFramework.UnitTests.Given_A_Query_Object, FrameworkExtension.Core.Test, Version=1.0.0.0, Culture=neutral, PublicKeyToken=null" name="When_Paging_Should_Affect_The_Base_Query_Before_It_Is_Executed" />
    </UnitTest>
  </TestDefinitions>
  <TestLists>
    <TestList name="Results Not in a List" id="8c84fa94-04c1-424b-9868-57a2d4851a1d" />
    <TestList name="All Loaded Results" id="19431567-8539-422a-85d7-44ee4e166bda" />
  </TestLists>
  <TestEntries>
    <TestEntry testId="11162aa4-fcf6-16ad-1f01-357f0df48035" executionId="288a7c73-5319-4158-83c7-2397bade5b22" testListId="8c84fa94-04c1-424b-9868-57a2d4851a1d" />
    <TestEntry testId="1d2de753-7439-f0c1-af23-1a4be928eeee" executionId="6027fd7f-f568-4662-af17-f5dc291245d4" testListId="8c84fa94-04c1-424b-9868-57a2d4851a1d" />
    <TestEntry testId="23fe6b0e-6721-bcba-eb92-39a9bf61884f" executionId="c5258e65-47ee-40d6-bb93-08cd6c7a5278" testListId="8c84fa94-04c1-424b-9868-57a2d4851a1d" />
    <TestEntry testId="4290956b-25e9-b527-3d9b-a7e3becf5925" executionId="57d33cbd-9299-45a5-a61c-77cda15a3453" testListId="8c84fa94-04c1-424b-9868-57a2d4851a1d" />
    <TestEntry testId="43618009-67bd-3679-c879-0a49564878b8" executionId="386c4371-e685-4246-9da2-348f2e85b6d3" testListId="8c84fa94-04c1-424b-9868-57a2d4851a1d" />
    <TestEntry testId="4c4a99cf-2aed-4aee-ca3a-7604510b8de6" executionId="47a324c7-9c9d-4eba-bff3-d1f95c5becb1" testListId="8c84fa94-04c1-424b-9868-57a2d4851a1d" />
    <TestEntry testId="4e1ef91c-b76b-4220-5b6d-95918d747c59" executionId="7cba4a05-81f8-4003-a68c-58c074a61834" testListId="8c84fa94-04c1-424b-9868-57a2d4851a1d" />
    <TestEntry testId="54dad73b-0f2a-e865-d02d-4e5565e2569e" executionId="1957be2d-b94c-444e-b42e-de46753ca57d" testListId="8c84fa94-04c1-424b-9868-57a2d4851a1d" />
    <TestEntry testId="64a420aa-a3e3-b661-930a-e85cefacafdd" executionId="01703b1e-7514-45c0-9fc8-354b0cfd1e43" testListId="8c84fa94-04c1-424b-9868-57a2d4851a1d" />
    <TestEntry testId="676126cc-c510-a26a-a15c-484cd699c8b3" executionId="7166d1ae-dcba-4950-90b1-cb6699bec1d3" testListId="8c84fa94-04c1-424b-9868-57a2d4851a1d" />
    <TestEntry testId="6dc80602-b0da-da99-3e41-a49a76213a9f" executionId="f8176daa-b858-4c54-811a-041d12efce0d" testListId="8c84fa94-04c1-424b-9868-57a2d4851a1d" />
    <TestEntry testId="7b3dd0f4-782d-5cc7-cff4-38cecd29115e" executionId="f98e2311-f43d-413f-beca-a1e1f28e715f" testListId="8c84fa94-04c1-424b-9868-57a2d4851a1d" />
    <TestEntry testId="9229e393-d40f-d1ea-8b33-37a7812d38c0" executionId="cee5215e-3474-4e6b-bbfb-7b82f5e4eb31" testListId="8c84fa94-04c1-424b-9868-57a2d4851a1d" />
    <TestEntry testId="b6369f4e-7d7e-acbf-6dd3-6b049a3b896b" executionId="a2ede70a-c2b7-4e4e-8e0d-b6d9f419b793" testListId="8c84fa94-04c1-424b-9868-57a2d4851a1d" />
    <TestEntry testId="bcef8369-e082-2f66-dea4-37721e12332f" executionId="a82a273a-5079-4549-af98-3dd7bcd55f4e" testListId="8c84fa94-04c1-424b-9868-57a2d4851a1d" />
    <TestEntry testId="bef76458-e84b-01cc-9181-5ad323c1bf2c" executionId="b0514911-4a44-4f9d-a939-8eb8b9beb2d5" testListId="8c84fa94-04c1-424b-9868-57a2d4851a1d" />
    <TestEntry testId="cb019559-74a8-d6ba-198f-19cea1e2930b" executionId="4569c726-cb88-4591-9954-f7d5cc5f4ce5" testListId="8c84fa94-04c1-424b-9868-57a2d4851a1d" />
    <TestEntry testId="d524fd53-e519-e972-a1a0-61e685bec780" executionId="1206b10f-813c-4dcb-94b2-2a3823c534dc" testListId="8c84fa94-04c1-424b-9868-57a2d4851a1d" />
    <TestEntry testId="e11943d0-4863-ac56-a610-dc9d604db1e9" executionId="0d1bf943-359e-498a-ba93-1c93a976fef4" testListId="8c84fa94-04c1-424b-9868-57a2d4851a1d" />
  </TestEntries>
  <Results>
    <UnitTestResult executionId="288a7c73-5319-4158-83c7-2397bade5b22" testId="11162aa4-fcf6-16ad-1f01-357f0df48035" testName="When_AsQueryable_Called_A_Set_Is_Pulled_From_The_Database" computerName="HOMESERVER" duration="00:00:01.9661861" startTime="2012-06-18T21:16:31.8095472-05:00" endTime="2012-06-18T21:16:34.0559511-05:00" testType="13cdc9d9-ddb5-4fa4-a97d-d965ccfc6d4b" outcome="Passed" testListId="8c84fa94-04c1-424b-9868-57a2d4851a1d" relativeResultsDirectory="288a7c73-5319-4158-83c7-2397bade5b22">
    </UnitTestResult>
    <UnitTestResult executionId="6027fd7f-f568-4662-af17-f5dc291245d4" testId="1d2de753-7439-f0c1-af23-1a4be928eeee" testName="When_Passing_To_A_Repository_Query_Object_Then_It_Executes_Against_Context" computerName="HOMESERVER" duration="00:00:00.1564948" startTime="2012-06-18T21:16:34.0559511-05:00" endTime="2012-06-18T21:16:34.2119514-05:00" testType="13cdc9d9-ddb5-4fa4-a97d-d965ccfc6d4b" outcome="Passed" testListId="8c84fa94-04c1-424b-9868-57a2d4851a1d" relativeResultsDirectory="6027fd7f-f568-4662-af17-f5dc291245d4">
    </UnitTestResult>
    <UnitTestResult executionId="c5258e65-47ee-40d6-bb93-08cd6c7a5278" testId="23fe6b0e-6721-bcba-eb92-39a9bf61884f" testName="When_Created__It_Creates_The_Proper_Context" computerName="HOMESERVER" duration="00:00:00.0011421" startTime="2012-06-18T21:16:34.2275514-05:00" endTime="2012-06-18T21:16:34.2275514-05:00" testType="13cdc9d9-ddb5-4fa4-a97d-d965ccfc6d4b" outcome="Passed" testListId="8c84fa94-04c1-424b-9868-57a2d4851a1d" relativeResultsDirectory="c5258e65-47ee-40d6-bb93-08cd6c7a5278">
    </UnitTestResult>
    <UnitTestResult executionId="57d33cbd-9299-45a5-a61c-77cda15a3453" testId="4290956b-25e9-b527-3d9b-a7e3becf5925" testName="When_Add_Is_Called_The_Object_Is_Added_To_The_ChangeTracker_In_An_Added_State" computerName="HOMESERVER" duration="00:00:00.0037974" startTime="2012-06-18T21:16:34.2275514-05:00" endTime="2012-06-18T21:16:34.2275514-05:00" testType="13cdc9d9-ddb5-4fa4-a97d-d965ccfc6d4b" outcome="Passed" testListId="8c84fa94-04c1-424b-9868-57a2d4851a1d" relativeResultsDirectory="57d33cbd-9299-45a5-a61c-77cda15a3453">
    </UnitTestResult>
    <UnitTestResult executionId="386c4371-e685-4246-9da2-348f2e85b6d3" testId="43618009-67bd-3679-c879-0a49564878b8" testName="Should_Execute_Scalar_Objects_That_Return_Values" computerName="HOMESERVER" duration="00:00:00.0045478" startTime="2012-06-18T21:16:34.2275514-05:00" endTime="2012-06-18T21:16:34.2431514-05:00" testType="13cdc9d9-ddb5-4fa4-a97d-d965ccfc6d4b" outcome="Passed" testListId="8c84fa94-04c1-424b-9868-57a2d4851a1d" relativeResultsDirectory="386c4371-e685-4246-9da2-348f2e85b6d3">
    </UnitTestResult>
    <UnitTestResult executionId="47a324c7-9c9d-4eba-bff3-d1f95c5becb1" testId="4c4a99cf-2aed-4aee-ca3a-7604510b8de6" testName="When_Remove_Is_Called_The_Object_Is_Added_To_The_ChangeTracker_In_A_Deleted_State" computerName="HOMESERVER" duration="00:00:00.0176843" startTime="2012-06-18T21:16:34.2431514-05:00" endTime="2012-06-18T21:16:34.2587515-05:00" testType="13cdc9d9-ddb5-4fa4-a97d-d965ccfc6d4b" outcome="Passed" testListId="8c84fa94-04c1-424b-9868-57a2d4851a1d" relativeResultsDirectory="47a324c7-9c9d-4eba-bff3-d1f95c5becb1">
    </UnitTestResult>
    <UnitTestResult executionId="7cba4a05-81f8-4003-a68c-58c074a61834" testId="4e1ef91c-b76b-4220-5b6d-95918d747c59" testName="When_Given_A_Contructor_It_Should_Support_Dependency_Injection" computerName="HOMESERVER" duration="00:00:00.0002758" startTime="2012-06-18T21:16:34.2587515-05:00" endTime="2012-06-18T21:16:34.2587515-05:00" testType="13cdc9d9-ddb5-4fa4-a97d-d965ccfc6d4b" outcome="Passed" testListId="8c84fa94-04c1-424b-9868-57a2d4851a1d" relativeResultsDirectory="7cba4a05-81f8-4003-a68c-58c074a61834">
    </UnitTestResult>
    <UnitTestResult executionId="1957be2d-b94c-444e-b42e-de46753ca57d" testId="54dad73b-0f2a-e865-d02d-4e5565e2569e" testName="When_Passing_To_A_Repository_Scalar_Object_Then_It_Executes_Against_Context" computerName="HOMESERVER" duration="00:00:00.0010831" startTime="2012-06-18T21:16:34.2587515-05:00" endTime="2012-06-18T21:16:34.2743515-05:00" testType="13cdc9d9-ddb5-4fa4-a97d-d965ccfc6d4b" outcome="Passed" testListId="8c84fa94-04c1-424b-9868-57a2d4851a1d" relativeResultsDirectory="1957be2d-b94c-444e-b42e-de46753ca57d">
    </UnitTestResult>
    <UnitTestResult executionId="01703b1e-7514-45c0-9fc8-354b0cfd1e43" testId="64a420aa-a3e3-b661-930a-e85cefacafdd" testName="Should_Execute_Commands_Against_Context" computerName="HOMESERVER" duration="00:00:00.0015769" startTime="2012-06-18T21:16:34.2743515-05:00" endTime="2012-06-18T21:16:34.2743515-05:00" testType="13cdc9d9-ddb5-4fa4-a97d-d965ccfc6d4b" outcome="Passed" testListId="8c84fa94-04c1-424b-9868-57a2d4851a1d" relativeResultsDirectory="01703b1e-7514-45c0-9fc8-354b0cfd1e43">
    </UnitTestResult>
    <UnitTestResult executionId="7166d1ae-dcba-4950-90b1-cb6699bec1d3" testId="676126cc-c510-a26a-a15c-484cd699c8b3" testName="When_Paging_Should_Affect_The_Base_Query_Before_It_Is_Executed" computerName="HOMESERVER" duration="00:00:00.0030436" startTime="2012-06-18T21:16:34.2743515-05:00" endTime="2012-06-18T21:16:34.2743515-05:00" testType="13cdc9d9-ddb5-4fa4-a97d-d965ccfc6d4b" outcome="Passed" testListId="8c84fa94-04c1-424b-9868-57a2d4851a1d" relativeResultsDirectory="7166d1ae-dcba-4950-90b1-cb6699bec1d3">
    </UnitTestResult>
    <UnitTestResult executionId="f8176daa-b858-4c54-811a-041d12efce0d" testId="6dc80602-b0da-da99-3e41-a49a76213a9f" testName="When_Detach_Is_Called_The_Object_Is_Added_To_The_ChangeTracker_In_A_Detached_State" computerName="HOMESERVER" duration="00:00:00.0054027" startTime="2012-06-18T21:16:34.2743515-05:00" endTime="2012-06-18T21:16:34.2899515-05:00" testType="13cdc9d9-ddb5-4fa4-a97d-d965ccfc6d4b" outcome="Passed" testListId="8c84fa94-04c1-424b-9868-57a2d4851a1d" relativeResultsDirectory="f8176daa-b858-4c54-811a-041d12efce0d">
    </UnitTestResult>
    <UnitTestResult executionId="f98e2311-f43d-413f-beca-a1e1f28e715f" testId="7b3dd0f4-782d-5cc7-cff4-38cecd29115e" testName="Should_Execute_Scalar_Objects_That_Return_Objects" computerName="HOMESERVER" duration="00:00:00.0011928" startTime="2012-06-18T21:16:34.2899515-05:00" endTime="2012-06-18T21:16:34.2899515-05:00" testType="13cdc9d9-ddb5-4fa4-a97d-d965ccfc6d4b" outcome="Passed" testListId="8c84fa94-04c1-424b-9868-57a2d4851a1d" relativeResultsDirectory="f98e2311-f43d-413f-beca-a1e1f28e715f">
    </UnitTestResult>
    <UnitTestResult executionId="cee5215e-3474-4e6b-bbfb-7b82f5e4eb31" testId="9229e393-d40f-d1ea-8b33-37a7812d38c0" testName="When_Created_With_Connection_String_The_Context_Receives_That_String" computerName="HOMESERVER" duration="00:00:00.0004742" startTime="2012-06-18T21:16:34.2899515-05:00" endTime="2012-06-18T21:16:34.2899515-05:00" testType="13cdc9d9-ddb5-4fa4-a97d-d965ccfc6d4b" outcome="Passed" testListId="8c84fa94-04c1-424b-9868-57a2d4851a1d" relativeResultsDirectory="cee5215e-3474-4e6b-bbfb-7b82f5e4eb31">
    </UnitTestResult>
    <UnitTestResult executionId="a2ede70a-c2b7-4e4e-8e0d-b6d9f419b793" testId="b6369f4e-7d7e-acbf-6dd3-6b049a3b896b" testName="When_Given_A_Connection_String_With_A_Class_That_Doesnt_Have_A_Constructor_It_Throws" computerName="HOMESERVER" duration="00:00:00.0006582" startTime="2012-06-18T21:16:34.3055515-05:00" endTime="2012-06-18T21:16:34.3055515-05:00" testType="13cdc9d9-ddb5-4fa4-a97d-d965ccfc6d4b" outcome="Passed" testListId="8c84fa94-04c1-424b-9868-57a2d4851a1d" relativeResultsDirectory="a2ede70a-c2b7-4e4e-8e0d-b6d9f419b793">
    </UnitTestResult>
    <UnitTestResult executionId="a82a273a-5079-4549-af98-3dd7bcd55f4e" testId="bcef8369-e082-2f66-dea4-37721e12332f" testName="When_Executed_Returns_An_IEnumerable_Of_Items" computerName="HOMESERVER" duration="00:00:00.0010463" startTime="2012-06-18T21:16:34.3055515-05:00" endTime="2012-06-18T21:16:34.3055515-05:00" testType="13cdc9d9-ddb5-4fa4-a97d-d965ccfc6d4b" outcome="Passed" testListId="8c84fa94-04c1-424b-9868-57a2d4851a1d" relativeResultsDirectory="a82a273a-5079-4549-af98-3dd7bcd55f4e">
    </UnitTestResult>
    <UnitTestResult executionId="b0514911-4a44-4f9d-a939-8eb8b9beb2d5" testId="bef76458-e84b-01cc-9181-5ad323c1bf2c" testName="When_Each_Is_Called_Action_Gets_invoked_for_every_item" computerName="HOMESERVER" duration="00:00:00.0013700" startTime="2012-06-18T21:16:34.3055515-05:00" endTime="2012-06-18T21:16:34.3055515-05:00" testType="13cdc9d9-ddb5-4fa4-a97d-d965ccfc6d4b" outcome="Passed" testListId="8c84fa94-04c1-424b-9868-57a2d4851a1d" relativeResultsDirectory="b0514911-4a44-4f9d-a939-8eb8b9beb2d5">
    </UnitTestResult>
    <UnitTestResult executionId="4569c726-cb88-4591-9954-f7d5cc5f4ce5" testId="cb019559-74a8-d6ba-198f-19cea1e2930b" testName="Should_Execute_A_Query_Object_And_Pull_The_First_Object" computerName="HOMESERVER" duration="00:00:00.0014221" startTime="2012-06-18T21:16:34.3055515-05:00" endTime="2012-06-18T21:16:34.3211516-05:00" testType="13cdc9d9-ddb5-4fa4-a97d-d965ccfc6d4b" outcome="Passed" testListId="8c84fa94-04c1-424b-9868-57a2d4851a1d" relativeResultsDirectory="4569c726-cb88-4591-9954-f7d5cc5f4ce5">
    </UnitTestResult>
    <UnitTestResult executionId="1206b10f-813c-4dcb-94b2-2a3823c534dc" testId="d524fd53-e519-e972-a1a0-61e685bec780" testName="Should_Execute_Query_Objects" computerName="HOMESERVER" duration="00:00:00.0011341" startTime="2012-06-18T21:16:34.3211516-05:00" endTime="2012-06-18T21:16:34.3211516-05:00" testType="13cdc9d9-ddb5-4fa4-a97d-d965ccfc6d4b" outcome="Passed" testListId="8c84fa94-04c1-424b-9868-57a2d4851a1d" relativeResultsDirectory="1206b10f-813c-4dcb-94b2-2a3823c534dc">
    </UnitTestResult>
    <UnitTestResult executionId="0d1bf943-359e-498a-ba93-1c93a976fef4" testId="e11943d0-4863-ac56-a610-dc9d604db1e9" testName="When_Executed_Returns_A_Single_Value" computerName="HOMESERVER" duration="00:00:00.0012719" startTime="2012-06-18T21:16:34.3211516-05:00" endTime="2012-06-18T21:16:34.3211516-05:00" testType="13cdc9d9-ddb5-4fa4-a97d-d965ccfc6d4b" outcome="Passed" testListId="8c84fa94-04c1-424b-9868-57a2d4851a1d" relativeResultsDirectory="0d1bf943-359e-498a-ba93-1c93a976fef4">
    </UnitTestResult>
  </Results>
</TestRun>