<?xml version="1.0" encoding="UTF-8"?>
<TestRun id="8d5d4d60-ec14-4bbf-b574-1bc0cbad705a" name="Devlin@HOMESERVER 2012-06-25 14:50:24" runUser="HomeServer\Devlin" xmlns="http://microsoft.com/schemas/VisualStudio/TeamTest/2010">
  <TestSettings name="Local" id="6062ef42-e538-4b74-b653-f93f6850fe53">
    <Description>These are default test settings for a local test run.</Description>
    <Deployment enabled="false" runDeploymentRoot="Devlin_HOMESERVER 2012-06-25 14_50_24">
      <DeploymentItem filename="E:\Code\Fun\FEEF\FrameworkExtensions\FrameworkExtension\packages\RhinoMocks.3.6.1\lib\net\Rhino.Mocks.dll" />
      <DeploymentItem filename="E:\Code\Fun\FEEF\FrameworkExtensions\FrameworkExtension\FrameworkExtension.Core\bin\Debug\FrameworkExtension.Core.dll" />
      <DeploymentItem filename="E:\Code\Fun\FEEF\FrameworkExtensions\FrameworkExtension\packages\Castle.Windsor.3.0.0.4001\lib\net40\Castle.Windsor.dll" />
      <DeploymentItem filename="E:\Code\Fun\FEEF\FrameworkExtensions\FrameworkExtension\MSTest.AssertionHelpers\bin\Debug\MSTest.AssertionHelpers.dll" />
      <DeploymentItem filename="E:\Code\Fun\FEEF\FrameworkExtensions\FrameworkExtension\packages\EntityFramework.4.3.1\lib\net40\EntityFramework.dll" />
      <DeploymentItem filename="E:\Code\Fun\FEEF\FrameworkExtensions\FrameworkExtension\packages\CommonServiceLocator.1.0\lib\NET35\Microsoft.Practices.ServiceLocation.dll" />
      <DeploymentItem filename="E:\Code\Fun\FEEF\FrameworkExtensions\FrameworkExtension\packages\CommonServiceLocator.WindsorAdapter.1.0\lib\NET35\CommonServiceLocator.WindsorAdapter.dll" />
      <DeploymentItem filename="E:\Code\Fun\FEEF\FrameworkExtensions\FrameworkExtension\packages\Castle.Core.3.0.0.4001\lib\net40-client\Castle.Core.dll" />
    </Deployment>
    <Execution>
      <TestTypeSpecific />
      <AgentRule name="Execution Agents">
      </AgentRule>
    </Execution>
  </TestSettings>
  <Times creation="2012-06-25T14:50:24.6414013-05:00" queuing="2012-06-25T14:50:27.4905643-05:00" start="2012-06-25T14:50:27.6035707-05:00" finish="2012-06-25T14:50:34.9089886-05:00" />
  <ResultSummary outcome="Failed">
    <Counters total="17" executed="17" passed="16" error="0" failed="1" timeout="0" aborted="0" inconclusive="0" passedButRunAborted="0" notRunnable="0" notExecuted="0" disconnected="0" warning="0" completed="0" inProgress="0" pending="0" />
  </ResultSummary>
  <TestDefinitions>
    <UnitTest name="When_Commit_Is_Called_PreSave_and_post_save_interceptors_are_Called" storage="e:\code\fun\feef\frameworkextensions\frameworkextension\frameworkextension.core.test\bin\debug\frameworkextension.core.test.dll" id="60836c9c-c82c-082f-3cae-9046336b87eb">
      <Execution id="4eb4a114-9f26-43dd-90b9-19ef41c42ffd" />
      <TestMethod codeBase="E:/Code/Fun/FEEF/FrameworkExtensions/FrameworkExtension/FrameworkExtension.Core.Test/bin/Debug/FrameworkExtension.Core.Test.DLL" adapterTypeName="Microsoft.VisualStudio.TestTools.TestTypes.Unit.UnitTestAdapter, Microsoft.VisualStudio.QualityTools.Tips.UnitTest.Adapter, Version=10.0.0.0, Culture=neutral, PublicKeyToken=b03f5f7f11d50a3a" className="FrameworkExtension.Core.Test.EntityFramework.UnitTests.Given_An_Event_Extendable_Context, FrameworkExtension.Core.Test, Version=1.0.0.0, Culture=neutral, PublicKeyToken=null" name="When_Commit_Is_Called_PreSave_and_post_save_interceptors_are_Called" />
    </UnitTest>
    <UnitTest name="When_Executed_Returns_A_Single_Value" storage="e:\code\fun\feef\frameworkextensions\frameworkextension\frameworkextension.core.test\bin\debug\frameworkextension.core.test.dll" id="e11943d0-4863-ac56-a610-dc9d604db1e9">
      <Execution id="aade33c7-b358-4815-a338-a6f8795efcbf" />
      <TestMethod codeBase="E:/Code/Fun/FEEF/FrameworkExtensions/FrameworkExtension/FrameworkExtension.Core.Test/bin/Debug/FrameworkExtension.Core.Test.DLL" adapterTypeName="Microsoft.VisualStudio.TestTools.TestTypes.Unit.UnitTestAdapter, Microsoft.VisualStudio.QualityTools.Tips.UnitTest.Adapter, Version=10.0.0.0, Culture=neutral, PublicKeyToken=b03f5f7f11d50a3a" className="FrameworkExtension.Core.Test.EntityFramework.UnitTests.Given_A_Scalar_Object, FrameworkExtension.Core.Test, Version=1.0.0.0, Culture=neutral, PublicKeyToken=null" name="When_Executed_Returns_A_Single_Value" />
    </UnitTest>
    <UnitTest name="When_Executed_Returns_An_IEnumerable_Of_Items" storage="e:\code\fun\feef\frameworkextensions\frameworkextension\frameworkextension.core.test\bin\debug\frameworkextension.core.test.dll" id="bcef8369-e082-2f66-dea4-37721e12332f">
      <Execution id="87f6d699-fa68-4c6d-bf15-eb67cee7fa67" />
      <TestMethod codeBase="E:/Code/Fun/FEEF/FrameworkExtensions/FrameworkExtension/FrameworkExtension.Core.Test/bin/Debug/FrameworkExtension.Core.Test.DLL" adapterTypeName="Microsoft.VisualStudio.TestTools.TestTypes.Unit.UnitTestAdapter, Microsoft.VisualStudio.QualityTools.Tips.UnitTest.Adapter, Version=10.0.0.0, Culture=neutral, PublicKeyToken=b03f5f7f11d50a3a" className="FrameworkExtension.Core.Test.EntityFramework.UnitTests.Given_A_Query_Object, FrameworkExtension.Core.Test, Version=1.0.0.0, Culture=neutral, PublicKeyToken=null" name="When_Executed_Returns_An_IEnumerable_Of_Items" />
    </UnitTest>
    <UnitTest name="When_Each_Is_Called_Action_Gets_invoked_for_every_item" storage="e:\code\fun\feef\frameworkextensions\frameworkextension\frameworkextension.core.test\bin\debug\frameworkextension.core.test.dll" id="bef76458-e84b-01cc-9181-5ad323c1bf2c">
      <Execution id="c4c88475-8685-400b-a407-c068dac3bdbc" />
      <TestMethod codeBase="E:/Code/Fun/FEEF/FrameworkExtensions/FrameworkExtension/FrameworkExtension.Core.Test/bin/Debug/FrameworkExtension.Core.Test.DLL" adapterTypeName="Microsoft.VisualStudio.TestTools.TestTypes.Unit.UnitTestAdapter, Microsoft.VisualStudio.QualityTools.Tips.UnitTest.Adapter, Version=10.0.0.0, Culture=neutral, PublicKeyToken=b03f5f7f11d50a3a" className="FrameworkExtension.Core.Test.EntityFramework.UnitTests.Given_A_Collection_Of_T, FrameworkExtension.Core.Test, Version=1.0.0.0, Culture=neutral, PublicKeyToken=null" name="When_Each_Is_Called_Action_Gets_invoked_for_every_item" />
    </UnitTest>
    <UnitTest name="When_Add_Is_Called_The_Object_Is_Added_To_The_ChangeTracker_In_An_Added_State" storage="e:\code\fun\feef\frameworkextensions\frameworkextension\frameworkextension.core.test\bin\debug\frameworkextension.core.test.dll" id="4290956b-25e9-b527-3d9b-a7e3becf5925">
      <TestCategory>
        <TestCategoryItem TestCategory="Database" />
      </TestCategory>
      <Execution id="12bfa0a6-65ed-4e53-8ce0-b0664bd1a89a" />
      <TestMethod codeBase="E:/Code/Fun/FEEF/FrameworkExtensions/FrameworkExtension/FrameworkExtension.Core.Test/bin/Debug/FrameworkExtension.Core.Test.DLL" adapterTypeName="Microsoft.VisualStudio.TestTools.TestTypes.Unit.UnitTestAdapter, Microsoft.VisualStudio.QualityTools.Tips.UnitTest.Adapter, Version=10.0.0.0, Culture=neutral, PublicKeyToken=b03f5f7f11d50a3a" className="FrameworkExtension.Core.Test.EntityFramework.IntegrationTests.Given_A_EF_Context, FrameworkExtension.Core.Test, Version=1.0.0.0, Culture=neutral, PublicKeyToken=null" name="When_Add_Is_Called_The_Object_Is_Added_To_The_ChangeTracker_In_An_Added_State" />
    </UnitTest>
    <UnitTest name="When_Remove_Is_Called_The_Object_Is_Added_To_The_ChangeTracker_In_A_Deleted_State" storage="e:\code\fun\feef\frameworkextensions\frameworkextension\frameworkextension.core.test\bin\debug\frameworkextension.core.test.dll" id="4c4a99cf-2aed-4aee-ca3a-7604510b8de6">
      <TestCategory>
        <TestCategoryItem TestCategory="Database" />
      </TestCategory>
      <Execution id="e4c4fbc6-fd27-440e-b0fd-983a9afd69c4" />
      <TestMethod codeBase="E:/Code/Fun/FEEF/FrameworkExtensions/FrameworkExtension/FrameworkExtension.Core.Test/bin/Debug/FrameworkExtension.Core.Test.DLL" adapterTypeName="Microsoft.VisualStudio.TestTools.TestTypes.Unit.UnitTestAdapter, Microsoft.VisualStudio.QualityTools.Tips.UnitTest.Adapter, Version=10.0.0.0, Culture=neutral, PublicKeyToken=b03f5f7f11d50a3a" className="FrameworkExtension.Core.Test.EntityFramework.IntegrationTests.Given_A_EF_Context, FrameworkExtension.Core.Test, Version=1.0.0.0, Culture=neutral, PublicKeyToken=null" name="When_Remove_Is_Called_The_Object_Is_Added_To_The_ChangeTracker_In_A_Deleted_State" />
    </UnitTest>
    <UnitTest name="Should_Execute_Scalar_Objects_That_Return_Values" storage="e:\code\fun\feef\frameworkextensions\frameworkextension\frameworkextension.core.test\bin\debug\frameworkextension.core.test.dll" id="43618009-67bd-3679-c879-0a49564878b8">
      <Execution id="3c24e148-ec3b-4e9a-8b0d-3c8228ab02ec" />
      <TestMethod codeBase="E:/Code/Fun/FEEF/FrameworkExtensions/FrameworkExtension/FrameworkExtension.Core.Test/bin/Debug/FrameworkExtension.Core.Test.DLL" adapterTypeName="Microsoft.VisualStudio.TestTools.TestTypes.Unit.UnitTestAdapter, Microsoft.VisualStudio.QualityTools.Tips.UnitTest.Adapter, Version=10.0.0.0, Culture=neutral, PublicKeyToken=b03f5f7f11d50a3a" className="FrameworkExtension.Core.Test.EntityFramework.UnitTests.Given_A_Generic_Repository, FrameworkExtension.Core.Test, Version=1.0.0.0, Culture=neutral, PublicKeyToken=null" name="Should_Execute_Scalar_Objects_That_Return_Values" />
    </UnitTest>
    <UnitTest name="Should_Execute_Query_Objects" storage="e:\code\fun\feef\frameworkextensions\frameworkextension\frameworkextension.core.test\bin\debug\frameworkextension.core.test.dll" id="d524fd53-e519-e972-a1a0-61e685bec780">
      <Execution id="3aa94c8c-df1e-47e0-ad1c-f1b370bfc27a" />
      <TestMethod codeBase="E:/Code/Fun/FEEF/FrameworkExtensions/FrameworkExtension/FrameworkExtension.Core.Test/bin/Debug/FrameworkExtension.Core.Test.DLL" adapterTypeName="Microsoft.VisualStudio.TestTools.TestTypes.Unit.UnitTestAdapter, Microsoft.VisualStudio.QualityTools.Tips.UnitTest.Adapter, Version=10.0.0.0, Culture=neutral, PublicKeyToken=b03f5f7f11d50a3a" className="FrameworkExtension.Core.Test.EntityFramework.UnitTests.Given_A_Generic_Repository, FrameworkExtension.Core.Test, Version=1.0.0.0, Culture=neutral, PublicKeyToken=null" name="Should_Execute_Query_Objects" />
    </UnitTest>
    <UnitTest name="Should_Execute_Scalar_Objects_That_Return_Objects" storage="e:\code\fun\feef\frameworkextensions\frameworkextension\frameworkextension.core.test\bin\debug\frameworkextension.core.test.dll" id="7b3dd0f4-782d-5cc7-cff4-38cecd29115e">
      <Execution id="00effa4e-5132-470b-8dea-9722727a9589" />
      <TestMethod codeBase="E:/Code/Fun/FEEF/FrameworkExtensions/FrameworkExtension/FrameworkExtension.Core.Test/bin/Debug/FrameworkExtension.Core.Test.DLL" adapterTypeName="Microsoft.VisualStudio.TestTools.TestTypes.Unit.UnitTestAdapter, Microsoft.VisualStudio.QualityTools.Tips.UnitTest.Adapter, Version=10.0.0.0, Culture=neutral, PublicKeyToken=b03f5f7f11d50a3a" className="FrameworkExtension.Core.Test.EntityFramework.UnitTests.Given_A_Generic_Repository, FrameworkExtension.Core.Test, Version=1.0.0.0, Culture=neutral, PublicKeyToken=null" name="Should_Execute_Scalar_Objects_That_Return_Objects" />
    </UnitTest>
    <UnitTest name="Should_Execute_Commands_Against_Context" storage="e:\code\fun\feef\frameworkextensions\frameworkextension\frameworkextension.core.test\bin\debug\frameworkextension.core.test.dll" id="64a420aa-a3e3-b661-930a-e85cefacafdd">
      <Execution id="73f6abfe-32a6-49e8-a56b-3f46bacdd8ff" />
      <TestMethod codeBase="E:/Code/Fun/FEEF/FrameworkExtensions/FrameworkExtension/FrameworkExtension.Core.Test/bin/Debug/FrameworkExtension.Core.Test.DLL" adapterTypeName="Microsoft.VisualStudio.TestTools.TestTypes.Unit.UnitTestAdapter, Microsoft.VisualStudio.QualityTools.Tips.UnitTest.Adapter, Version=10.0.0.0, Culture=neutral, PublicKeyToken=b03f5f7f11d50a3a" className="FrameworkExtension.Core.Test.EntityFramework.UnitTests.Given_A_Generic_Repository, FrameworkExtension.Core.Test, Version=1.0.0.0, Culture=neutral, PublicKeyToken=null" name="Should_Execute_Commands_Against_Context" />
    </UnitTest>
    <UnitTest name="When_Detach_Is_Called_The_Object_Is_Added_To_The_ChangeTracker_In_A_Detached_State" storage="e:\code\fun\feef\frameworkextensions\frameworkextension\frameworkextension.core.test\bin\debug\frameworkextension.core.test.dll" id="6dc80602-b0da-da99-3e41-a49a76213a9f">
      <TestCategory>
        <TestCategoryItem TestCategory="Database" />
      </TestCategory>
      <Execution id="14c13917-67e7-4c5c-b32d-bea92ae67ef1" />
      <TestMethod codeBase="E:/Code/Fun/FEEF/FrameworkExtensions/FrameworkExtension/FrameworkExtension.Core.Test/bin/Debug/FrameworkExtension.Core.Test.DLL" adapterTypeName="Microsoft.VisualStudio.TestTools.TestTypes.Unit.UnitTestAdapter, Microsoft.VisualStudio.QualityTools.Tips.UnitTest.Adapter, Version=10.0.0.0, Culture=neutral, PublicKeyToken=b03f5f7f11d50a3a" className="FrameworkExtension.Core.Test.EntityFramework.IntegrationTests.Given_A_EF_Context, FrameworkExtension.Core.Test, Version=1.0.0.0, Culture=neutral, PublicKeyToken=null" name="When_Detach_Is_Called_The_Object_Is_Added_To_The_ChangeTracker_In_A_Detached_State" />
    </UnitTest>
    <UnitTest name="When_Passing_To_A_Repository_Query_Object_Then_It_Executes_Against_Context" storage="e:\code\fun\feef\frameworkextensions\frameworkextension\frameworkextension.core.test\bin\debug\frameworkextension.core.test.dll" id="1d2de753-7439-f0c1-af23-1a4be928eeee">
      <Execution id="29ee6dcd-a6c9-4352-b610-2e95c8b386e5" />
      <TestMethod codeBase="E:/Code/Fun/FEEF/FrameworkExtensions/FrameworkExtension/FrameworkExtension.Core.Test/bin/Debug/FrameworkExtension.Core.Test.DLL" adapterTypeName="Microsoft.VisualStudio.TestTools.TestTypes.Unit.UnitTestAdapter, Microsoft.VisualStudio.QualityTools.Tips.UnitTest.Adapter, Version=10.0.0.0, Culture=neutral, PublicKeyToken=b03f5f7f11d50a3a" className="FrameworkExtension.Core.Test.EntityFramework.UnitTests.Given_A_Query_Object, FrameworkExtension.Core.Test, Version=1.0.0.0, Culture=neutral, PublicKeyToken=null" name="When_Passing_To_A_Repository_Query_Object_Then_It_Executes_Against_Context" />
    </UnitTest>
    <UnitTest name="When_Given_A_Contructor_It_Should_Support_Dependency_Injection" storage="e:\code\fun\feef\frameworkextensions\frameworkextension\frameworkextension.core.test\bin\debug\frameworkextension.core.test.dll" id="4e1ef91c-b76b-4220-5b6d-95918d747c59">
      <Execution id="414244a8-e477-4cbc-a5fd-95814363443b" />
      <TestMethod codeBase="E:/Code/Fun/FEEF/FrameworkExtensions/FrameworkExtension/FrameworkExtension.Core.Test/bin/Debug/FrameworkExtension.Core.Test.DLL" adapterTypeName="Microsoft.VisualStudio.TestTools.TestTypes.Unit.UnitTestAdapter, Microsoft.VisualStudio.QualityTools.Tips.UnitTest.Adapter, Version=10.0.0.0, Culture=neutral, PublicKeyToken=b03f5f7f11d50a3a" className="FrameworkExtension.Core.Test.EntityFramework.UnitTests.Given_A_Generic_Repository, FrameworkExtension.Core.Test, Version=1.0.0.0, Culture=neutral, PublicKeyToken=null" name="When_Given_A_Contructor_It_Should_Support_Dependency_Injection" />
    </UnitTest>
    <UnitTest name="When_Passing_To_A_Repository_Scalar_Object_Then_It_Executes_Against_Context" storage="e:\code\fun\feef\frameworkextensions\frameworkextension\frameworkextension.core.test\bin\debug\frameworkextension.core.test.dll" id="54dad73b-0f2a-e865-d02d-4e5565e2569e">
      <Execution id="80ac7697-5abc-4dd2-ba3c-3ec5c467f0c3" />
      <TestMethod codeBase="E:/Code/Fun/FEEF/FrameworkExtensions/FrameworkExtension/FrameworkExtension.Core.Test/bin/Debug/FrameworkExtension.Core.Test.DLL" adapterTypeName="Microsoft.VisualStudio.TestTools.TestTypes.Unit.UnitTestAdapter, Microsoft.VisualStudio.QualityTools.Tips.UnitTest.Adapter, Version=10.0.0.0, Culture=neutral, PublicKeyToken=b03f5f7f11d50a3a" className="FrameworkExtension.Core.Test.EntityFramework.UnitTests.Given_A_Scalar_Object, FrameworkExtension.Core.Test, Version=1.0.0.0, Culture=neutral, PublicKeyToken=null" name="When_Passing_To_A_Repository_Scalar_Object_Then_It_Executes_Against_Context" />
    </UnitTest>
    <UnitTest name="Should_Execute_A_Query_Object_And_Pull_The_First_Object" storage="e:\code\fun\feef\frameworkextensions\frameworkextension\frameworkextension.core.test\bin\debug\frameworkextension.core.test.dll" id="cb019559-74a8-d6ba-198f-19cea1e2930b">
      <Execution id="7d0f1032-9c41-478d-bc53-9a701e67c090" />
      <TestMethod codeBase="E:/Code/Fun/FEEF/FrameworkExtensions/FrameworkExtension/FrameworkExtension.Core.Test/bin/Debug/FrameworkExtension.Core.Test.DLL" adapterTypeName="Microsoft.VisualStudio.TestTools.TestTypes.Unit.UnitTestAdapter, Microsoft.VisualStudio.QualityTools.Tips.UnitTest.Adapter, Version=10.0.0.0, Culture=neutral, PublicKeyToken=b03f5f7f11d50a3a" className="FrameworkExtension.Core.Test.EntityFramework.UnitTests.Given_A_Generic_Repository, FrameworkExtension.Core.Test, Version=1.0.0.0, Culture=neutral, PublicKeyToken=null" name="Should_Execute_A_Query_Object_And_Pull_The_First_Object" />
    </UnitTest>
    <UnitTest name="When_AsQueryable_Called_A_Set_Is_Pulled_From_The_Database" storage="e:\code\fun\feef\frameworkextensions\frameworkextension\frameworkextension.core.test\bin\debug\frameworkextension.core.test.dll" id="11162aa4-fcf6-16ad-1f01-357f0df48035">
      <TestCategory>
        <TestCategoryItem TestCategory="Database" />
      </TestCategory>
      <Execution id="7467c063-3a09-4cd4-9158-c34fee19897f" />
      <TestMethod codeBase="E:/Code/Fun/FEEF/FrameworkExtensions/FrameworkExtension/FrameworkExtension.Core.Test/bin/Debug/FrameworkExtension.Core.Test.DLL" adapterTypeName="Microsoft.VisualStudio.TestTools.TestTypes.Unit.UnitTestAdapter, Microsoft.VisualStudio.QualityTools.Tips.UnitTest.Adapter, Version=10.0.0.0, Culture=neutral, PublicKeyToken=b03f5f7f11d50a3a" className="FrameworkExtension.Core.Test.EntityFramework.IntegrationTests.Given_A_EF_Context, FrameworkExtension.Core.Test, Version=1.0.0.0, Culture=neutral, PublicKeyToken=null" name="When_AsQueryable_Called_A_Set_Is_Pulled_From_The_Database" />
    </UnitTest>
    <UnitTest name="When_Paging_Should_Affect_The_Base_Query_Before_It_Is_Executed" storage="e:\code\fun\feef\frameworkextensions\frameworkextension\frameworkextension.core.test\bin\debug\frameworkextension.core.test.dll" id="676126cc-c510-a26a-a15c-484cd699c8b3">
      <Execution id="096259bb-4080-4ef7-b8ce-97873322b173" />
      <TestMethod codeBase="E:/Code/Fun/FEEF/FrameworkExtensions/FrameworkExtension/FrameworkExtension.Core.Test/bin/Debug/FrameworkExtension.Core.Test.DLL" adapterTypeName="Microsoft.VisualStudio.TestTools.TestTypes.Unit.UnitTestAdapter, Microsoft.VisualStudio.QualityTools.Tips.UnitTest.Adapter, Version=10.0.0.0, Culture=neutral, PublicKeyToken=b03f5f7f11d50a3a" className="FrameworkExtension.Core.Test.EntityFramework.UnitTests.Given_A_Query_Object, FrameworkExtension.Core.Test, Version=1.0.0.0, Culture=neutral, PublicKeyToken=null" name="When_Paging_Should_Affect_The_Base_Query_Before_It_Is_Executed" />
    </UnitTest>
  </TestDefinitions>
  <TestLists>
    <TestList name="Results Not in a List" id="8c84fa94-04c1-424b-9868-57a2d4851a1d" />
    <TestList name="All Loaded Results" id="19431567-8539-422a-85d7-44ee4e166bda" />
  </TestLists>
  <TestEntries>
    <TestEntry testId="11162aa4-fcf6-16ad-1f01-357f0df48035" executionId="7467c063-3a09-4cd4-9158-c34fee19897f" testListId="8c84fa94-04c1-424b-9868-57a2d4851a1d" />
    <TestEntry testId="1d2de753-7439-f0c1-af23-1a4be928eeee" executionId="29ee6dcd-a6c9-4352-b610-2e95c8b386e5" testListId="8c84fa94-04c1-424b-9868-57a2d4851a1d" />
    <TestEntry testId="4290956b-25e9-b527-3d9b-a7e3becf5925" executionId="12bfa0a6-65ed-4e53-8ce0-b0664bd1a89a" testListId="8c84fa94-04c1-424b-9868-57a2d4851a1d" />
    <TestEntry testId="43618009-67bd-3679-c879-0a49564878b8" executionId="3c24e148-ec3b-4e9a-8b0d-3c8228ab02ec" testListId="8c84fa94-04c1-424b-9868-57a2d4851a1d" />
    <TestEntry testId="4c4a99cf-2aed-4aee-ca3a-7604510b8de6" executionId="e4c4fbc6-fd27-440e-b0fd-983a9afd69c4" testListId="8c84fa94-04c1-424b-9868-57a2d4851a1d" />
    <TestEntry testId="4e1ef91c-b76b-4220-5b6d-95918d747c59" executionId="414244a8-e477-4cbc-a5fd-95814363443b" testListId="8c84fa94-04c1-424b-9868-57a2d4851a1d" />
    <TestEntry testId="54dad73b-0f2a-e865-d02d-4e5565e2569e" executionId="80ac7697-5abc-4dd2-ba3c-3ec5c467f0c3" testListId="8c84fa94-04c1-424b-9868-57a2d4851a1d" />
    <TestEntry testId="60836c9c-c82c-082f-3cae-9046336b87eb" executionId="4eb4a114-9f26-43dd-90b9-19ef41c42ffd" testListId="8c84fa94-04c1-424b-9868-57a2d4851a1d" />
    <TestEntry testId="64a420aa-a3e3-b661-930a-e85cefacafdd" executionId="73f6abfe-32a6-49e8-a56b-3f46bacdd8ff" testListId="8c84fa94-04c1-424b-9868-57a2d4851a1d" />
    <TestEntry testId="676126cc-c510-a26a-a15c-484cd699c8b3" executionId="096259bb-4080-4ef7-b8ce-97873322b173" testListId="8c84fa94-04c1-424b-9868-57a2d4851a1d" />
    <TestEntry testId="6dc80602-b0da-da99-3e41-a49a76213a9f" executionId="14c13917-67e7-4c5c-b32d-bea92ae67ef1" testListId="8c84fa94-04c1-424b-9868-57a2d4851a1d" />
    <TestEntry testId="7b3dd0f4-782d-5cc7-cff4-38cecd29115e" executionId="00effa4e-5132-470b-8dea-9722727a9589" testListId="8c84fa94-04c1-424b-9868-57a2d4851a1d" />
    <TestEntry testId="bcef8369-e082-2f66-dea4-37721e12332f" executionId="87f6d699-fa68-4c6d-bf15-eb67cee7fa67" testListId="8c84fa94-04c1-424b-9868-57a2d4851a1d" />
    <TestEntry testId="bef76458-e84b-01cc-9181-5ad323c1bf2c" executionId="c4c88475-8685-400b-a407-c068dac3bdbc" testListId="8c84fa94-04c1-424b-9868-57a2d4851a1d" />
    <TestEntry testId="cb019559-74a8-d6ba-198f-19cea1e2930b" executionId="7d0f1032-9c41-478d-bc53-9a701e67c090" testListId="8c84fa94-04c1-424b-9868-57a2d4851a1d" />
    <TestEntry testId="d524fd53-e519-e972-a1a0-61e685bec780" executionId="3aa94c8c-df1e-47e0-ad1c-f1b370bfc27a" testListId="8c84fa94-04c1-424b-9868-57a2d4851a1d" />
    <TestEntry testId="e11943d0-4863-ac56-a610-dc9d604db1e9" executionId="aade33c7-b358-4815-a338-a6f8795efcbf" testListId="8c84fa94-04c1-424b-9868-57a2d4851a1d" />
  </TestEntries>
  <Results>
    <UnitTestResult executionId="7467c063-3a09-4cd4-9158-c34fee19897f" testId="11162aa4-fcf6-16ad-1f01-357f0df48035" testName="When_AsQueryable_Called_A_Set_Is_Pulled_From_The_Database" computerName="HOMESERVER" duration="00:00:04.3758197" startTime="2012-06-25T14:50:27.6775750-05:00" endTime="2012-06-25T14:50:32.6838613-05:00" testType="13cdc9d9-ddb5-4fa4-a97d-d965ccfc6d4b" outcome="Passed" testListId="8c84fa94-04c1-424b-9868-57a2d4851a1d" relativeResultsDirectory="7467c063-3a09-4cd4-9158-c34fee19897f">
    </UnitTestResult>
    <UnitTestResult executionId="29ee6dcd-a6c9-4352-b610-2e95c8b386e5" testId="1d2de753-7439-f0c1-af23-1a4be928eeee" testName="When_Passing_To_A_Repository_Query_Object_Then_It_Executes_Against_Context" computerName="HOMESERVER" duration="00:00:00.2343423" startTime="2012-06-25T14:50:32.6868615-05:00" endTime="2012-06-25T14:50:32.9248751-05:00" testType="13cdc9d9-ddb5-4fa4-a97d-d965ccfc6d4b" outcome="Passed" testListId="8c84fa94-04c1-424b-9868-57a2d4851a1d" relativeResultsDirectory="29ee6dcd-a6c9-4352-b610-2e95c8b386e5">
    </UnitTestResult>
    <UnitTestResult executionId="12bfa0a6-65ed-4e53-8ce0-b0664bd1a89a" testId="4290956b-25e9-b527-3d9b-a7e3becf5925" testName="When_Add_Is_Called_The_Object_Is_Added_To_The_ChangeTracker_In_An_Added_State" computerName="HOMESERVER" duration="00:00:00.0053021" startTime="2012-06-25T14:50:32.9268752-05:00" endTime="2012-06-25T14:50:32.9348757-05:00" testType="13cdc9d9-ddb5-4fa4-a97d-d965ccfc6d4b" outcome="Passed" testListId="8c84fa94-04c1-424b-9868-57a2d4851a1d" relativeResultsDirectory="12bfa0a6-65ed-4e53-8ce0-b0664bd1a89a">
    </UnitTestResult>
    <UnitTestResult executionId="3c24e148-ec3b-4e9a-8b0d-3c8228ab02ec" testId="43618009-67bd-3679-c879-0a49564878b8" testName="Should_Execute_Scalar_Objects_That_Return_Values" computerName="HOMESERVER" duration="00:00:00.0179432" startTime="2012-06-25T14:50:32.9368758-05:00" endTime="2012-06-25T14:50:32.9568769-05:00" testType="13cdc9d9-ddb5-4fa4-a97d-d965ccfc6d4b" outcome="Passed" testListId="8c84fa94-04c1-424b-9868-57a2d4851a1d" relativeResultsDirectory="3c24e148-ec3b-4e9a-8b0d-3c8228ab02ec">
    </UnitTestResult>
    <UnitTestResult executionId="e4c4fbc6-fd27-440e-b0fd-983a9afd69c4" testId="4c4a99cf-2aed-4aee-ca3a-7604510b8de6" testName="When_Remove_Is_Called_The_Object_Is_Added_To_The_ChangeTracker_In_A_Deleted_State" computerName="HOMESERVER" duration="00:00:00.1077957" startTime="2012-06-25T14:50:32.9588770-05:00" endTime="2012-06-25T14:50:33.0688833-05:00" testType="13cdc9d9-ddb5-4fa4-a97d-d965ccfc6d4b" outcome="Passed" testListId="8c84fa94-04c1-424b-9868-57a2d4851a1d" relativeResultsDirectory="e4c4fbc6-fd27-440e-b0fd-983a9afd69c4">
    </UnitTestResult>
    <UnitTestResult executionId="414244a8-e477-4cbc-a5fd-95814363443b" testId="4e1ef91c-b76b-4220-5b6d-95918d747c59" testName="When_Given_A_Contructor_It_Should_Support_Dependency_Injection" computerName="HOMESERVER" duration="00:00:00.0006624" startTime="2012-06-25T14:50:33.0708834-05:00" endTime="2012-06-25T14:50:33.0738836-05:00" testType="13cdc9d9-ddb5-4fa4-a97d-d965ccfc6d4b" outcome="Passed" testListId="8c84fa94-04c1-424b-9868-57a2d4851a1d" relativeResultsDirectory="414244a8-e477-4cbc-a5fd-95814363443b">
    </UnitTestResult>
    <UnitTestResult executionId="80ac7697-5abc-4dd2-ba3c-3ec5c467f0c3" testId="54dad73b-0f2a-e865-d02d-4e5565e2569e" testName="When_Passing_To_A_Repository_Scalar_Object_Then_It_Executes_Against_Context" computerName="HOMESERVER" duration="00:00:00.0012348" startTime="2012-06-25T14:50:33.0758837-05:00" endTime="2012-06-25T14:50:33.0788839-05:00" testType="13cdc9d9-ddb5-4fa4-a97d-d965ccfc6d4b" outcome="Passed" testListId="8c84fa94-04c1-424b-9868-57a2d4851a1d" relativeResultsDirectory="80ac7697-5abc-4dd2-ba3c-3ec5c467f0c3">
    </UnitTestResult>
    <UnitTestResult executionId="4eb4a114-9f26-43dd-90b9-19ef41c42ffd" testId="60836c9c-c82c-082f-3cae-9046336b87eb" testName="When_Commit_Is_Called_PreSave_and_post_save_interceptors_are_Called" computerName="HOMESERVER" duration="00:00:00.2025432" startTime="2012-06-25T14:50:33.0808840-05:00" endTime="2012-06-25T14:50:33.2858957-05:00" testType="13cdc9d9-ddb5-4fa4-a97d-d965ccfc6d4b" outcome="Failed" testListId="8c84fa94-04c1-424b-9868-57a2d4851a1d" relativeResultsDirectory="4eb4a114-9f26-43dd-90b9-19ef41c42ffd">
      <Output>
        <ErrorInfo>
          <Message>Test method FrameworkExtension.Core.Test.EntityFramework.UnitTests.Given_An_Event_Extendable_Context.When_Commit_Is_Called_PreSave_and_post_save_interceptors_are_Called threw exception: 
Rhino.Mocks.Exceptions.ExpectationViolationException: IInterceptor`1.Execute(FrameworkExtension.Core.Repositories.EntityFrameworkRepository, FrameworkExtension.Core.Interceptors.Events.PostSaveEventArgs); Expected #1, Actual #0.</Message>
          <StackTrace>    at Rhino.Mocks.Impl.ReplayMockState.Verify()
   at Rhino.Mocks.MockRepository.Verify(Object obj)
   at Rhino.Mocks.RhinoMocksExtensions.VerifyAllExpectations(Object mockObject)
   at FrameworkExtension.Core.Test.EntityFramework.UnitTests.Given_An_Event_Extendable_Context.When_Commit_Is_Called_PreSave_and_post_save_interceptors_are_Called() in E:\Code\Fun\FEEF\FrameworkExtensions\FrameworkExtension\FrameworkExtension.Core.Test\EntityFramework\UnitTests\Given_An_Event_Extendable_Context.cs:line 46
</StackTrace>
        </ErrorInfo>
      </Output>
    </UnitTestResult>
    <UnitTestResult executionId="73f6abfe-32a6-49e8-a56b-3f46bacdd8ff" testId="64a420aa-a3e3-b661-930a-e85cefacafdd" testName="Should_Execute_Commands_Against_Context" computerName="HOMESERVER" duration="00:00:00.0021184" startTime="2012-06-25T14:50:33.2878958-05:00" endTime="2012-06-25T14:50:33.2918961-05:00" testType="13cdc9d9-ddb5-4fa4-a97d-d965ccfc6d4b" outcome="Passed" testListId="8c84fa94-04c1-424b-9868-57a2d4851a1d" relativeResultsDirectory="73f6abfe-32a6-49e8-a56b-3f46bacdd8ff">
    </UnitTestResult>
    <UnitTestResult executionId="096259bb-4080-4ef7-b8ce-97873322b173" testId="676126cc-c510-a26a-a15c-484cd699c8b3" testName="When_Paging_Should_Affect_The_Base_Query_Before_It_Is_Executed" computerName="HOMESERVER" duration="00:00:00.0072201" startTime="2012-06-25T14:50:33.2938962-05:00" endTime="2012-06-25T14:50:33.3028967-05:00" testType="13cdc9d9-ddb5-4fa4-a97d-d965ccfc6d4b" outcome="Passed" testListId="8c84fa94-04c1-424b-9868-57a2d4851a1d" relativeResultsDirectory="096259bb-4080-4ef7-b8ce-97873322b173">
    </UnitTestResult>
    <UnitTestResult executionId="14c13917-67e7-4c5c-b32d-bea92ae67ef1" testId="6dc80602-b0da-da99-3e41-a49a76213a9f" testName="When_Detach_Is_Called_The_Object_Is_Added_To_The_ChangeTracker_In_A_Detached_State" computerName="HOMESERVER" duration="00:00:00.0106819" startTime="2012-06-25T14:50:33.3048968-05:00" endTime="2012-06-25T14:50:33.3178976-05:00" testType="13cdc9d9-ddb5-4fa4-a97d-d965ccfc6d4b" outcome="Passed" testListId="8c84fa94-04c1-424b-9868-57a2d4851a1d" relativeResultsDirectory="14c13917-67e7-4c5c-b32d-bea92ae67ef1">
    </UnitTestResult>
    <UnitTestResult executionId="00effa4e-5132-470b-8dea-9722727a9589" testId="7b3dd0f4-782d-5cc7-cff4-38cecd29115e" testName="Should_Execute_Scalar_Objects_That_Return_Objects" computerName="HOMESERVER" duration="00:00:00.0015341" startTime="2012-06-25T14:50:33.3198977-05:00" endTime="2012-06-25T14:50:33.3238979-05:00" testType="13cdc9d9-ddb5-4fa4-a97d-d965ccfc6d4b" outcome="Passed" testListId="8c84fa94-04c1-424b-9868-57a2d4851a1d" relativeResultsDirectory="00effa4e-5132-470b-8dea-9722727a9589">
    </UnitTestResult>
    <UnitTestResult executionId="87f6d699-fa68-4c6d-bf15-eb67cee7fa67" testId="bcef8369-e082-2f66-dea4-37721e12332f" testName="When_Executed_Returns_An_IEnumerable_Of_Items" computerName="HOMESERVER" duration="00:00:00.0014386" startTime="2012-06-25T14:50:33.3248980-05:00" endTime="2012-06-25T14:50:33.3288982-05:00" testType="13cdc9d9-ddb5-4fa4-a97d-d965ccfc6d4b" outcome="Passed" testListId="8c84fa94-04c1-424b-9868-57a2d4851a1d" relativeResultsDirectory="87f6d699-fa68-4c6d-bf15-eb67cee7fa67">
    </UnitTestResult>
    <UnitTestResult executionId="c4c88475-8685-400b-a407-c068dac3bdbc" testId="bef76458-e84b-01cc-9181-5ad323c1bf2c" testName="When_Each_Is_Called_Action_Gets_invoked_for_every_item" computerName="HOMESERVER" duration="00:00:00.0017093" startTime="2012-06-25T14:50:33.3308983-05:00" endTime="2012-06-25T14:50:33.3348985-05:00" testType="13cdc9d9-ddb5-4fa4-a97d-d965ccfc6d4b" outcome="Passed" testListId="8c84fa94-04c1-424b-9868-57a2d4851a1d" relativeResultsDirectory="c4c88475-8685-400b-a407-c068dac3bdbc">
    </UnitTestResult>
    <UnitTestResult executionId="7d0f1032-9c41-478d-bc53-9a701e67c090" testId="cb019559-74a8-d6ba-198f-19cea1e2930b" testName="Should_Execute_A_Query_Object_And_Pull_The_First_Object" computerName="HOMESERVER" duration="00:00:00.0022743" startTime="2012-06-25T14:50:33.3358986-05:00" endTime="2012-06-25T14:50:33.3408989-05:00" testType="13cdc9d9-ddb5-4fa4-a97d-d965ccfc6d4b" outcome="Passed" testListId="8c84fa94-04c1-424b-9868-57a2d4851a1d" relativeResultsDirectory="7d0f1032-9c41-478d-bc53-9a701e67c090">
    </UnitTestResult>
    <UnitTestResult executionId="3aa94c8c-df1e-47e0-ad1c-f1b370bfc27a" testId="d524fd53-e519-e972-a1a0-61e685bec780" testName="Should_Execute_Query_Objects" computerName="HOMESERVER" duration="00:00:00.0013031" startTime="2012-06-25T14:50:33.3428990-05:00" endTime="2012-06-25T14:50:33.3458992-05:00" testType="13cdc9d9-ddb5-4fa4-a97d-d965ccfc6d4b" outcome="Passed" testListId="8c84fa94-04c1-424b-9868-57a2d4851a1d" relativeResultsDirectory="3aa94c8c-df1e-47e0-ad1c-f1b370bfc27a">
    </UnitTestResult>
    <UnitTestResult executionId="aade33c7-b358-4815-a338-a6f8795efcbf" testId="e11943d0-4863-ac56-a610-dc9d604db1e9" testName="When_Executed_Returns_A_Single_Value" computerName="HOMESERVER" duration="00:00:00.0013847" startTime="2012-06-25T14:50:33.3468992-05:00" endTime="2012-06-25T14:50:33.3508995-05:00" testType="13cdc9d9-ddb5-4fa4-a97d-d965ccfc6d4b" outcome="Passed" testListId="8c84fa94-04c1-424b-9868-57a2d4851a1d" relativeResultsDirectory="aade33c7-b358-4815-a338-a6f8795efcbf">
    </UnitTestResult>
  </Results>
</TestRun>